172.27.113.173 - - [13/Dec/2021:17:12:38 +0000] "GET /ges/newFactura.do?nis=2595646&vigente=1 HTTP/1.1" 200 8479
172.27.113.173 - - [13/Dec/2021:17:12:38 +0000] "GET /ges/newFactura_1.do?action=newFactura_1&id_suministro=109494 HTTP/1.1" 200 13439
172.27.113.173 - - [13/Dec/2021:17:12:54 +0000] "POST /ges/newFactura_2.do HTTP/1.1" 200 10547
172.27.113.173 - - [13/Dec/2021:17:13:00 +0000] "POST /ges/newFactura_3.do HTTP/1.1" 200 23054
172.27.180.24 - - [13/Dec/2021:17:13:27 +0000] "POST /ges/newFactura_4.do HTTP/1.1" 200 28672
172.27.180.24 - - [13/Dec/2021:17:13:35 +0000] "POST /ges/newFactura_4.do HTTP/1.1" 200 29714
172.27.113.173 - - [13/Dec/2021:17:15:19 +0000] "GET /ges/newFactura.do HTTP/1.1" 200 8033
172.27.113.173 - - [13/Dec/2021:17:15:22 +0000] "GET /ges/newFactura.do?nis=2595646&vigente=1 HTTP/1.1" 200 8479
172.27.113.173 - - [13/Dec/2021:17:15:23 +0000] "GET /ges/newFactura_1.do?action=newFactura_1&id_suministro=109494 HTTP/1.1" 200 13439
172.27.113.173 - - [13/Dec/2021:17:15:30 +0000] "POST /ges/newFactura_2.do HTTP/1.1" 200 10547
172.27.180.24 - - [13/Dec/2021:17:15:34 +0000] "POST /ges/newFactura_4.do HTTP/1.1" 200 30170
172.27.113.173 - - [13/Dec/2021:17:15:36 +0000] "POST /ges/newFactura_3.do HTTP/1.1" 200 23054
172.27.113.173 - - [13/Dec/2021:17:15:44 +0000] "POST /ges/newFactura_4.do HTTP/1.1" 200 29275
172.27.180.24 - - [13/Dec/2021:17:15:51 +0000] "POST /ges/newFactura_4.do HTTP/1.1" 200 31211
172.27.180.81 - - [13/Dec/2021:17:15:55 +0000] "GET /ges/showSuministro.do?id_suministro=8413 HTTP/1.1" 200 304805
172.27.113.173 - - [13/Dec/2021:17:15:55 +0000] "POST /ges/newFactura_4.do HTTP/1.1" 200 29275
172.27.180.81 - - [13/Dec/2021:17:15:56 +0000] "GET /ges/validation.js HTTP/1.1" 404 1032
172.27.180.81 - - [13/Dec/2021:17:15:56 +0000] "GET /ges/popcalendar.js HTTP/1.1" 404 1033
172.27.180.81 - - [13/Dec/2021:17:15:56 +0000] "GET /ges/validation.js HTTP/1.1" 404 1032
172.27.113.173 - - [13/Dec/2021:17:16:01 +0000] "GET /ges/newFactura.do HTTP/1.1" 200 8033
172.27.113.173 - - [13/Dec/2021:17:16:06 +0000] "GET /ges/newFactura.do?nis=2595646&vigente=1 HTTP/1.1" 200 8479
172.27.113.173 - - [13/Dec/2021:17:16:06 +0000] "GET /ges/newFactura_1.do?action=newFactura_1&id_suministro=109494 HTTP/1.1" 200 13439
172.27.180.24 - - [13/Dec/2021:17:16:13 +0000] "POST /ges/newFactura_4.do HTTP/1.1" 200 30170
172.27.113.173 - - [13/Dec/2021:17:16:25 +0000] "POST /ges/newFactura_2.do HTTP/1.1" 200 10547
172.27.180.24 - - [13/Dec/2021:17:16:27 +0000] "POST /ges/newFactura_4.do HTTP/1.1" 200 31211
172.27.113.173 - - [13/Dec/2021:17:16:52 +0000] "GET /ges/newFactura.do HTTP/1.1" 200 8033
172.27.113.173 - - [13/Dec/2021:17:16:58 +0000] "GET /ges/newFactura.do?nis=871389&vigente=1 HTTP/1.1" 200 8033
172.27.180.24 - - [13/Dec/2021:17:17:29 +0000] "POST /ges/newFactura_4.do HTTP/1.1" 200 7836
172.27.180.24 - - [13/Dec/2021:17:17:30 +0000] "POST /ges/newFactura.do HTTP/1.1" 200 8033
172.27.113.173 - - [13/Dec/2021:17:17:31 +0000] "GET /ges/newFactura.do?nis=2595646&vigente=1 HTTP/1.1" 200 8479
172.27.113.173 - - [13/Dec/2021:17:17:31 +0000] "GET /ges/newFactura_1.do?action=newFactura_1&id_suministro=109494 HTTP/1.1" 200 13439
172.27.180.24 - - [13/Dec/2021:17:17:34 +0000] "GET /ges/newFactura.do?nis=4649&vigente=1 HTTP/1.1" 200 8462
172.27.180.24 - - [13/Dec/2021:17:17:34 +0000] "GET /ges/newFactura_1.do?action=newFactura_1&id_suministro=109491 HTTP/1.1" 200 13838
172.27.180.24 - - [13/Dec/2021:17:17:39 +0000] "GET /ges/showSuministro.do?id_suministro=109491 HTTP/1.1" 200 36981
172.27.180.24 - - [13/Dec/2021:17:17:39 +0000] "GET /ges/validation.js HTTP/1.1" 404 1032
172.27.180.24 - - [13/Dec/2021:17:17:39 +0000] "GET /ges/popcalendar.js HTTP/1.1" 404 1033
172.27.180.24 - - [13/Dec/2021:17:17:39 +0000] "GET /ges/validation.js HTTP/1.1" 404 1032
172.27.180.24 - - [13/Dec/2021:17:17:43 +0000] "GET /ges/showFactura.do?idSuministro=109491&anio=2021&mes=12 HTTP/1.1" 200 17692
172.27.113.173 - - [13/Dec/2021:17:17:49 +0000] "POST /ges/newFactura_2.do HTTP/1.1" 200 10547
172.27.180.24 - - [13/Dec/2021:17:17:54 +0000] "GET /ges/showFacturas.do HTTP/1.1" 200 23419
172.27.113.173 - - [13/Dec/2021:17:17:58 +0000] "GET /ges/showSuministro.do?id_suministro=109494 HTTP/1.1" 200 30889
172.27.113.173 - - [13/Dec/2021:17:17:58 +0000] "GET /ges/popcalendar.js HTTP/1.1" 404 1033
172.27.113.173 - - [13/Dec/2021:17:17:58 +0000] "GET /ges/validation.js HTTP/1.1" 404 1032
172.27.180.24 - - [13/Dec/2021:17:17:58 +0000] "POST /ges/showFacturas.do HTTP/1.1" 200 27667
172.27.113.173 - - [13/Dec/2021:17:18:01 +0000] "GET /ges/showFactura.do?idSuministro=109494&anio=2021&mes=10 HTTP/1.1" 200 16505
172.27.180.24 - - [13/Dec/2021:17:18:03 +0000] "GET /ges/removeFactura.do?id_factura=1340941 HTTP/1.1" 200 23556
172.27.180.24 - - [13/Dec/2021:17:18:04 +0000] "GET /ges/newFactura.do HTTP/1.1" 200 8033
172.27.113.173 - - [13/Dec/2021:17:18:16 +0000] "GET /ges/showFactura.do?idSuministro=109494&anio=2021&mes=9 HTTP/1.1" 200 16674
172.27.113.173 - - [13/Dec/2021:17:18:20 +0000] "GET /ges/showFactura.do?idSuministro=109494&anio=2021&mes=8 HTTP/1.1" 200 16676
172.27.113.173 - - [13/Dec/2021:17:18:24 +0000] "GET /ges/showFactura.do?idSuministro=109494&anio=2021&mes=7 HTTP/1.1" 200 18508
172.27.113.173 - - [13/Dec/2021:17:18:31 +0000] "GET /ges/newFactura.do HTTP/1.1" 200 8033
172.27.180.24 - - [13/Dec/2021:17:18:43 +0000] "GET /ges/newFactura.do?nis=4649&vigente=1 HTTP/1.1" 200 8462
172.27.180.24 - - [13/Dec/2021:17:18:43 +0000] "GET /ges/newFactura_1.do?action=newFactura_1&id_suministro=109491 HTTP/1.1" 200 13838
172.27.180.24 - - [13/Dec/2021:17:18:57 +0000] "POST /ges/newFactura_2.do HTTP/1.1" 200 10503
172.27.180.24 - - [13/Dec/2021:17:19:12 +0000] "POST /ges/newFactura_3.do HTTP/1.1" 200 24930
172.27.180.24 - - [13/Dec/2021:17:19:16 +0000] "POST /ges/newFactura_4.do HTTP/1.1" 200 28672
172.27.180.24 - - [13/Dec/2021:17:19:23 +0000] "POST /ges/newFactura_4.do HTTP/1.1" 200 29714
172.27.180.24 - - [13/Dec/2021:17:24:22 +0000] "POST /ges/newFactura_4.do HTTP/1.1" 200 30170
172.27.180.24 - - [13/Dec/2021:17:24:33 +0000] "POST /ges/newFactura_4.do HTTP/1.1" 200 31211
172.27.113.173 - - [13/Dec/2021:17:25:26 +0000] "GET /ges/newFactura.do?nis=2595646&vigente=1 HTTP/1.1" 200 8479
172.27.113.173 - - [13/Dec/2021:17:25:26 +0000] "GET /ges/newFactura_1.do?action=newFactura_1&id_suministro=109494 HTTP/1.1" 200 13439
172.27.113.173 - - [13/Dec/2021:17:25:38 +0000] "POST /ges/newFactura_2.do HTTP/1.1" 200 10547
172.27.180.24 - - [13/Dec/2021:17:26:01 +0000] "POST /ges/newFactura_4.do HTTP/1.1" 200 7836
172.27.180.24 - - [13/Dec/2021:17:26:02 +0000] "POST /ges/newFactura.do HTTP/1.1" 200 8033
172.27.180.24 - - [13/Dec/2021:17:26:08 +0000] "GET /ges/newFactura.do?nis=4649&vigente=1 HTTP/1.1" 200 8462
172.27.180.24 - - [13/Dec/2021:17:26:08 +0000] "GET /ges/newFactura_1.do?action=newFactura_1&id_suministro=109491 HTTP/1.1" 200 13838
172.27.113.173 - - [13/Dec/2021:17:26:10 +0000] "POST /ges/newFactura_2.do HTTP/1.1" 200 10547
172.27.113.173 - - [13/Dec/2021:17:26:19 +0000] "POST /ges/newFactura_3.do HTTP/1.1" 200 23054
172.27.180.24 - - [13/Dec/2021:17:26:24 +0000] "POST /ges/newFactura_2.do HTTP/1.1" 200 10503
172.27.113.173 - - [13/Dec/2021:17:26:28 +0000] "POST /ges/newFactura_4.do HTTP/1.1" 200 29275
172.27.113.173 - - [13/Dec/2021:17:26:34 +0000] "POST /ges/newFactura_4.do HTTP/1.1" 200 7836
172.27.113.173 - - [13/Dec/2021:17:26:35 +0000] "POST /ges/newFactura.do HTTP/1.1" 200 8033
172.27.180.24 - - [13/Dec/2021:17:26:36 +0000] "POST /ges/newFactura_3.do HTTP/1.1" 200 24930
172.27.113.173 - - [13/Dec/2021:17:26:43 +0000] "GET /ges/newFactura.do?nis=2595647&vigente=1 HTTP/1.1" 200 8479
172.27.113.173 - - [13/Dec/2021:17:26:43 +0000] "GET /ges/newFactura_1.do?action=newFactura_1&id_suministro=109495 HTTP/1.1" 200 13439
172.27.113.173 - - [13/Dec/2021:17:26:56 +0000] "POST /ges/newFactura_2.do HTTP/1.1" 200 13548
172.27.113.173 - - [13/Dec/2021:17:26:59 +0000] "GET /ges/newFactura.do HTTP/1.1" 200 8033
172.27.180.24 - - [13/Dec/2021:17:27:15 +0000] "POST /ges/newFactura_4.do HTTP/1.1" 200 30171
172.27.113.173 - - [13/Dec/2021:17:27:37 +0000] "GET /ges/newFactura.do?nis=2595646&vigente=1 HTTP/1.1" 200 8479
172.27.113.173 - - [13/Dec/2021:17:27:37 +0000] "GET /ges/newFactura_1.do?action=newFactura_1&id_suministro=109494 HTTP/1.1" 200 13439
172.27.113.173 - - [13/Dec/2021:17:27:43 +0000] "POST /ges/newFactura_2.do HTTP/1.1" 200 10547
172.27.113.173 - - [13/Dec/2021:17:27:46 +0000] "GET /ges/showSuministro.do?id_suministro=109494 HTTP/1.1" 200 31325
172.27.113.173 - - [13/Dec/2021:17:27:46 +0000] "GET /ges/popcalendar.js HTTP/1.1" 404 1033
172.27.113.173 - - [13/Dec/2021:17:27:46 +0000] "GET /ges/validation.js HTTP/1.1" 404 1032
172.27.113.173 - - [13/Dec/2021:17:27:46 +0000] "GET /ges/popcalendar.js HTTP/1.1" 404 1033
172.27.113.173 - - [13/Dec/2021:17:27:46 +0000] "GET /ges/validation.js HTTP/1.1" 404 1032
172.27.113.173 - - [13/Dec/2021:17:27:49 +0000] "GET /ges/showFactura.do?idSuministro=109494&anio=2021&mes=6 HTTP/1.1" 200 17306
172.27.113.173 - - [13/Dec/2021:17:27:53 +0000] "GET /ges/newFactura.do HTTP/1.1" 200 8033
172.27.180.84 - - [13/Dec/2021:17:28:35 +0000] "GET /ges/validation.js HTTP/1.1" 404 1032
172.27.180.84 - - [13/Dec/2021:17:28:35 +0000] "GET /ges/popcalendar.js HTTP/1.1" 404 1033
172.27.180.84 - - [13/Dec/2021:17:28:35 +0000] "GET /ges/popcalendar.js HTTP/1.1" 404 1033
172.27.180.84 - - [13/Dec/2021:17:28:35 +0000] "GET /ges/validation.js HTTP/1.1" 404 1032
172.27.113.173 - - [13/Dec/2021:17:28:41 +0000] "GET /ges/newFactura.do?nis=2595646&vigente=1 HTTP/1.1" 200 8479
172.27.113.173 - - [13/Dec/2021:17:28:41 +0000] "GET /ges/newFactura_1.do?action=newFactura_1&id_suministro=109494 HTTP/1.1" 200 13439
172.27.113.173 - - [13/Dec/2021:17:28:44 +0000] "POST /ges/newFactura_2.do HTTP/1.1" 200 13548
172.27.113.173 - - [13/Dec/2021:17:28:47 +0000] "GET /ges/newFactura.do HTTP/1.1" 200 8033
172.27.113.173 - - [13/Dec/2021:17:29:32 +0000] "GET /ges/newFactura.do?nis=2595647&vigente=1 HTTP/1.1" 200 8479
172.27.113.173 - - [13/Dec/2021:17:29:32 +0000] "GET /ges/newFactura_1.do?action=newFactura_1&id_suministro=109495 HTTP/1.1" 200 13439
172.27.113.173 - - [13/Dec/2021:17:29:38 +0000] "POST /ges/newFactura_2.do HTTP/1.1" 200 13548
172.27.113.173 - - [13/Dec/2021:17:29:48 +0000] "GET /ges/showImputaciones.do HTTP/1.1" 200 11976
172.27.113.173 - - [13/Dec/2021:17:29:52 +0000] "POST /ges/showImputaciones.do HTTP/1.1" 200 15080
172.27.113.173 - - [13/Dec/2021:17:30:36 +0000] "GET /ges/newFactura.do HTTP/1.1" 200 8033
172.27.113.173 - - [13/Dec/2021:17:30:39 +0000] "GET /ges/newFactura.do?nis=2595647&vigente=1 HTTP/1.1" 200 8479
172.27.113.173 - - [13/Dec/2021:17:30:39 +0000] "GET /ges/newFactura_1.do?action=newFactura_1&id_suministro=109495 HTTP/1.1" 200 13439
172.27.113.173 - - [13/Dec/2021:17:30:42 +0000] "POST /ges/newFactura_2.do HTTP/1.1" 200 13548
172.27.113.173 - - [13/Dec/2021:17:30:43 +0000] "GET /ges/newFactura.do HTTP/1.1" 200 8033
172.27.113.173 - - [13/Dec/2021:17:30:50 +0000] "GET /ges/newFactura.do?nis=2595647&vigente=1 HTTP/1.1" 200 8479
172.27.113.173 - - [13/Dec/2021:17:30:50 +0000] "GET /ges/newFactura_1.do?action=newFactura_1&id_suministro=109495 HTTP/1.1" 200 13439
172.27.113.173 - - [13/Dec/2021:17:30:59 +0000] "POST /ges/newFactura_2.do HTTP/1.1" 200 13587
172.27.113.173 - - [13/Dec/2021:17:31:03 +0000] "POST /ges/newFactura_2.do HTTP/1.1" 200 10547
172.27.113.173 - - [13/Dec/2021:17:31:10 +0000] "POST /ges/newFactura_3.do HTTP/1.1" 200 23052
172.27.113.173 - - [13/Dec/2021:17:31:19 +0000] "POST /ges/newFactura_4.do HTTP/1.1" 200 31087
172.27.113.173 - - [13/Dec/2021:17:31:40 +0000] "GET /ges/newFactura.do HTTP/1.1" 200 8033
172.27.113.173 - - [13/Dec/2021:17:31:43 +0000] "GET /ges/newFactura.do?nis=2595647&vigente=1 HTTP/1.1" 200 8479
172.27.113.173 - - [13/Dec/2021:17:31:43 +0000] "GET /ges/newFactura_1.do?action=newFactura_1&id_suministro=109495 HTTP/1.1" 200 13439
172.27.113.173 - - [13/Dec/2021:17:31:49 +0000] "POST /ges/newFactura_2.do HTTP/1.1" 200 10547
172.27.113.173 - - [13/Dec/2021:17:32:03 +0000] "POST /ges/newFactura_2.do HTTP/1.1" 200 10547
172.27.113.173 - - [13/Dec/2021:17:32:11 +0000] "POST /ges/newFactura_3.do HTTP/1.1" 200 23052
172.27.113.173 - - [13/Dec/2021:17:32:27 +0000] "POST /ges/newFactura_4.do HTTP/1.1" 200 31087
172.27.113.173 - - [13/Dec/2021:17:32:43 +0000] "POST /ges/newFactura_4.do HTTP/1.1" 200 7836
172.27.113.173 - - [13/Dec/2021:17:32:43 +0000] "POST /ges/newFactura.do HTTP/1.1" 200 8033
172.27.113.173 - - [13/Dec/2021:17:32:49 +0000] "GET /ges/newFactura.do?nis=2596959&vigente=1 HTTP/1.1" 200 8479
172.27.113.173 - - [13/Dec/2021:17:32:49 +0000] "GET /ges/newFactura_1.do?action=newFactura_1&id_suministro=109496 HTTP/1.1" 200 13439
172.27.113.173 - - [13/Dec/2021:17:32:54 +0000] "POST /ges/newFactura_2.do HTTP/1.1" 200 10547
172.27.113.173 - - [13/Dec/2021:17:32:58 +0000] "POST /ges/newFactura_3.do HTTP/1.1" 200 23054
172.27.113.173 - - [13/Dec/2021:17:33:05 +0000] "POST /ges/newFactura_4.do HTTP/1.1" 200 31089
172.27.113.173 - - [13/Dec/2021:17:33:09 +0000] "POST /ges/newFactura_4.do HTTP/1.1" 200 7836
172.27.113.173 - - [13/Dec/2021:17:33:10 +0000] "POST /ges/newFactura.do HTTP/1.1" 200 8033
172.27.113.173 - - [13/Dec/2021:17:33:14 +0000] "GET /ges/newFactura.do?nis=2596959&vigente=1 HTTP/1.1" 200 8479
172.27.113.173 - - [13/Dec/2021:17:33:14 +0000] "GET /ges/newFactura_1.do?action=newFactura_1&id_suministro=109496 HTTP/1.1" 200 13439
172.27.113.173 - - [13/Dec/2021:17:33:20 +0000] "POST /ges/newFactura_2.do HTTP/1.1" 200 10547
172.27.180.81 - - [13/Dec/2021:17:33:25 +0000] "GET /ges/showFactura.do?idSuministro=8413&anio=2022&mes=1 HTTP/1.1" 200 17936
172.27.113.173 - - [13/Dec/2021:17:33:25 +0000] "POST /ges/newFactura_3.do HTTP/1.1" 200 23055
172.27.113.173 - - [13/Dec/2021:17:33:32 +0000] "POST /ges/newFactura_4.do HTTP/1.1" 200 31089
172.27.113.173 - - [13/Dec/2021:17:33:35 +0000] "POST /ges/newFactura_4.do HTTP/1.1" 200 7836
172.27.113.173 - - [13/Dec/2021:17:33:36 +0000] "POST /ges/newFactura.do HTTP/1.1" 200 8033
172.27.113.173 - - [13/Dec/2021:17:33:40 +0000] "GET /ges/newFactura.do?nis=2528999&vigente=1 HTTP/1.1" 200 8475
172.27.113.173 - - [13/Dec/2021:17:33:41 +0000] "GET /ges/newFactura_1.do?action=newFactura_1&id_suministro=8337 HTTP/1.1" 200 13298
172.27.113.173 - - [13/Dec/2021:17:33:59 +0000] "POST /ges/newFactura_2.do HTTP/1.1" 200 13446
172.27.113.173 - - [13/Dec/2021:17:34:01 +0000] "POST /ges/newFactura_2.do HTTP/1.1" 200 10410
172.27.113.173 - - [13/Dec/2021:17:34:06 +0000] "POST /ges/newFactura_3.do HTTP/1.1" 200 22999
172.27.113.173 - - [13/Dec/2021:17:34:14 +0000] "POST /ges/newFactura_4.do HTTP/1.1" 200 31814
172.27.113.173 - - [13/Dec/2021:17:34:18 +0000] "POST /ges/newFactura_4.do HTTP/1.1" 200 7836
172.27.113.173 - - [13/Dec/2021:17:34:19 +0000] "POST /ges/newFactura.do HTTP/1.1" 200 8033
172.27.113.173 - - [13/Dec/2021:17:34:24 +0000] "GET /ges/newFactura.do?nis=2512922&vigente=1 HTTP/1.1" 200 8479
172.27.113.173 - - [13/Dec/2021:17:34:24 +0000] "GET /ges/newFactura_1.do?action=newFactura_1&id_suministro=108958 HTTP/1.1" 200 13304
172.27.113.173 - - [13/Dec/2021:17:34:46 +0000] "POST /ges/newFactura_2.do HTTP/1.1" 200 13413
172.27.113.173 - - [13/Dec/2021:17:34:49 +0000] "GET /ges/newFactura.do HTTP/1.1" 200 8033
172.27.180.81 - - [13/Dec/2021:17:34:53 +0000] "GET /ges/showFactura.do?idSuministro=8413&anio=2021&mes=12 HTTP/1.1" 200 18097
172.27.113.173 - - [13/Dec/2021:17:35:07 +0000] "GET /ges/newFactura.do?nis=2512922&vigente=1 HTTP/1.1" 200 8479
172.27.113.173 - - [13/Dec/2021:17:35:08 +0000] "GET /ges/newFactura_1.do?action=newFactura_1&id_suministro=108958 HTTP/1.1" 200 13304
172.27.113.173 - - [13/Dec/2021:17:35:13 +0000] "POST /ges/newFactura_2.do HTTP/1.1" 200 13413
172.27.113.173 - - [13/Dec/2021:17:35:29 +0000] "GET /ges/newFactura.do HTTP/1.1" 200 8033
172.27.113.173 - - [13/Dec/2021:17:35:33 +0000] "GET /ges/newFactura.do?nis=2512922&vigente=1 HTTP/1.1" 200 8479
172.27.113.173 - - [13/Dec/2021:17:35:33 +0000] "GET /ges/newFactura_1.do?action=newFactura_1&id_suministro=108958 HTTP/1.1" 200 13304
172.27.113.173 - - [13/Dec/2021:17:35:39 +0000] "POST /ges/newFactura_2.do HTTP/1.1" 200 13413
172.27.113.173 - - [13/Dec/2021:17:35:42 +0000] "GET /ges/newFactura.do HTTP/1.1" 200 8033
172.27.180.24 - - [13/Dec/2021:17:35:57 +0000] "POST /ges/newFactura_4.do HTTP/1.1" 200 30171
172.27.113.173 - - [13/Dec/2021:17:35:59 +0000] "GET /ges/newFactura.do?nis=2528999&vigente=1 HTTP/1.1" 200 8475
172.27.113.173 - - [13/Dec/2021:17:35:59 +0000] "GET /ges/newFactura_1.do?action=newFactura_1&id_suministro=8337 HTTP/1.1" 200 13298
172.27.113.173 - - [13/Dec/2021:17:36:09 +0000] "POST /ges/newFactura_2.do HTTP/1.1" 200 13446
172.27.113.173 - - [13/Dec/2021:17:36:15 +0000] "POST /ges/newFactura_2.do HTTP/1.1" 200 10410
172.27.113.173 - - [13/Dec/2021:17:36:19 +0000] "POST /ges/newFactura_3.do HTTP/1.1" 200 22999
172.27.113.173 - - [13/Dec/2021:17:36:27 +0000] "POST /ges/newFactura_4.do HTTP/1.1" 200 29108
172.27.180.81 - - [13/Dec/2021:17:36:29 +0000] "GET /ges/showFactura.do?idSuministro=8413&anio=2021&mes=11 HTTP/1.1" 200 18085
172.27.113.173 - - [13/Dec/2021:17:36:30 +0000] "POST /ges/newFactura_4.do HTTP/1.1" 200 7836
172.27.113.173 - - [13/Dec/2021:17:36:33 +0000] "GET /ges/showImputaciones.do HTTP/1.1" 200 17807
172.27.113.173 - - [13/Dec/2021:17:36:34 +0000] "POST /ges/showImputaciones.do HTTP/1.1" 200 17807
172.27.180.81 - - [13/Dec/2021:17:37:06 +0000] "GET /ges/showFactura.do?idSuministro=8413&anio=2021&mes=10 HTTP/1.1" 200 18087
172.27.180.24 - - [13/Dec/2021:17:37:24 +0000] "POST /ges/newFactura_4.do HTTP/1.1" 200 30171
172.27.180.81 - - [13/Dec/2021:17:38:00 +0000] "GET /ges/showFactura.do?idSuministro=8413&anio=2021&mes=9 HTTP/1.1" 200 19686
172.27.180.81 - - [13/Dec/2021:17:39:02 +0000] "GET /ges/showFactura.do?idSuministro=8413&anio=2021&mes=7 HTTP/1.1" 200 20189
172.27.180.24 - - [13/Dec/2021:17:39:10 +0000] "POST /ges/newFactura_4.do HTTP/1.1" 200 7836
172.27.180.24 - - [13/Dec/2021:17:39:11 +0000] "POST /ges/newFactura.do HTTP/1.1" 200 8033
172.27.180.24 - - [13/Dec/2021:17:39:20 +0000] "GET /ges/newFactura.do?nis=4649&vigente=1 HTTP/1.1" 200 8462
172.27.180.24 - - [13/Dec/2021:17:39:20 +0000] "GET /ges/newFactura_1.do?action=newFactura_1&id_suministro=109491 HTTP/1.1" 200 13838
172.27.180.24 - - [13/Dec/2021:17:39:42 +0000] "POST /ges/newFactura_2.do HTTP/1.1" 200 13949
172.27.180.24 - - [13/Dec/2021:17:39:46 +0000] "POST /ges/newFactura_2.do HTTP/1.1" 200 10503
172.27.180.24 - - [13/Dec/2021:17:39:54 +0000] "POST /ges/newFactura_3.do HTTP/1.1" 200 24927
172.27.180.81 - - [13/Dec/2021:17:40:01 +0000] "GET /ges/showFactura.do?idSuministro=8413&anio=2021&mes=6 HTTP/1.1" 200 21153
172.27.180.24 - - [13/Dec/2021:17:40:12 +0000] "POST /ges/newFactura_4.do HTTP/1.1" 200 24415
172.27.180.24 - - [13/Dec/2021:17:40:18 +0000] "POST /ges/newFactura_4.do HTTP/1.1" 200 7836
172.27.180.24 - - [13/Dec/2021:17:40:20 +0000] "POST /ges/newFactura.do HTTP/1.1" 200 8033
172.27.180.81 - - [13/Dec/2021:17:40:24 +0000] "GET /ges/showFactura.do?idSuministro=8413&anio=2021&mes=7 HTTP/1.1" 200 20189
172.27.180.24 - - [13/Dec/2021:17:40:28 +0000] "GET /ges/newFactura.do?nis=4649&vigente=1 HTTP/1.1" 200 8462
172.27.180.24 - - [13/Dec/2021:17:40:28 +0000] "GET /ges/newFactura_1.do?action=newFactura_1&id_suministro=109491 HTTP/1.1" 200 13838
172.27.180.24 - - [13/Dec/2021:17:40:30 +0000] "GET /ges/showSuministro.do?id_suministro=109491 HTTP/1.1" 200 37565
172.27.180.24 - - [13/Dec/2021:17:40:30 +0000] "GET /ges/popcalendar.js HTTP/1.1" 404 1033
172.27.180.24 - - [13/Dec/2021:17:40:30 +0000] "GET /ges/validation.js HTTP/1.1" 404 1032
172.27.180.81 - - [13/Dec/2021:17:40:34 +0000] "GET /ges/showFactura.do?idSuministro=8413&anio=2021&mes=9 HTTP/1.1" 200 19686
172.27.180.24 - - [13/Dec/2021:17:40:36 +0000] "GET /ges/showFactura.do?idSuministro=109491&anio=2021&mes=12 HTTP/1.1" 200 24162
172.27.180.24 - - [13/Dec/2021:17:40:45 +0000] "GET /ges/showFactura.do?idSuministro=109491&anio=2021&mes=11 HTTP/1.1" 200 24037
172.27.180.24 - - [13/Dec/2021:17:40:53 +0000] "GET /ges/showImputaciones.do HTTP/1.1" 200 53309
172.27.180.24 - - [13/Dec/2021:17:41:02 +0000] "GET /ges/change_pass.do HTTP/1.1" 200 8472
172.27.180.24 - - [13/Dec/2021:17:41:07 +0000] "GET /ges/showImputaciones.do HTTP/1.1" 200 53309
172.27.180.24 - - [13/Dec/2021:17:41:28 +0000] "POST /ges/salidaSISA.do HTTP/1.1" 200 53251
172.27.180.81 - - [13/Dec/2021:17:41:36 +0000] "GET /ges/showSuministro.do?id_suministro=8413 HTTP/1.1" 200 304805
172.27.180.81 - - [13/Dec/2021:17:41:37 +0000] "GET /ges/popcalendar.js HTTP/1.1" 404 1033
172.27.180.81 - - [13/Dec/2021:17:41:37 +0000] "GET /ges/validation.js HTTP/1.1" 404 1032
172.27.180.81 - - [13/Dec/2021:17:41:43 +0000] "GET /ges/showFactura.do?idSuministro=8413&anio=2021&mes=7 HTTP/1.1" 200 20189
172.27.180.81 - - [13/Dec/2021:17:43:00 +0000] "GET /ges/showFactura.do?idSuministro=8413&anio=2021&mes=1 HTTP/1.1" 200 18692
172.27.113.173 - - [13/Dec/2021:18:00:45 +0000] "POST /ges/salidaSISA.do HTTP/1.1" 200 16096
172.27.180.24 - - [13/Dec/2021:18:08:35 +0000] "GET /ges/logon.do;jsessionid=C72BE8EA46EDF9AEE270F6D04A7D180D HTTP/1.1" 200 3018
172.27.180.24 - - [13/Dec/2021:18:08:39 +0000] "POST /ges/logon.do HTTP/1.1" 200 8033
172.27.180.24 - - [13/Dec/2021:18:08:40 +0000] "GET /ges/newFactura.do?nis=&vigente=1 HTTP/1.1" 200 316209
172.27.180.24 - - [13/Dec/2021:18:09:13 +0000] "GET /ges/newFactura_1.do?id_suministro=109372 HTTP/1.1" 200 14356
172.27.180.24 - - [13/Dec/2021:18:09:17 +0000] "GET /ges/showSuministro.do?id_suministro=109372 HTTP/1.1" 200 150694
172.27.180.24 - - [13/Dec/2021:18:09:17 +0000] "GET /ges/validation.js HTTP/1.1" 404 1032
172.27.180.24 - - [13/Dec/2021:18:09:17 +0000] "GET /ges/popcalendar.js HTTP/1.1" 404 1033
172.27.180.24 - - [13/Dec/2021:18:09:23 +0000] "GET /ges/showFactura.do?idSuministro=109372&anio=2021&mes=11 HTTP/1.1" 200 20242
172.27.180.24 - - [13/Dec/2021:18:10:46 +0000] "GET /ges/newFactura_1.do?id_suministro=109427 HTTP/1.1" 200 14292
172.27.180.24 - - [13/Dec/2021:18:10:49 +0000] "GET /ges/showSuministro.do?id_suministro=109427 HTTP/1.1" 200 123115
172.27.180.24 - - [13/Dec/2021:18:10:49 +0000] "GET /ges/popcalendar.js HTTP/1.1" 404 1033
172.27.180.24 - - [13/Dec/2021:18:10:49 +0000] "GET /ges/validation.js HTTP/1.1" 404 1032
172.27.180.24 - - [13/Dec/2021:18:10:54 +0000] "GET /ges/showFactura.do?idSuministro=109427&anio=2021&mes=11 HTTP/1.1" 200 19803
172.27.180.24 - - [13/Dec/2021:18:11:57 +0000] "GET /ges/newFactura.do?nis=9696&vigente=1 HTTP/1.1" 200 8472
172.27.180.24 - - [13/Dec/2021:18:11:58 +0000] "GET /ges/newFactura_1.do?action=newFactura_1&id_suministro=109427 HTTP/1.1" 200 14292
172.27.180.24 - - [13/Dec/2021:18:12:00 +0000] "GET /ges/showSuministro.do?id_suministro=109427 HTTP/1.1" 200 123115
172.27.180.24 - - [13/Dec/2021:18:12:00 +0000] "GET /ges/validation.js HTTP/1.1" 404 1032
172.27.180.24 - - [13/Dec/2021:18:12:00 +0000] "GET /ges/popcalendar.js HTTP/1.1" 404 1033
172.27.180.24 - - [13/Dec/2021:18:12:00 +0000] "GET /ges/validation.js HTTP/1.1" 404 1032
172.27.180.24 - - [13/Dec/2021:18:12:05 +0000] "GET /ges/showFactura.do?idSuministro=109427&anio=2021&mes=11 HTTP/1.1" 200 19803
172.27.180.84 - - [13/Dec/2021:18:13:14 +0000] "GET /ges/selectSuministro.do?nis=2589696-01 HTTP/1.1" 200 9118
172.27.180.84 - - [13/Dec/2021:18:13:15 +0000] "GET /ges/showSuministro.do?id_suministro=109427 HTTP/1.1" 200 123796
172.27.180.84 - - [13/Dec/2021:18:13:15 +0000] "GET /ges/popcalendar.js HTTP/1.1" 404 1033
172.27.180.84 - - [13/Dec/2021:18:13:15 +0000] "GET /ges/validation.js HTTP/1.1" 404 1032
172.27.180.84 - - [13/Dec/2021:18:13:15 +0000] "GET /ges/popcalendar.js HTTP/1.1" 404 1033
172.27.180.84 - - [13/Dec/2021:18:13:15 +0000] "GET /ges/validation.js HTTP/1.1" 404 1032
172.27.180.84 - - [13/Dec/2021:18:14:33 +0000] "GET /ges/selectSuministro.do?nis=3370468-03 HTTP/1.1" 200 9107
172.27.180.84 - - [13/Dec/2021:18:14:35 +0000] "GET /ges/showSuministro.do?id_suministro=8373 HTTP/1.1" 200 506734
172.27.180.84 - - [13/Dec/2021:18:14:35 +0000] "GET /ges/popcalendar.js HTTP/1.1" 404 1033
172.27.180.84 - - [13/Dec/2021:18:14:35 +0000] "GET /ges/validation.js HTTP/1.1" 404 1032
172.27.180.84 - - [13/Dec/2021:18:14:35 +0000] "GET /ges/validation.js HTTP/1.1" 404 1032
172.27.180.84 - - [13/Dec/2021:18:15:44 +0000] "GET /ges/selectSuministro.do?nis=1 HTTP/1.1" 200 380033
172.27.180.84 - - [13/Dec/2021:18:15:52 +0000] "GET /ges/showSuministro.do?id_suministro=8733 HTTP/1.1" 200 416732
172.27.180.84 - - [13/Dec/2021:18:15:52 +0000] "GET /ges/popcalendar.js HTTP/1.1" 404 1033
172.27.180.84 - - [13/Dec/2021:18:15:52 +0000] "GET /ges/validation.js HTTP/1.1" 404 1032
172.27.180.84 - - [13/Dec/2021:18:20:10 +0000] "GET /ges/selectSuministro.do?nis=3373084-01 HTTP/1.1" 200 9118
172.27.180.84 - - [13/Dec/2021:18:20:12 +0000] "GET /ges/showSuministro.do?id_suministro=8521 HTTP/1.1" 200 301323
172.27.180.84 - - [13/Dec/2021:18:20:12 +0000] "GET /ges/popcalendar.js HTTP/1.1" 404 1033
172.27.180.84 - - [13/Dec/2021:18:20:12 +0000] "GET /ges/validation.js HTTP/1.1" 404 1032
172.27.180.84 - - [13/Dec/2021:18:20:12 +0000] "GET /ges/popcalendar.js HTTP/1.1" 404 1033
172.27.180.84 - - [13/Dec/2021:18:20:12 +0000] "GET /ges/validation.js HTTP/1.1" 404 1032
172.27.180.5 - - [13/Dec/2021:18:41:31 +0000] "GET /ges/showSuministro.do?id_suministro=8413 HTTP/1.1" 200 304805
172.27.180.5 - - [13/Dec/2021:18:41:31 +0000] "GET /ges/popcalendar.js HTTP/1.1" 404 1033
172.27.180.5 - - [13/Dec/2021:18:41:31 +0000] "GET /ges/validation.js HTTP/1.1" 404 1032
172.27.180.5 - - [13/Dec/2021:18:41:31 +0000] "GET /ges/popcalendar.js HTTP/1.1" 404 1033
172.27.180.5 - - [13/Dec/2021:18:41:32 +0000] "GET /ges/validation.js HTTP/1.1" 404 1032
172.27.180.5 - - [13/Dec/2021:18:48:09 +0000] "GET /ges/showFactura.do?idSuministro=8413&anio=2021&mes=7 HTTP/1.1" 200 20189
172.27.113.62 - - [13/Dec/2021:18:54:35 +0000] "GET /ges/selectSuministro.do?nis=3370005 HTTP/1.1" 200 9107
172.27.113.62 - - [13/Dec/2021:18:54:38 +0000] "GET /ges/showSuministro.do?id_suministro=8364 HTTP/1.1" 200 471130
172.27.113.62 - - [13/Dec/2021:18:54:40 +0000] "GET /ges/popcalendar.js HTTP/1.1" 404 1033
172.27.113.62 - - [13/Dec/2021:18:54:40 +0000] "GET /ges/validation.js HTTP/1.1" 404 1032
172.27.180.20 - - [13/Dec/2021:21:14:31 +0000] "GET /ges/showFactura.do?idSuministro=8413&anio=2011&mes=2 HTTP/1.1" 500 1845
172.27.180.20 - - [13/Dec/2021:21:14:32 +0000] "GET /ges/showFactura.do?idSuministro=8413&anio=2011&mes=2 HTTP/1.1" 500 1845
172.27.180.20 - - [13/Dec/2021:21:14:44 +0000] "GET /ges/showFactura.do?idSuministro=8413&anio=2011&mes=2 HTTP/1.1" 500 1845
172.27.180.20 - - [13/Dec/2021:21:14:55 +0000] "GET /ges/login.do;jsessionid=82342E0F2720FACFFCDA6BA8E527199C HTTP/1.1" 200 2924
172.27.180.20 - - [13/Dec/2021:21:14:59 +0000] "POST /ges/logon.do HTTP/1.1" 200 3055
172.27.180.5 - - [13/Dec/2021:21:43:25 +0000] "GET /ges HTTP/1.1" 302 -
172.27.180.5 - - [13/Dec/2021:21:43:25 +0000] "GET /ges/ HTTP/1.1" 302 -
172.27.180.5 - - [13/Dec/2021:21:43:25 +0000] "GET /ges/login.do HTTP/1.1" 200 2924
172.27.180.5 - - [13/Dec/2021:21:43:25 +0000] "GET /ges/css/materialize.min.css HTTP/1.1" 200 115127
172.27.180.5 - - [13/Dec/2021:21:43:25 +0000] "GET /ges/js/jquery-2.1.1.min.js HTTP/1.1" 200 84249
172.27.180.5 - - [13/Dec/2021:21:43:25 +0000] "GET /ges/js/materialize.min.js HTTP/1.1" 200 142712
172.27.180.5 - - [13/Dec/2021:21:43:26 +0000] "GET /ges/images/logo.png HTTP/1.1" 200 343906
172.27.180.5 - - [13/Dec/2021:21:45:57 +0000] "POST /ges/logon.do HTTP/1.1" 200 3023
