172.27.110.100 - - [09/Dec/2021:11:29:44 +0000] "GET /ges/logon.do;jsessionid=C72BE8EA46EDF9AEE270F6D04A7D180D HTTP/1.1" 200 3062
172.27.110.100 - - [09/Dec/2021:11:29:52 +0000] "POST /ges/logon.do;jsessionid=554D9E516942FADD8954A4A89A32D1B5 HTTP/1.1" 200 8033
172.27.113.173 - - [09/Dec/2021:11:37:01 +0000] "GET /ges/newFactura_4.do HTTP/1.1" 200 2968
172.27.113.173 - - [09/Dec/2021:11:37:02 +0000] "GET /favicon.ico HTTP/1.1" 404 1022
172.27.113.173 - - [09/Dec/2021:11:37:06 +0000] "POST /ges/logon.do;jsessionid=3DEF5758857473985F7B2D9E5F506176 HTTP/1.1" 200 8033
172.27.110.100 - - [09/Dec/2021:11:39:37 +0000] "GET /ges/newFactura.do?nis=3373084&vigente=1 HTTP/1.1" 200 8472
172.27.110.100 - - [09/Dec/2021:11:39:48 +0000] "GET /ges/newFactura_1.do?action=newFactura_1&id_suministro=8521 HTTP/1.1" 200 13678
172.27.110.100 - - [09/Dec/2021:11:41:27 +0000] "POST /ges/newFactura_2.do HTTP/1.1" 200 10407
172.27.110.100 - - [09/Dec/2021:11:41:31 +0000] "POST /ges/newFactura_3.do HTTP/1.1" 200 22430
172.27.110.100 - - [09/Dec/2021:11:42:07 +0000] "POST /ges/newFactura_4.do HTTP/1.1" 200 28734
172.27.110.100 - - [09/Dec/2021:11:42:32 +0000] "POST /ges/newFactura_4.do HTTP/1.1" 200 29808
172.27.113.173 - - [09/Dec/2021:11:43:53 +0000] "GET /ges/newFactura.do?nis=0049355147&vigente=1 HTTP/1.1" 200 8473
172.27.113.173 - - [09/Dec/2021:11:43:56 +0000] "GET /ges/newFactura_1.do?id_suministro=109145 HTTP/1.1" 200 13438
172.27.113.173 - - [09/Dec/2021:11:43:56 +0000] "GET /ges/newFactura_1.do?action=newFactura_1&id_suministro=109145 HTTP/1.1" 200 13438
172.27.110.100 - - [09/Dec/2021:11:46:16 +0000] "POST /ges/newFactura_4.do HTTP/1.1" 200 31527
172.27.113.173 - - [09/Dec/2021:11:46:22 +0000] "POST /ges/newFactura_2.do HTTP/1.1" 200 10606
172.27.110.100 - - [09/Dec/2021:11:46:33 +0000] "POST /ges/newFactura_4.do HTTP/1.1" 200 31527
172.27.113.173 - - [09/Dec/2021:11:46:33 +0000] "POST /ges/newFactura_3.do HTTP/1.1" 200 21447
172.27.110.100 - - [09/Dec/2021:11:46:44 +0000] "POST /ges/newFactura_4.do HTTP/1.1" 200 32560
172.27.113.173 - - [09/Dec/2021:11:46:58 +0000] "POST /ges/newFactura_4.do HTTP/1.1" 200 29340
172.27.113.173 - - [09/Dec/2021:11:47:12 +0000] "POST /ges/newFactura_4.do HTTP/1.1" 200 30387
172.27.110.100 - - [09/Dec/2021:11:47:17 +0000] "POST /ges/newFactura_4.do HTTP/1.1" 200 7836
172.27.110.100 - - [09/Dec/2021:11:47:20 +0000] "GET /ges/showImputaciones.do HTTP/1.1" 200 11976
172.27.113.173 - - [09/Dec/2021:11:47:36 +0000] "POST /ges/newFactura_4.do HTTP/1.1" 200 31409
172.27.113.173 - - [09/Dec/2021:11:47:44 +0000] "POST /ges/newFactura_4.do HTTP/1.1" 200 32458
172.27.113.173 - - [09/Dec/2021:11:47:50 +0000] "GET /ges/fonts/roboto/Roboto-Light.woff2 HTTP/1.1" 200 49380
172.27.113.173 - - [09/Dec/2021:11:47:51 +0000] "POST /ges/newFactura_4.do HTTP/1.1" 200 7836
172.27.113.173 - - [09/Dec/2021:11:47:52 +0000] "POST /ges/newFactura.do HTTP/1.1" 200 8033
172.27.113.173 - - [09/Dec/2021:11:48:01 +0000] "GET /ges/newFactura.do?nis=1412046921&vigente=1 HTTP/1.1" 200 8473
172.27.113.173 - - [09/Dec/2021:11:48:04 +0000] "GET /ges/newFactura_1.do?action=newFactura_1&id_suministro=108990 HTTP/1.1" 200 13498
172.27.113.173 - - [09/Dec/2021:11:48:14 +0000] "POST /ges/newFactura_2.do HTTP/1.1" 200 10606
172.27.113.173 - - [09/Dec/2021:11:48:24 +0000] "POST /ges/newFactura_3.do HTTP/1.1" 200 21390
172.27.110.100 - - [09/Dec/2021:11:48:28 +0000] "POST /ges/showImputaciones.do HTTP/1.1" 200 15762
172.27.113.173 - - [09/Dec/2021:11:48:32 +0000] "POST /ges/newFactura_4.do HTTP/1.1" 200 29358
172.27.113.173 - - [09/Dec/2021:11:48:37 +0000] "POST /ges/newFactura_4.do HTTP/1.1" 200 30394
172.27.113.173 - - [09/Dec/2021:11:48:40 +0000] "POST /ges/newFactura_4.do HTTP/1.1" 200 7836
172.27.113.173 - - [09/Dec/2021:11:48:41 +0000] "POST /ges/newFactura.do HTTP/1.1" 200 8033
172.27.113.173 - - [09/Dec/2021:11:48:50 +0000] "GET /ges/newFactura.do?nis=2558221252&vigente=1 HTTP/1.1" 200 8473
172.27.113.173 - - [09/Dec/2021:11:48:51 +0000] "GET /ges/newFactura_1.do?action=newFactura_1&id_suministro=109146 HTTP/1.1" 200 13497
172.27.113.173 - - [09/Dec/2021:11:49:09 +0000] "POST /ges/newFactura_2.do HTTP/1.1" 200 10605
172.27.110.100 - - [09/Dec/2021:11:49:16 +0000] "POST /ges/salidaSISA.do HTTP/1.1" 200 15657
172.27.113.173 - - [09/Dec/2021:11:49:21 +0000] "POST /ges/newFactura_3.do HTTP/1.1" 200 21444
172.27.113.173 - - [09/Dec/2021:11:49:30 +0000] "POST /ges/newFactura_4.do HTTP/1.1" 200 29339
172.27.113.173 - - [09/Dec/2021:11:49:35 +0000] "POST /ges/newFactura_4.do HTTP/1.1" 200 30368
172.27.113.173 - - [09/Dec/2021:11:49:38 +0000] "POST /ges/newFactura_4.do HTTP/1.1" 200 7836
172.27.113.173 - - [09/Dec/2021:11:49:39 +0000] "POST /ges/newFactura.do HTTP/1.1" 200 8033
172.27.113.173 - - [09/Dec/2021:11:49:48 +0000] "GET /ges/newFactura.do?nis=2922834553&vigente=1 HTTP/1.1" 200 8473
172.27.113.173 - - [09/Dec/2021:11:49:50 +0000] "GET /ges/newFactura_1.do?action=newFactura_1&id_suministro=109170 HTTP/1.1" 200 13513
172.27.113.173 - - [09/Dec/2021:11:50:01 +0000] "POST /ges/newFactura_2.do HTTP/1.1" 200 10621
172.27.113.173 - - [09/Dec/2021:11:50:09 +0000] "POST /ges/newFactura_3.do HTTP/1.1" 200 21431
172.27.113.173 - - [09/Dec/2021:11:50:14 +0000] "POST /ges/newFactura_4.do HTTP/1.1" 200 28450
172.27.113.173 - - [09/Dec/2021:11:50:19 +0000] "POST /ges/newFactura_4.do HTTP/1.1" 200 7836
172.27.113.173 - - [09/Dec/2021:11:50:20 +0000] "POST /ges/newFactura.do HTTP/1.1" 200 8033
172.27.113.173 - - [09/Dec/2021:11:50:27 +0000] "GET /ges/newFactura.do?nis=3929968845&vigente=1 HTTP/1.1" 200 8473
172.27.113.173 - - [09/Dec/2021:11:50:27 +0000] "GET /ges/newFactura_1.do?action=newFactura_1&id_suministro=109134 HTTP/1.1" 200 13489
172.27.113.173 - - [09/Dec/2021:11:50:35 +0000] "GET /ges/selectSuministro.do?nis= HTTP/1.1" 200 493700
172.27.113.173 - - [09/Dec/2021:11:50:37 +0000] "GET /ges/newFactura.do HTTP/1.1" 200 8033
172.27.113.173 - - [09/Dec/2021:11:50:43 +0000] "POST /ges/newFactura_2.do HTTP/1.1" 200 10597
172.27.113.173 - - [09/Dec/2021:11:50:47 +0000] "POST /ges/newFactura_3.do HTTP/1.1" 200 21437
172.27.113.173 - - [09/Dec/2021:11:50:54 +0000] "POST /ges/newFactura_4.do HTTP/1.1" 200 29341
172.27.113.173 - - [09/Dec/2021:11:50:59 +0000] "POST /ges/newFactura_4.do HTTP/1.1" 200 30369
172.27.113.173 - - [09/Dec/2021:11:51:02 +0000] "POST /ges/newFactura_4.do HTTP/1.1" 200 7836
172.27.113.173 - - [09/Dec/2021:11:51:02 +0000] "POST /ges/newFactura.do HTTP/1.1" 200 8033
172.27.113.173 - - [09/Dec/2021:11:51:13 +0000] "GET /ges/newFactura.do?nis=5190261418&vigente=1 HTTP/1.1" 200 8473
172.27.113.173 - - [09/Dec/2021:11:51:13 +0000] "GET /ges/newFactura_1.do?action=newFactura_1&id_suministro=109232 HTTP/1.1" 200 13509
172.27.113.173 - - [09/Dec/2021:11:51:22 +0000] "POST /ges/newFactura_2.do HTTP/1.1" 200 10617
172.27.113.173 - - [09/Dec/2021:11:51:26 +0000] "POST /ges/newFactura_3.do HTTP/1.1" 200 21456
172.27.113.173 - - [09/Dec/2021:11:51:30 +0000] "POST /ges/newFactura_4.do HTTP/1.1" 200 29345
172.27.113.173 - - [09/Dec/2021:11:51:43 +0000] "POST /ges/newFactura_4.do HTTP/1.1" 200 30259
172.27.113.173 - - [09/Dec/2021:11:51:50 +0000] "POST /ges/newFactura_4.do HTTP/1.1" 200 31286
172.27.113.173 - - [09/Dec/2021:11:52:00 +0000] "POST /ges/newFactura_4.do HTTP/1.1" 200 32307
172.27.113.173 - - [09/Dec/2021:11:52:04 +0000] "POST /ges/newFactura_4.do HTTP/1.1" 200 7836
172.27.113.173 - - [09/Dec/2021:11:52:05 +0000] "POST /ges/newFactura.do HTTP/1.1" 200 8033
172.27.113.173 - - [09/Dec/2021:11:52:12 +0000] "GET /ges/newFactura.do?nis=5565603901&vigente=1 HTTP/1.1" 200 8473
172.27.113.173 - - [09/Dec/2021:11:52:12 +0000] "GET /ges/newFactura_1.do?action=newFactura_1&id_suministro=109151 HTTP/1.1" 200 13417
172.27.113.173 - - [09/Dec/2021:11:52:20 +0000] "POST /ges/newFactura_2.do HTTP/1.1" 200 10525
172.27.113.173 - - [09/Dec/2021:11:52:27 +0000] "POST /ges/newFactura_3.do HTTP/1.1" 200 21370
172.27.113.173 - - [09/Dec/2021:11:52:40 +0000] "POST /ges/newFactura_4.do HTTP/1.1" 200 29255
172.27.113.173 - - [09/Dec/2021:11:53:07 +0000] "POST /ges/newFactura_4.do HTTP/1.1" 200 30175
172.27.113.173 - - [09/Dec/2021:11:53:13 +0000] "POST /ges/newFactura_4.do HTTP/1.1" 200 31204
172.27.113.173 - - [09/Dec/2021:11:53:26 +0000] "POST /ges/newFactura_4.do HTTP/1.1" 200 32242
172.27.113.173 - - [09/Dec/2021:11:53:37 +0000] "POST /ges/newFactura_4.do HTTP/1.1" 200 33296
172.27.113.173 - - [09/Dec/2021:11:53:42 +0000] "POST /ges/newFactura_4.do HTTP/1.1" 200 7836
172.27.113.173 - - [09/Dec/2021:11:53:42 +0000] "POST /ges/newFactura.do HTTP/1.1" 200 8033
172.27.113.173 - - [09/Dec/2021:11:53:50 +0000] "GET /ges/newFactura.do?nis=6893740752&vigente=1 HTTP/1.1" 200 8473
172.27.113.173 - - [09/Dec/2021:11:53:51 +0000] "GET /ges/newFactura_1.do?action=newFactura_1&id_suministro=109140 HTTP/1.1" 200 13497
172.27.113.173 - - [09/Dec/2021:11:53:58 +0000] "POST /ges/newFactura_2.do HTTP/1.1" 200 10605
172.27.113.173 - - [09/Dec/2021:11:54:03 +0000] "POST /ges/newFactura_3.do HTTP/1.1" 200 21446
172.27.113.173 - - [09/Dec/2021:11:54:18 +0000] "POST /ges/newFactura_4.do HTTP/1.1" 200 29357
172.27.113.173 - - [09/Dec/2021:11:54:28 +0000] "POST /ges/newFactura_4.do HTTP/1.1" 200 30389
172.27.113.173 - - [09/Dec/2021:11:54:46 +0000] "POST /ges/newFactura_4.do HTTP/1.1" 200 31441
172.27.113.173 - - [09/Dec/2021:11:54:54 +0000] "POST /ges/newFactura_4.do HTTP/1.1" 200 7836
172.27.113.173 - - [09/Dec/2021:11:54:55 +0000] "POST /ges/newFactura.do HTTP/1.1" 200 8033
172.27.113.173 - - [09/Dec/2021:11:55:04 +0000] "GET /ges/newFactura.do?nis=8087453362&vigente=1 HTTP/1.1" 200 8473
172.27.113.173 - - [09/Dec/2021:11:55:06 +0000] "GET /ges/newFactura_1.do?action=newFactura_1&id_suministro=109171 HTTP/1.1" 200 13513
172.27.113.173 - - [09/Dec/2021:11:55:20 +0000] "POST /ges/newFactura_2.do HTTP/1.1" 200 10621
172.27.113.173 - - [09/Dec/2021:11:55:24 +0000] "POST /ges/newFactura_3.do HTTP/1.1" 200 21461
172.27.113.173 - - [09/Dec/2021:11:55:38 +0000] "POST /ges/newFactura_4.do HTTP/1.1" 200 29369
172.27.113.173 - - [09/Dec/2021:11:55:45 +0000] "POST /ges/newFactura_4.do HTTP/1.1" 200 30398
172.27.113.173 - - [09/Dec/2021:11:55:56 +0000] "POST /ges/newFactura_4.do HTTP/1.1" 200 31450
172.27.113.173 - - [09/Dec/2021:11:56:01 +0000] "POST /ges/newFactura_4.do HTTP/1.1" 200 7836
172.27.113.173 - - [09/Dec/2021:11:56:02 +0000] "POST /ges/newFactura.do HTTP/1.1" 200 8033
172.27.113.173 - - [09/Dec/2021:11:56:10 +0000] "GET /ges/newFactura.do?nis=8157095035&vigente=1 HTTP/1.1" 200 8473
172.27.113.173 - - [09/Dec/2021:11:56:10 +0000] "GET /ges/newFactura_1.do?action=newFactura_1&id_suministro=109152 HTTP/1.1" 200 13512
172.27.113.173 - - [09/Dec/2021:11:56:23 +0000] "POST /ges/newFactura_2.do HTTP/1.1" 200 10620
172.27.113.173 - - [09/Dec/2021:11:56:27 +0000] "POST /ges/newFactura_3.do HTTP/1.1" 200 21461
172.27.113.173 - - [09/Dec/2021:11:56:37 +0000] "POST /ges/newFactura_4.do HTTP/1.1" 200 29366
172.27.113.173 - - [09/Dec/2021:11:56:42 +0000] "POST /ges/newFactura_4.do HTTP/1.1" 200 30395
172.27.113.173 - - [09/Dec/2021:11:56:46 +0000] "POST /ges/newFactura_4.do HTTP/1.1" 200 7836
172.27.113.173 - - [09/Dec/2021:11:56:47 +0000] "POST /ges/newFactura.do HTTP/1.1" 200 8033
172.27.113.173 - - [09/Dec/2021:11:56:58 +0000] "GET /ges/newFactura.do?nis=0466267971&vigente=1 HTTP/1.1" 200 8462
172.27.113.173 - - [09/Dec/2021:11:57:00 +0000] "GET /ges/newFactura_1.do?action=newFactura_1&id_suministro=109131 HTTP/1.1" 200 13849
172.27.113.173 - - [09/Dec/2021:11:57:11 +0000] "POST /ges/newFactura_2.do HTTP/1.1" 200 10514
172.27.113.173 - - [09/Dec/2021:11:57:16 +0000] "POST /ges/newFactura_3.do HTTP/1.1" 200 23194
172.27.113.173 - - [09/Dec/2021:11:57:33 +0000] "POST /ges/newFactura_4.do HTTP/1.1" 200 30508
172.27.113.173 - - [09/Dec/2021:11:57:42 +0000] "POST /ges/newFactura_4.do HTTP/1.1" 200 7836
172.27.113.173 - - [09/Dec/2021:11:57:42 +0000] "POST /ges/newFactura.do HTTP/1.1" 200 8033
172.27.113.173 - - [09/Dec/2021:11:57:52 +0000] "GET /ges/newFactura.do?nis=0997104553&vigente=1 HTTP/1.1" 200 8462
172.27.113.173 - - [09/Dec/2021:11:57:55 +0000] "GET /ges/newFactura_1.do?action=newFactura_1&id_suministro=109255 HTTP/1.1" 200 13859
172.27.113.173 - - [09/Dec/2021:11:58:12 +0000] "POST /ges/newFactura_2.do HTTP/1.1" 200 10524
172.27.113.173 - - [09/Dec/2021:11:58:17 +0000] "POST /ges/newFactura_3.do HTTP/1.1" 200 23068
172.27.113.173 - - [09/Dec/2021:11:58:30 +0000] "POST /ges/newFactura_4.do HTTP/1.1" 200 30518
172.27.113.173 - - [09/Dec/2021:11:58:48 +0000] "POST /ges/newFactura_4.do HTTP/1.1" 200 31422
172.27.113.173 - - [09/Dec/2021:11:59:01 +0000] "POST /ges/newFactura_4.do HTTP/1.1" 200 32447
172.27.113.173 - - [09/Dec/2021:11:59:09 +0000] "POST /ges/newFactura_4.do HTTP/1.1" 200 7836
172.27.113.173 - - [09/Dec/2021:11:59:10 +0000] "POST /ges/newFactura.do HTTP/1.1" 200 8033
172.27.113.173 - - [09/Dec/2021:11:59:18 +0000] "GET /ges/newFactura.do?nis=1115162495&vigente=1 HTTP/1.1" 200 8462
172.27.113.173 - - [09/Dec/2021:11:59:19 +0000] "GET /ges/newFactura_1.do?action=newFactura_1&id_suministro=108707 HTTP/1.1" 200 13849
172.27.113.173 - - [09/Dec/2021:11:59:28 +0000] "POST /ges/newFactura_2.do HTTP/1.1" 200 10514
172.27.113.173 - - [09/Dec/2021:11:59:34 +0000] "POST /ges/newFactura_3.do HTTP/1.1" 200 23104
172.27.113.173 - - [09/Dec/2021:11:59:47 +0000] "POST /ges/newFactura_4.do HTTP/1.1" 200 31417
172.27.113.173 - - [09/Dec/2021:12:00:15 +0000] "POST /ges/newFactura_4.do HTTP/1.1" 200 32446
172.27.113.173 - - [09/Dec/2021:12:01:21 +0000] "POST /ges/newFactura_4.do HTTP/1.1" 200 33478
172.27.113.173 - - [09/Dec/2021:12:02:31 +0000] "POST /ges/newFactura_4.do HTTP/1.1" 200 7836
172.27.113.173 - - [09/Dec/2021:12:02:32 +0000] "POST /ges/newFactura.do HTTP/1.1" 200 8033
172.27.113.173 - - [09/Dec/2021:12:02:42 +0000] "GET /ges/newFactura.do?nis=1594237790&vigente=1 HTTP/1.1" 200 8462
172.27.113.173 - - [09/Dec/2021:12:02:44 +0000] "GET /ges/newFactura_1.do?action=newFactura_1&id_suministro=108716 HTTP/1.1" 200 13849
172.27.113.173 - - [09/Dec/2021:12:02:59 +0000] "POST /ges/newFactura_2.do HTTP/1.1" 200 10514
172.27.113.173 - - [09/Dec/2021:12:03:05 +0000] "POST /ges/newFactura_3.do HTTP/1.1" 200 23102
172.27.113.173 - - [09/Dec/2021:12:03:18 +0000] "POST /ges/newFactura_4.do HTTP/1.1" 200 30507
172.27.113.173 - - [09/Dec/2021:12:03:22 +0000] "POST /ges/newFactura_4.do HTTP/1.1" 200 7836
172.27.113.173 - - [09/Dec/2021:12:03:23 +0000] "POST /ges/newFactura.do HTTP/1.1" 200 8033
172.27.113.173 - - [09/Dec/2021:12:03:33 +0000] "GET /ges/newFactura.do?nis=1805515810&vigente=1 HTTP/1.1" 200 8462
172.27.113.173 - - [09/Dec/2021:12:03:34 +0000] "GET /ges/newFactura_1.do?action=newFactura_1&id_suministro=108719 HTTP/1.1" 200 13849
172.27.113.173 - - [09/Dec/2021:12:03:44 +0000] "POST /ges/newFactura_2.do HTTP/1.1" 200 10514
172.27.113.173 - - [09/Dec/2021:12:03:49 +0000] "POST /ges/newFactura_3.do HTTP/1.1" 200 23148
172.27.113.173 - - [09/Dec/2021:12:04:02 +0000] "POST /ges/newFactura_4.do HTTP/1.1" 200 30502
172.27.113.173 - - [09/Dec/2021:12:04:27 +0000] "POST /ges/newFactura_4.do HTTP/1.1" 200 31567
172.27.113.173 - - [09/Dec/2021:12:04:33 +0000] "POST /ges/newFactura_4.do HTTP/1.1" 200 32592
172.27.113.173 - - [09/Dec/2021:12:04:40 +0000] "POST /ges/newFactura_4.do HTTP/1.1" 200 7836
172.27.113.173 - - [09/Dec/2021:12:04:40 +0000] "POST /ges/newFactura.do HTTP/1.1" 200 8033
172.27.113.173 - - [09/Dec/2021:12:04:56 +0000] "GET /ges/newFactura.do?nis=2515248598&vigente=1 HTTP/1.1" 200 8462
172.27.113.173 - - [09/Dec/2021:12:04:56 +0000] "GET /ges/newFactura_1.do?action=newFactura_1&id_suministro=109458 HTTP/1.1" 200 13730
172.27.113.126 - - [09/Dec/2021:12:05:04 +0000] "GET /ges/login.do;jsessionid=0326BAFC8D9A346985418915CA3EBAE1 HTTP/1.1" 200 2968
172.27.113.173 - - [09/Dec/2021:12:05:05 +0000] "POST /ges/newFactura_2.do HTTP/1.1" 200 10395
172.27.113.126 - - [09/Dec/2021:12:05:05 +0000] "GET /ges/images/logo.png HTTP/1.1" 304 -
172.27.113.126 - - [09/Dec/2021:12:05:10 +0000] "POST /ges/logon.do;jsessionid=E7223D1F32D86A765FA2E792B710EF6B HTTP/1.1" 200 8714
172.27.113.173 - - [09/Dec/2021:12:05:13 +0000] "POST /ges/newFactura_3.do HTTP/1.1" 200 23072
172.27.113.173 - - [09/Dec/2021:12:05:28 +0000] "POST /ges/newFactura_4.do HTTP/1.1" 200 30351
172.27.113.173 - - [09/Dec/2021:12:05:36 +0000] "POST /ges/newFactura_4.do HTTP/1.1" 200 31255
172.27.113.173 - - [09/Dec/2021:12:05:47 +0000] "POST /ges/newFactura_4.do HTTP/1.1" 200 7836
172.27.113.173 - - [09/Dec/2021:12:05:47 +0000] "POST /ges/newFactura.do HTTP/1.1" 200 8033
172.27.113.173 - - [09/Dec/2021:12:05:55 +0000] "GET /ges/newFactura.do?nis=2807812780&vigente=1 HTTP/1.1" 200 8462
172.27.113.173 - - [09/Dec/2021:12:05:56 +0000] "GET /ges/newFactura_1.do?action=newFactura_1&id_suministro=108714 HTTP/1.1" 200 13849
172.27.113.173 - - [09/Dec/2021:12:06:03 +0000] "POST /ges/newFactura_2.do HTTP/1.1" 200 10514
172.27.113.173 - - [09/Dec/2021:12:06:08 +0000] "POST /ges/newFactura_3.do HTTP/1.1" 200 10629
172.27.113.173 - - [09/Dec/2021:12:06:10 +0000] "POST /ges/newFactura_3.do HTTP/1.1" 200 23057
172.27.113.173 - - [09/Dec/2021:12:06:18 +0000] "POST /ges/newFactura_4.do HTTP/1.1" 200 30505
172.27.113.173 - - [09/Dec/2021:12:06:22 +0000] "POST /ges/newFactura_4.do HTTP/1.1" 200 7836
172.27.113.173 - - [09/Dec/2021:12:06:23 +0000] "POST /ges/newFactura.do HTTP/1.1" 200 8033
172.27.113.173 - - [09/Dec/2021:12:06:34 +0000] "GET /ges/newFactura.do?nis=3208635444&vigente=1 HTTP/1.1" 200 8462
172.27.113.173 - - [09/Dec/2021:12:06:34 +0000] "GET /ges/newFactura_1.do?action=newFactura_1&id_suministro=109132 HTTP/1.1" 200 13730
172.27.113.173 - - [09/Dec/2021:12:06:43 +0000] "POST /ges/newFactura_2.do HTTP/1.1" 200 10395
172.27.113.173 - - [09/Dec/2021:12:06:47 +0000] "POST /ges/newFactura_3.do HTTP/1.1" 200 23028
172.27.110.100 - - [09/Dec/2021:12:06:55 +0000] "GET /ges/newFactura.do HTTP/1.1" 200 8033
172.27.113.173 - - [09/Dec/2021:12:07:04 +0000] "POST /ges/newFactura_4.do HTTP/1.1" 200 31271
172.27.113.173 - - [09/Dec/2021:12:07:13 +0000] "POST /ges/newFactura_4.do HTTP/1.1" 200 7836
172.27.113.173 - - [09/Dec/2021:12:07:13 +0000] "POST /ges/newFactura.do HTTP/1.1" 200 8033
172.27.113.173 - - [09/Dec/2021:12:07:25 +0000] "GET /ges/newFactura.do?nis=3270198614&vigente=1 HTTP/1.1" 200 8462
172.27.113.173 - - [09/Dec/2021:12:07:26 +0000] "GET /ges/newFactura_1.do?action=newFactura_1&id_suministro=108712 HTTP/1.1" 200 13841
172.27.113.173 - - [09/Dec/2021:12:07:43 +0000] "POST /ges/newFactura_2.do HTTP/1.1" 200 10506
172.27.113.173 - - [09/Dec/2021:12:07:50 +0000] "POST /ges/newFactura_3.do HTTP/1.1" 200 23186
172.27.110.100 - - [09/Dec/2021:12:09:01 +0000] "GET /ges/newFactura.do?nis=2157592&vigente=1 HTTP/1.1" 200 8479
172.27.110.100 - - [09/Dec/2021:12:09:02 +0000] "GET /ges/newFactura_1.do?action=newFactura_1&id_suministro=109473 HTTP/1.1" 200 13407
172.27.110.100 - - [09/Dec/2021:12:09:18 +0000] "POST /ges/newFactura_2.do HTTP/1.1" 200 13516
172.27.110.100 - - [09/Dec/2021:12:09:23 +0000] "GET /ges/showSuministro.do?id_suministro=109473 HTTP/1.1" 200 33514
172.27.110.100 - - [09/Dec/2021:12:09:23 +0000] "GET /ges/popcalendar.js HTTP/1.1" 404 1033
172.27.110.100 - - [09/Dec/2021:12:09:23 +0000] "GET /ges/validation.js HTTP/1.1" 404 1032
172.27.113.173 - - [09/Dec/2021:12:09:25 +0000] "POST /ges/newFactura_4.do HTTP/1.1" 200 31408
172.27.110.100 - - [09/Dec/2021:12:09:25 +0000] "GET /ges/showFactura.do?idSuministro=109473&anio=2021&mes=12 HTTP/1.1" 200 17413
172.27.110.100 - - [09/Dec/2021:12:09:32 +0000] "GET /ges/newFactura.do HTTP/1.1" 200 8033
172.27.110.100 - - [09/Dec/2021:12:09:36 +0000] "GET /ges/newFactura.do?nis=869050&vigente=1 HTTP/1.1" 200 8033
172.27.110.100 - - [09/Dec/2021:12:09:40 +0000] "GET /ges/newFactura.do?nis=2155792&vigente=1 HTTP/1.1" 200 8033
172.27.110.100 - - [09/Dec/2021:12:09:42 +0000] "GET /ges/newFactura.do?nis=215792&vigente=1 HTTP/1.1" 200 8033
172.27.110.100 - - [09/Dec/2021:12:09:46 +0000] "GET /ges/newFactura.do?nis=2157592&vigente=1 HTTP/1.1" 200 8479
172.27.110.100 - - [09/Dec/2021:12:09:46 +0000] "GET /ges/newFactura_1.do?action=newFactura_1&id_suministro=109473 HTTP/1.1" 200 13407
172.27.110.100 - - [09/Dec/2021:12:09:53 +0000] "POST /ges/newFactura_2.do HTTP/1.1" 200 13516
172.27.110.100 - - [09/Dec/2021:12:09:58 +0000] "GET /ges/newFactura.do HTTP/1.1" 200 8033
172.27.110.100 - - [09/Dec/2021:12:10:01 +0000] "GET /ges/newFactura.do?nis=2450323&vigente=1 HTTP/1.1" 200 8461
172.27.110.100 - - [09/Dec/2021:12:10:04 +0000] "GET /ges/newFactura_1.do?action=newFactura_1&id_suministro=8318 HTTP/1.1" 200 14087
172.27.110.100 - - [09/Dec/2021:12:10:14 +0000] "POST /ges/newFactura_2.do HTTP/1.1" 200 10396
172.27.110.100 - - [09/Dec/2021:12:10:18 +0000] "POST /ges/newFactura_3.do HTTP/1.1" 200 28252
172.27.110.100 - - [09/Dec/2021:12:10:37 +0000] "POST /ges/newFactura_4.do HTTP/1.1" 200 36025
172.27.110.100 - - [09/Dec/2021:12:10:44 +0000] "POST /ges/newFactura_4.do HTTP/1.1" 200 37069
172.27.110.100 - - [09/Dec/2021:12:10:48 +0000] "POST /ges/newFactura_4.do HTTP/1.1" 200 7836
172.27.110.100 - - [09/Dec/2021:12:10:53 +0000] "POST /ges/newFactura.do HTTP/1.1" 200 8033
172.27.110.100 - - [09/Dec/2021:12:11:00 +0000] "GET /ges/newFactura.do?nis=2450291&vigente=1 HTTP/1.1" 200 8461
172.27.110.100 - - [09/Dec/2021:12:11:01 +0000] "GET /ges/newFactura_1.do?action=newFactura_1&id_suministro=8313 HTTP/1.1" 200 14210
172.27.110.100 - - [09/Dec/2021:12:11:09 +0000] "POST /ges/newFactura_2.do HTTP/1.1" 200 10519
172.27.110.100 - - [09/Dec/2021:12:11:17 +0000] "POST /ges/newFactura_3.do HTTP/1.1" 200 28373
172.27.110.100 - - [09/Dec/2021:12:11:39 +0000] "POST /ges/newFactura_4.do HTTP/1.1" 200 37068
172.27.110.100 - - [09/Dec/2021:12:11:44 +0000] "POST /ges/newFactura_4.do HTTP/1.1" 200 7836
172.27.110.100 - - [09/Dec/2021:12:11:46 +0000] "POST /ges/newFactura.do HTTP/1.1" 200 8033
172.27.110.100 - - [09/Dec/2021:12:11:51 +0000] "GET /ges/newFactura.do?nis=2450418&vigente=1 HTTP/1.1" 200 8461
172.27.110.100 - - [09/Dec/2021:12:11:52 +0000] "GET /ges/newFactura_1.do?action=newFactura_1&id_suministro=8319 HTTP/1.1" 200 14087
172.27.113.173 - - [09/Dec/2021:12:11:54 +0000] "POST /ges/newFactura_4.do HTTP/1.1" 200 32431
172.27.110.100 - - [09/Dec/2021:12:11:55 +0000] "POST /ges/newFactura_2.do HTTP/1.1" 200 10396
172.27.110.100 - - [09/Dec/2021:12:11:58 +0000] "POST /ges/newFactura_3.do HTTP/1.1" 200 28229
172.27.113.173 - - [09/Dec/2021:12:12:03 +0000] "POST /ges/newFactura_4.do HTTP/1.1" 200 7836
172.27.113.173 - - [09/Dec/2021:12:12:04 +0000] "POST /ges/newFactura.do HTTP/1.1" 200 8033
172.27.110.100 - - [09/Dec/2021:12:12:13 +0000] "POST /ges/newFactura_4.do HTTP/1.1" 200 34157
172.27.113.173 - - [09/Dec/2021:12:12:15 +0000] "GET /ges/newFactura.do?nis=3485902869&vigente=1 HTTP/1.1" 200 8462
172.27.113.173 - - [09/Dec/2021:12:12:16 +0000] "GET /ges/newFactura_1.do?action=newFactura_1&id_suministro=109466 HTTP/1.1" 200 13835
172.27.110.100 - - [09/Dec/2021:12:12:17 +0000] "POST /ges/newFactura_4.do HTTP/1.1" 200 7836
172.27.110.100 - - [09/Dec/2021:12:12:19 +0000] "POST /ges/newFactura.do HTTP/1.1" 200 8033
172.27.113.173 - - [09/Dec/2021:12:12:25 +0000] "POST /ges/newFactura_2.do HTTP/1.1" 200 10500
172.27.110.100 - - [09/Dec/2021:12:12:26 +0000] "GET /ges/newFactura.do?nis=2450305&vigente=1 HTTP/1.1" 200 8458
172.27.110.100 - - [09/Dec/2021:12:12:26 +0000] "GET /ges/newFactura_1.do?action=newFactura_1&id_suministro=8316 HTTP/1.1" 200 14211
172.27.113.173 - - [09/Dec/2021:12:12:29 +0000] "POST /ges/newFactura_3.do HTTP/1.1" 200 23089
172.27.110.100 - - [09/Dec/2021:12:12:33 +0000] "POST /ges/newFactura_2.do HTTP/1.1" 200 10516
172.27.110.100 - - [09/Dec/2021:12:12:40 +0000] "POST /ges/newFactura_3.do HTTP/1.1" 200 31004
172.27.113.173 - - [09/Dec/2021:12:12:44 +0000] "POST /ges/newFactura_4.do HTTP/1.1" 200 32295
172.27.110.100 - - [09/Dec/2021:12:13:06 +0000] "POST /ges/newFactura_4.do HTTP/1.1" 200 36169
172.27.110.100 - - [09/Dec/2021:12:13:18 +0000] "POST /ges/newFactura_4.do HTTP/1.1" 200 37100
172.27.110.100 - - [09/Dec/2021:12:13:23 +0000] "POST /ges/newFactura_4.do HTTP/1.1" 200 7836
172.27.110.100 - - [09/Dec/2021:12:13:24 +0000] "POST /ges/newFactura.do HTTP/1.1" 200 8033
172.27.113.173 - - [09/Dec/2021:12:13:26 +0000] "POST /ges/newFactura_4.do HTTP/1.1" 200 33326
172.27.110.100 - - [09/Dec/2021:12:13:33 +0000] "GET /ges/newFactura.do?nis=2450310&vigente=1 HTTP/1.1" 200 8458
172.27.110.100 - - [09/Dec/2021:12:13:33 +0000] "GET /ges/newFactura_1.do?action=newFactura_1&id_suministro=8317 HTTP/1.1" 200 14084
172.27.110.100 - - [09/Dec/2021:12:13:39 +0000] "POST /ges/newFactura_2.do HTTP/1.1" 200 10393
172.27.113.173 - - [09/Dec/2021:12:13:41 +0000] "POST /ges/newFactura_4.do HTTP/1.1" 200 34352
172.27.110.100 - - [09/Dec/2021:12:13:43 +0000] "POST /ges/newFactura_3.do HTTP/1.1" 200 29797
172.27.113.173 - - [09/Dec/2021:12:13:49 +0000] "POST /ges/newFactura_4.do HTTP/1.1" 200 7836
172.27.113.173 - - [09/Dec/2021:12:13:50 +0000] "POST /ges/newFactura.do HTTP/1.1" 200 8033
172.27.110.100 - - [09/Dec/2021:12:14:00 +0000] "POST /ges/newFactura_4.do HTTP/1.1" 200 34172
172.27.113.173 - - [09/Dec/2021:12:14:07 +0000] "GET /ges/newFactura.do?nis=3813800578&vigente=1 HTTP/1.1" 200 8462
172.27.113.173 - - [09/Dec/2021:12:14:08 +0000] "GET /ges/newFactura_1.do?action=newFactura_1&id_suministro=109148 HTTP/1.1" 200 13849
172.27.110.100 - - [09/Dec/2021:12:14:12 +0000] "POST /ges/newFactura_4.do HTTP/1.1" 200 7836
172.27.110.100 - - [09/Dec/2021:12:14:13 +0000] "POST /ges/newFactura.do HTTP/1.1" 200 8033
172.27.110.100 - - [09/Dec/2021:12:14:18 +0000] "GET /ges/newFactura.do?nis=2450288&vigente=1 HTTP/1.1" 200 8461
172.27.113.173 - - [09/Dec/2021:12:14:18 +0000] "POST /ges/newFactura_2.do HTTP/1.1" 200 10514
172.27.110.100 - - [09/Dec/2021:12:14:18 +0000] "GET /ges/newFactura_1.do?action=newFactura_1&id_suministro=8310 HTTP/1.1" 200 14087
172.27.110.100 - - [09/Dec/2021:12:14:22 +0000] "POST /ges/newFactura_2.do HTTP/1.1" 200 10396
172.27.113.173 - - [09/Dec/2021:12:14:23 +0000] "POST /ges/newFactura_3.do HTTP/1.1" 200 23104
172.27.113.173 - - [09/Dec/2021:12:14:35 +0000] "POST /ges/newFactura_4.do HTTP/1.1" 200 30513
172.27.113.173 - - [09/Dec/2021:12:14:40 +0000] "POST /ges/newFactura_4.do HTTP/1.1" 200 7836
172.27.113.173 - - [09/Dec/2021:12:14:41 +0000] "POST /ges/newFactura.do HTTP/1.1" 200 8033
172.27.113.173 - - [09/Dec/2021:12:14:50 +0000] "GET /ges/newFactura.do?nis=3852434190&vigente=1 HTTP/1.1" 200 8462
172.27.113.173 - - [09/Dec/2021:12:14:51 +0000] "GET /ges/newFactura_1.do?action=newFactura_1&id_suministro=109135 HTTP/1.1" 200 13849
172.27.110.100 - - [09/Dec/2021:12:14:55 +0000] "POST /ges/newFactura_3.do HTTP/1.1" 200 28251
172.27.113.173 - - [09/Dec/2021:12:15:00 +0000] "POST /ges/newFactura_2.do HTTP/1.1" 200 10514
172.27.113.173 - - [09/Dec/2021:12:15:05 +0000] "POST /ges/newFactura_3.do HTTP/1.1" 200 23104
172.27.110.100 - - [09/Dec/2021:12:15:13 +0000] "POST /ges/newFactura_4.do HTTP/1.1" 200 35093
172.27.110.100 - - [09/Dec/2021:12:15:17 +0000] "POST /ges/newFactura_4.do HTTP/1.1" 200 7836
172.27.110.100 - - [09/Dec/2021:12:15:18 +0000] "POST /ges/newFactura.do HTTP/1.1" 200 8033
172.27.110.100 - - [09/Dec/2021:12:15:23 +0000] "GET /ges/newFactura.do?nis=2450290&vigente=1 HTTP/1.1" 200 8467
172.27.110.100 - - [09/Dec/2021:12:15:23 +0000] "GET /ges/newFactura_1.do?action=newFactura_1&id_suministro=8312 HTTP/1.1" 200 14093
172.27.113.173 - - [09/Dec/2021:12:15:24 +0000] "POST /ges/newFactura_4.do HTTP/1.1" 200 31415
172.27.110.100 - - [09/Dec/2021:12:15:27 +0000] "POST /ges/newFactura_2.do HTTP/1.1" 200 10402
172.27.110.100 - - [09/Dec/2021:12:15:34 +0000] "POST /ges/newFactura_3.do HTTP/1.1" 200 39368
172.27.113.173 - - [09/Dec/2021:12:15:54 +0000] "POST /ges/newFactura_4.do HTTP/1.1" 200 32440
172.27.113.173 - - [09/Dec/2021:12:15:59 +0000] "POST /ges/newFactura_4.do HTTP/1.1" 200 7836
172.27.113.173 - - [09/Dec/2021:12:15:59 +0000] "POST /ges/newFactura.do HTTP/1.1" 200 8033
172.27.113.173 - - [09/Dec/2021:12:16:08 +0000] "GET /ges/newFactura.do?nis=3883584432&vigente=1 HTTP/1.1" 200 8462
172.27.113.173 - - [09/Dec/2021:12:16:08 +0000] "GET /ges/newFactura_1.do?action=newFactura_1&id_suministro=109459 HTTP/1.1" 200 13730
172.27.113.173 - - [09/Dec/2021:12:16:15 +0000] "POST /ges/newFactura_2.do HTTP/1.1" 200 10395
172.27.113.173 - - [09/Dec/2021:12:16:22 +0000] "POST /ges/newFactura_3.do HTTP/1.1" 200 23073
172.27.113.173 - - [09/Dec/2021:12:16:42 +0000] "POST /ges/newFactura_4.do HTTP/1.1" 200 33095
172.27.110.100 - - [09/Dec/2021:12:16:50 +0000] "POST /ges/newFactura_4.do HTTP/1.1" 200 35128
172.27.110.100 - - [09/Dec/2021:12:16:58 +0000] "POST /ges/newFactura_4.do HTTP/1.1" 200 36180
172.27.110.100 - - [09/Dec/2021:12:17:06 +0000] "POST /ges/newFactura_4.do HTTP/1.1" 200 7836
172.27.110.100 - - [09/Dec/2021:12:17:07 +0000] "POST /ges/newFactura.do HTTP/1.1" 200 8033
172.27.113.173 - - [09/Dec/2021:12:19:07 +0000] "POST /ges/newFactura_4.do HTTP/1.1" 200 34127
172.27.113.173 - - [09/Dec/2021:12:19:11 +0000] "POST /ges/newFactura_4.do HTTP/1.1" 200 7836
172.27.113.173 - - [09/Dec/2021:12:19:12 +0000] "POST /ges/newFactura.do HTTP/1.1" 200 8033
172.27.113.173 - - [09/Dec/2021:12:19:25 +0000] "GET /ges/newFactura.do?nis=4229246520&vigente=1 HTTP/1.1" 200 8462
172.27.113.173 - - [09/Dec/2021:12:19:25 +0000] "GET /ges/newFactura_1.do?action=newFactura_1&id_suministro=109143 HTTP/1.1" 200 13849
172.27.110.100 - - [09/Dec/2021:12:19:33 +0000] "GET /ges/newFactura.do?nis=2534310&vigente=1 HTTP/1.1" 200 8458
172.27.110.100 - - [09/Dec/2021:12:19:34 +0000] "GET /ges/newFactura_1.do?action=newFactura_1&id_suministro=8674 HTTP/1.1" 200 14433
172.27.113.173 - - [09/Dec/2021:12:19:39 +0000] "POST /ges/newFactura_2.do HTTP/1.1" 200 10514
172.27.113.173 - - [09/Dec/2021:12:19:44 +0000] "POST /ges/newFactura_3.do HTTP/1.1" 200 23239
172.27.110.100 - - [09/Dec/2021:12:19:58 +0000] "POST /ges/newFactura_2.do HTTP/1.1" 200 10738
172.27.110.100 - - [09/Dec/2021:12:20:03 +0000] "POST /ges/newFactura_3.do HTTP/1.1" 200 30367
172.27.113.173 - - [09/Dec/2021:12:20:06 +0000] "POST /ges/newFactura_4.do HTTP/1.1" 200 30515
172.27.110.100 - - [09/Dec/2021:12:21:11 +0000] "POST /ges/newFactura_4.do HTTP/1.1" 200 36381
172.27.110.100 - - [09/Dec/2021:12:21:20 +0000] "POST /ges/newFactura_4.do HTTP/1.1" 200 37423
172.27.110.100 - - [09/Dec/2021:12:21:27 +0000] "POST /ges/newFactura_4.do HTTP/1.1" 200 7836
172.27.110.100 - - [09/Dec/2021:12:21:29 +0000] "POST /ges/newFactura.do HTTP/1.1" 200 8033
172.27.110.100 - - [09/Dec/2021:12:21:37 +0000] "GET /ges/newFactura.do?nis=2543113&vigente=1 HTTP/1.1" 200 8461
172.27.110.100 - - [09/Dec/2021:12:21:37 +0000] "GET /ges/newFactura_1.do?action=newFactura_1&id_suministro=8758 HTTP/1.1" 200 14210
172.27.113.173 - - [09/Dec/2021:12:22:07 +0000] "POST /ges/newFactura_4.do HTTP/1.1" 200 32172
172.27.110.100 - - [09/Dec/2021:12:22:10 +0000] "POST /ges/newFactura_2.do HTTP/1.1" 200 10519
172.27.113.173 - - [09/Dec/2021:12:22:15 +0000] "POST /ges/newFactura_4.do HTTP/1.1" 200 7836
172.27.110.100 - - [09/Dec/2021:12:22:16 +0000] "POST /ges/newFactura_3.do HTTP/1.1" 200 28350
172.27.113.173 - - [09/Dec/2021:12:22:16 +0000] "POST /ges/newFactura.do HTTP/1.1" 200 8033
172.27.110.100 - - [09/Dec/2021:12:23:06 +0000] "POST /ges/newFactura_4.do HTTP/1.1" 200 34327
172.27.110.100 - - [09/Dec/2021:12:23:11 +0000] "POST /ges/newFactura_4.do HTTP/1.1" 200 7836
172.27.110.100 - - [09/Dec/2021:12:23:12 +0000] "POST /ges/newFactura.do HTTP/1.1" 200 8033
172.27.110.100 - - [09/Dec/2021:12:23:18 +0000] "GET /ges/newFactura.do?nis=2558296&vigente=1 HTTP/1.1" 200 8465
172.27.110.100 - - [09/Dec/2021:12:23:18 +0000] "GET /ges/newFactura_1.do?action=newFactura_1&id_suministro=109124 HTTP/1.1" 200 14228
172.27.110.100 - - [09/Dec/2021:12:23:21 +0000] "POST /ges/newFactura_2.do HTTP/1.1" 200 10533
172.27.110.100 - - [09/Dec/2021:12:23:27 +0000] "POST /ges/newFactura_2.do HTTP/1.1" 200 10533
172.27.110.100 - - [09/Dec/2021:12:23:31 +0000] "POST /ges/newFactura_3.do HTTP/1.1" 200 28371
172.27.113.126 - - [09/Dec/2021:12:23:32 +0000] "GET /ges/selectSuministro.do HTTP/1.1" 200 8698
172.27.113.126 - - [09/Dec/2021:12:23:40 +0000] "GET /ges/selectSuministro.do?nis=0468 HTTP/1.1" 200 9334
172.27.110.100 - - [09/Dec/2021:12:23:46 +0000] "POST /ges/newFactura_4.do HTTP/1.1" 200 35265
172.27.113.126 - - [09/Dec/2021:12:23:48 +0000] "GET /ges/showSuministro.do?id_suministro=8373 HTTP/1.1" 200 505758
172.27.113.126 - - [09/Dec/2021:12:23:48 +0000] "GET /ges/validation.js HTTP/1.1" 404 1032
172.27.113.126 - - [09/Dec/2021:12:23:48 +0000] "GET /ges/popcalendar.js HTTP/1.1" 404 1033
172.27.113.126 - - [09/Dec/2021:12:23:48 +0000] "GET /ges/validation.js HTTP/1.1" 404 1032
172.27.110.100 - - [09/Dec/2021:12:23:52 +0000] "POST /ges/newFactura_4.do HTTP/1.1" 200 34335
172.27.110.100 - - [09/Dec/2021:12:23:58 +0000] "POST /ges/newFactura_4.do HTTP/1.1" 200 35376
172.27.110.100 - - [09/Dec/2021:12:24:02 +0000] "POST /ges/newFactura_4.do HTTP/1.1" 200 7836
172.27.110.100 - - [09/Dec/2021:12:24:03 +0000] "POST /ges/newFactura.do HTTP/1.1" 200 8033
172.27.110.100 - - [09/Dec/2021:12:24:09 +0000] "GET /ges/newFactura.do?nis=2529368&vigente=1 HTTP/1.1" 200 8471
172.27.110.100 - - [09/Dec/2021:12:24:09 +0000] "GET /ges/newFactura_1.do?action=newFactura_1&id_suministro=109372 HTTP/1.1" 200 14356
172.27.110.100 - - [09/Dec/2021:12:24:14 +0000] "POST /ges/newFactura_2.do HTTP/1.1" 200 10661
172.27.110.100 - - [09/Dec/2021:12:24:20 +0000] "POST /ges/newFactura_2.do HTTP/1.1" 200 10661
172.27.113.173 - - [09/Dec/2021:12:24:21 +0000] "GET /ges/newFactura.do?nis=4234764423&vigente=1 HTTP/1.1" 200 8462
172.27.113.173 - - [09/Dec/2021:12:24:21 +0000] "GET /ges/newFactura_1.do?action=newFactura_1&id_suministro=108717 HTTP/1.1" 200 13849
172.27.110.100 - - [09/Dec/2021:12:24:24 +0000] "POST /ges/newFactura_3.do HTTP/1.1" 200 28493
172.27.113.173 - - [09/Dec/2021:12:24:34 +0000] "POST /ges/newFactura_2.do HTTP/1.1" 200 10514
172.27.113.173 - - [09/Dec/2021:12:24:39 +0000] "POST /ges/newFactura_3.do HTTP/1.1" 200 23149
172.27.113.173 - - [09/Dec/2021:12:24:50 +0000] "POST /ges/newFactura_4.do HTTP/1.1" 200 31417
172.27.110.100 - - [09/Dec/2021:12:25:02 +0000] "POST /ges/newFactura_4.do HTTP/1.1" 200 35415
172.27.110.100 - - [09/Dec/2021:12:25:10 +0000] "POST /ges/newFactura_4.do HTTP/1.1" 200 36457
172.27.110.100 - - [09/Dec/2021:12:25:17 +0000] "POST /ges/newFactura_4.do HTTP/1.1" 200 37483
172.27.113.173 - - [09/Dec/2021:12:25:17 +0000] "POST /ges/newFactura_4.do HTTP/1.1" 200 32463
172.27.113.173 - - [09/Dec/2021:12:25:22 +0000] "POST /ges/newFactura_4.do HTTP/1.1" 200 7836
172.27.110.100 - - [09/Dec/2021:12:25:22 +0000] "POST /ges/newFactura_4.do HTTP/1.1" 200 39099
172.27.113.173 - - [09/Dec/2021:12:25:23 +0000] "POST /ges/newFactura.do HTTP/1.1" 200 8033
172.27.110.100 - - [09/Dec/2021:12:25:25 +0000] "POST /ges/newFactura_4.do HTTP/1.1" 200 7836
172.27.113.173 - - [09/Dec/2021:12:25:31 +0000] "GET /ges/newFactura.do?nis=5113761648&vigente=1 HTTP/1.1" 200 8462
172.27.113.173 - - [09/Dec/2021:12:25:31 +0000] "GET /ges/newFactura_1.do?action=newFactura_1&id_suministro=109409 HTTP/1.1" 200 13879
172.27.113.173 - - [09/Dec/2021:12:25:41 +0000] "POST /ges/newFactura_2.do HTTP/1.1" 200 10544
172.27.113.173 - - [09/Dec/2021:12:25:44 +0000] "POST /ges/newFactura_3.do HTTP/1.1" 200 23224
172.27.113.173 - - [09/Dec/2021:12:25:55 +0000] "POST /ges/newFactura_4.do HTTP/1.1" 200 30541
172.27.110.100 - - [09/Dec/2021:12:26:08 +0000] "POST /ges/newFactura.do HTTP/1.1" 200 8033
172.27.110.100 - - [09/Dec/2021:12:26:13 +0000] "GET /ges/newFactura.do?nis=2529368&vigente=1 HTTP/1.1" 200 8471
172.27.110.100 - - [09/Dec/2021:12:26:13 +0000] "GET /ges/newFactura_1.do?action=newFactura_1&id_suministro=109372 HTTP/1.1" 200 14356
172.27.113.173 - - [09/Dec/2021:12:26:15 +0000] "POST /ges/newFactura_4.do HTTP/1.1" 200 31445
172.27.110.100 - - [09/Dec/2021:12:26:19 +0000] "POST /ges/newFactura_2.do HTTP/1.1" 200 14465
172.27.110.100 - - [09/Dec/2021:12:26:26 +0000] "GET /ges/newFactura.do HTTP/1.1" 200 8033
172.27.113.173 - - [09/Dec/2021:12:26:27 +0000] "POST /ges/newFactura_4.do HTTP/1.1" 200 7836
172.27.113.173 - - [09/Dec/2021:12:26:28 +0000] "POST /ges/newFactura.do HTTP/1.1" 200 8033
172.27.110.100 - - [09/Dec/2021:12:26:30 +0000] "GET /ges/newFactura.do?nis=2450509&vigente=1 HTTP/1.1" 200 8458
172.27.110.100 - - [09/Dec/2021:12:26:30 +0000] "GET /ges/newFactura_1.do?action=newFactura_1&id_suministro=8321 HTTP/1.1" 200 14084
172.27.110.100 - - [09/Dec/2021:12:26:34 +0000] "POST /ges/newFactura_2.do HTTP/1.1" 200 10393
172.27.113.173 - - [09/Dec/2021:12:26:36 +0000] "GET /ges/newFactura.do?nis=5240429530&vigente=1 HTTP/1.1" 200 8462
172.27.113.173 - - [09/Dec/2021:12:26:36 +0000] "GET /ges/newFactura_1.do?action=newFactura_1&id_suministro=108708 HTTP/1.1" 200 13849
172.27.110.100 - - [09/Dec/2021:12:26:39 +0000] "POST /ges/newFactura_3.do HTTP/1.1" 200 30693
172.27.113.173 - - [09/Dec/2021:12:26:40 +0000] "POST /ges/newFactura_2.do HTTP/1.1" 200 10514
172.27.113.173 - - [09/Dec/2021:12:26:45 +0000] "POST /ges/newFactura_3.do HTTP/1.1" 200 23149
172.27.110.100 - - [09/Dec/2021:12:26:53 +0000] "POST /ges/newFactura_4.do HTTP/1.1" 200 35080
172.27.113.173 - - [09/Dec/2021:12:26:56 +0000] "POST /ges/newFactura_4.do HTTP/1.1" 200 30513
172.27.113.173 - - [09/Dec/2021:12:27:00 +0000] "POST /ges/newFactura_4.do HTTP/1.1" 200 7836
172.27.113.173 - - [09/Dec/2021:12:27:00 +0000] "POST /ges/newFactura.do HTTP/1.1" 200 8033
172.27.110.100 - - [09/Dec/2021:12:27:02 +0000] "POST /ges/newFactura_4.do HTTP/1.1" 200 36697
172.27.110.100 - - [09/Dec/2021:12:27:06 +0000] "POST /ges/newFactura_4.do HTTP/1.1" 200 7836
172.27.110.100 - - [09/Dec/2021:12:27:07 +0000] "POST /ges/newFactura.do HTTP/1.1" 200 8033
172.27.110.100 - - [09/Dec/2021:12:27:12 +0000] "GET /ges/newFactura.do?nis=2450552&vigente=1 HTTP/1.1" 200 8461
172.27.113.173 - - [09/Dec/2021:12:27:13 +0000] "GET /ges/newFactura.do?nis=5447536068&vigente=1 HTTP/1.1" 200 8462
172.27.110.100 - - [09/Dec/2021:12:27:15 +0000] "GET /ges/newFactura_1.do?id_suministro=8322 HTTP/1.1" 200 14087
172.27.110.100 - - [09/Dec/2021:12:27:15 +0000] "GET /ges/newFactura_1.do?action=newFactura_1&id_suministro=8322 HTTP/1.1" 200 14087
172.27.113.173 - - [09/Dec/2021:12:27:15 +0000] "GET /ges/newFactura_1.do?action=newFactura_1&id_suministro=108710 HTTP/1.1" 200 13849
172.27.110.100 - - [09/Dec/2021:12:27:25 +0000] "POST /ges/newFactura_2.do HTTP/1.1" 200 10396
172.27.110.100 - - [09/Dec/2021:12:27:29 +0000] "POST /ges/newFactura_3.do HTTP/1.1" 200 28227
172.27.113.173 - - [09/Dec/2021:12:27:37 +0000] "POST /ges/newFactura_2.do HTTP/1.1" 200 10514
172.27.113.173 - - [09/Dec/2021:12:27:40 +0000] "POST /ges/newFactura_3.do HTTP/1.1" 200 23194
172.27.110.100 - - [09/Dec/2021:12:27:44 +0000] "POST /ges/newFactura_4.do HTTP/1.1" 200 34155
172.27.110.100 - - [09/Dec/2021:12:27:49 +0000] "POST /ges/newFactura_4.do HTTP/1.1" 200 7836
172.27.110.100 - - [09/Dec/2021:12:27:50 +0000] "POST /ges/newFactura.do HTTP/1.1" 200 8033
172.27.113.173 - - [09/Dec/2021:12:27:52 +0000] "POST /ges/newFactura_4.do HTTP/1.1" 200 31419
172.27.110.100 - - [09/Dec/2021:12:27:56 +0000] "GET /ges/newFactura.do?nis=2574533&vigente=1 HTTP/1.1" 200 8465
172.27.110.100 - - [09/Dec/2021:12:27:57 +0000] "GET /ges/newFactura_1.do?action=newFactura_1&id_suministro=109313 HTTP/1.1" 200 14093
172.27.110.100 - - [09/Dec/2021:12:28:00 +0000] "POST /ges/newFactura_2.do HTTP/1.1" 200 10398
172.27.110.100 - - [09/Dec/2021:12:28:03 +0000] "POST /ges/newFactura_3.do HTTP/1.1" 200 28239
172.27.110.100 - - [09/Dec/2021:12:28:13 +0000] "POST /ges/newFactura_4.do HTTP/1.1" 200 36925
172.27.110.100 - - [09/Dec/2021:12:28:19 +0000] "POST /ges/newFactura_4.do HTTP/1.1" 200 35995
172.27.110.100 - - [09/Dec/2021:12:28:25 +0000] "POST /ges/newFactura_4.do HTTP/1.1" 200 37038
172.27.110.100 - - [09/Dec/2021:12:28:27 +0000] "POST /ges/newFactura_4.do HTTP/1.1" 200 7836
172.27.113.173 - - [09/Dec/2021:12:28:46 +0000] "POST /ges/newFactura_4.do HTTP/1.1" 200 32444
172.27.113.173 - - [09/Dec/2021:12:28:54 +0000] "POST /ges/newFactura_4.do HTTP/1.1" 200 7836
172.27.110.100 - - [09/Dec/2021:12:30:10 +0000] "POST /ges/newFactura.do HTTP/1.1" 200 8033
172.27.110.100 - - [09/Dec/2021:12:30:16 +0000] "GET /ges/newFactura.do?nis=2574533&vigente=1 HTTP/1.1" 200 8465
172.27.110.100 - - [09/Dec/2021:12:30:16 +0000] "GET /ges/newFactura_1.do?action=newFactura_1&id_suministro=109313 HTTP/1.1" 200 14093
172.27.110.100 - - [09/Dec/2021:12:30:20 +0000] "POST /ges/newFactura_2.do HTTP/1.1" 200 14202
172.27.110.100 - - [09/Dec/2021:12:30:24 +0000] "GET /ges/newFactura.do HTTP/1.1" 200 8033
172.27.110.100 - - [09/Dec/2021:12:30:27 +0000] "GET /ges/newFactura.do?nis=2506159&vigente=1 HTTP/1.1" 200 8458
172.27.110.100 - - [09/Dec/2021:12:30:28 +0000] "GET /ges/newFactura_1.do?action=newFactura_1&id_suministro=8324 HTTP/1.1" 200 14088
172.27.110.100 - - [09/Dec/2021:12:30:52 +0000] "POST /ges/newFactura_2.do HTTP/1.1" 200 10393
172.27.110.100 - - [09/Dec/2021:12:30:56 +0000] "POST /ges/newFactura_3.do HTTP/1.1" 200 30673
172.27.113.173 - - [09/Dec/2021:12:31:03 +0000] "POST /ges/newFactura.do HTTP/1.1" 200 8033
172.27.110.100 - - [09/Dec/2021:12:31:17 +0000] "POST /ges/newFactura_4.do HTTP/1.1" 200 36030
172.27.113.173 - - [09/Dec/2021:12:31:17 +0000] "GET /ges/newFactura.do?nis=5447536068&vigente=1 HTTP/1.1" 200 8462
172.27.113.173 - - [09/Dec/2021:12:31:18 +0000] "GET /ges/newFactura_1.do?action=newFactura_1&id_suministro=108710 HTTP/1.1" 200 13849
172.27.113.173 - - [09/Dec/2021:12:31:24 +0000] "POST /ges/newFactura_2.do HTTP/1.1" 200 13962
172.27.113.173 - - [09/Dec/2021:12:31:26 +0000] "GET /ges/newFactura.do HTTP/1.1" 200 8033
172.27.113.173 - - [09/Dec/2021:12:31:34 +0000] "GET /ges/newFactura.do?nis=5820853876&vigente=1 HTTP/1.1" 200 8462
172.27.113.173 - - [09/Dec/2021:12:31:35 +0000] "GET /ges/newFactura_1.do?action=newFactura_1&id_suministro=109139 HTTP/1.1" 200 13849
172.27.110.100 - - [09/Dec/2021:12:31:43 +0000] "POST /ges/newFactura_4.do HTTP/1.1" 200 36945
172.27.113.173 - - [09/Dec/2021:12:31:44 +0000] "POST /ges/newFactura_2.do HTTP/1.1" 200 10514
172.27.113.173 - - [09/Dec/2021:12:31:48 +0000] "POST /ges/newFactura_3.do HTTP/1.1" 200 23147
172.27.110.100 - - [09/Dec/2021:12:31:55 +0000] "POST /ges/newFactura_4.do HTTP/1.1" 200 37986
172.27.113.173 - - [09/Dec/2021:12:31:59 +0000] "POST /ges/newFactura_4.do HTTP/1.1" 200 32344
172.27.110.100 - - [09/Dec/2021:12:31:59 +0000] "POST /ges/newFactura_4.do HTTP/1.1" 200 7836
172.27.110.100 - - [09/Dec/2021:12:32:04 +0000] "POST /ges/newFactura.do HTTP/1.1" 200 8033
172.27.110.100 - - [09/Dec/2021:12:32:06 +0000] "GET /ges/newFactura.do?nis=2556643&vigente=1 HTTP/1.1" 200 8458
172.27.110.100 - - [09/Dec/2021:12:32:07 +0000] "GET /ges/newFactura_1.do?action=newFactura_1&id_suministro=8309 HTTP/1.1" 200 14210
172.27.110.100 - - [09/Dec/2021:12:32:11 +0000] "POST /ges/newFactura_2.do HTTP/1.1" 200 10519
172.27.110.100 - - [09/Dec/2021:12:32:16 +0000] "POST /ges/newFactura_3.do HTTP/1.1" 200 30791
172.27.110.100 - - [09/Dec/2021:12:32:35 +0000] "POST /ges/newFactura_4.do HTTP/1.1" 200 35262
172.27.110.100 - - [09/Dec/2021:12:32:40 +0000] "POST /ges/newFactura_4.do HTTP/1.1" 200 7836
172.27.110.100 - - [09/Dec/2021:12:32:41 +0000] "POST /ges/newFactura.do HTTP/1.1" 200 8033
172.27.110.100 - - [09/Dec/2021:12:33:13 +0000] "GET /ges/logon.do;jsessionid=C72BE8EA46EDF9AEE270F6D04A7D180D HTTP/1.1" 200 3018
172.27.113.173 - - [09/Dec/2021:12:34:12 +0000] "POST /ges/newFactura_4.do HTTP/1.1" 200 33375
172.27.110.100 - - [09/Dec/2021:12:35:14 +0000] "GET /ges/newFactura.do?nis=2450291&vigente=1 HTTP/1.1" 200 8461
172.27.110.100 - - [09/Dec/2021:12:35:14 +0000] "GET /ges/newFactura_1.do?action=newFactura_1&id_suministro=8313 HTTP/1.1" 200 14210
172.27.113.173 - - [09/Dec/2021:12:35:20 +0000] "POST /ges/newFactura_4.do HTTP/1.1" 200 34401
172.27.113.173 - - [09/Dec/2021:12:35:26 +0000] "POST /ges/newFactura_4.do HTTP/1.1" 200 7836
172.27.113.173 - - [09/Dec/2021:12:35:27 +0000] "POST /ges/newFactura.do HTTP/1.1" 200 8033
172.27.110.100 - - [09/Dec/2021:12:35:29 +0000] "POST /ges/newFactura_2.do HTTP/1.1" 200 14319
172.27.113.173 - - [09/Dec/2021:12:35:36 +0000] "GET /ges/newFactura.do?nis=5904946890&vigente=1 HTTP/1.1" 200 8462
172.27.113.173 - - [09/Dec/2021:12:35:36 +0000] "GET /ges/newFactura_1.do?action=newFactura_1&id_suministro=109472 HTTP/1.1" 200 13838
172.27.110.100 - - [09/Dec/2021:12:35:38 +0000] "POST /ges/newFactura_2.do HTTP/1.1" 200 14319
172.27.113.173 - - [09/Dec/2021:12:35:44 +0000] "POST /ges/newFactura_2.do HTTP/1.1" 200 10503
172.27.110.100 - - [09/Dec/2021:12:35:45 +0000] "POST /ges/newFactura_2.do HTTP/1.1" 200 14319
172.27.110.100 - - [09/Dec/2021:12:35:50 +0000] "POST /ges/newFactura_2.do HTTP/1.1" 200 10519
172.27.110.100 - - [09/Dec/2021:12:35:51 +0000] "GET /ges/newFactura.do HTTP/1.1" 200 8033
172.27.113.173 - - [09/Dec/2021:12:35:51 +0000] "POST /ges/newFactura_3.do HTTP/1.1" 200 23092
172.27.110.100 - - [09/Dec/2021:12:35:55 +0000] "GET /ges/newFactura.do?nis=2450304&vigente=1 HTTP/1.1" 200 8458
172.27.110.100 - - [09/Dec/2021:12:35:55 +0000] "GET /ges/newFactura_1.do?action=newFactura_1&id_suministro=8315 HTTP/1.1" 200 14211
172.27.113.173 - - [09/Dec/2021:12:36:04 +0000] "POST /ges/newFactura_4.do HTTP/1.1" 200 31390
172.27.110.100 - - [09/Dec/2021:12:36:06 +0000] "POST /ges/newFactura_2.do HTTP/1.1" 200 10516
172.27.110.100 - - [09/Dec/2021:12:36:12 +0000] "POST /ges/newFactura_3.do HTTP/1.1" 200 30796
172.27.113.173 - - [09/Dec/2021:12:36:13 +0000] "POST /ges/newFactura_4.do HTTP/1.1" 200 32294
172.27.113.173 - - [09/Dec/2021:12:37:05 +0000] "POST /ges/newFactura_4.do HTTP/1.1" 200 33324
172.27.113.173 - - [09/Dec/2021:12:37:19 +0000] "POST /ges/newFactura_4.do HTTP/1.1" 200 34350
172.27.113.173 - - [09/Dec/2021:12:37:25 +0000] "POST /ges/newFactura_4.do HTTP/1.1" 200 7836
172.27.113.173 - - [09/Dec/2021:12:37:26 +0000] "POST /ges/newFactura.do HTTP/1.1" 200 8033
172.27.113.173 - - [09/Dec/2021:12:37:36 +0000] "GET /ges/newFactura.do?nis=5952550451&vigente=1 HTTP/1.1" 200 8462
172.27.113.173 - - [09/Dec/2021:12:37:36 +0000] "GET /ges/newFactura_1.do?action=newFactura_1&id_suministro=109133 HTTP/1.1" 200 13849
172.27.113.173 - - [09/Dec/2021:12:37:43 +0000] "POST /ges/newFactura_2.do HTTP/1.1" 200 10514
172.27.113.173 - - [09/Dec/2021:12:37:47 +0000] "POST /ges/newFactura_3.do HTTP/1.1" 200 23104
172.27.113.173 - - [09/Dec/2021:12:37:57 +0000] "POST /ges/newFactura_4.do HTTP/1.1" 200 31415
172.27.113.173 - - [09/Dec/2021:12:38:47 +0000] "POST /ges/newFactura_4.do HTTP/1.1" 200 32439
172.27.113.173 - - [09/Dec/2021:12:38:54 +0000] "POST /ges/newFactura_4.do HTTP/1.1" 200 7836
172.27.113.173 - - [09/Dec/2021:12:38:55 +0000] "POST /ges/newFactura.do HTTP/1.1" 200 8033
172.27.113.173 - - [09/Dec/2021:12:39:03 +0000] "GET /ges/newFactura.do?nis=6262368092&vigente=1 HTTP/1.1" 200 8462
172.27.113.173 - - [09/Dec/2021:12:39:03 +0000] "GET /ges/newFactura_1.do?action=newFactura_1&id_suministro=109410 HTTP/1.1" 200 13885
172.27.113.173 - - [09/Dec/2021:12:39:09 +0000] "POST /ges/newFactura_2.do HTTP/1.1" 200 10550
172.27.113.173 - - [09/Dec/2021:12:39:12 +0000] "POST /ges/newFactura_3.do HTTP/1.1" 200 23230
172.27.110.100 - - [09/Dec/2021:12:39:23 +0000] "POST /ges/newFactura_4.do HTTP/1.1" 200 38014
172.27.113.173 - - [09/Dec/2021:12:39:25 +0000] "POST /ges/newFactura_4.do HTTP/1.1" 200 31443
172.27.113.173 - - [09/Dec/2021:12:39:28 +0000] "POST /ges/newFactura_4.do HTTP/1.1" 200 7836
172.27.113.173 - - [09/Dec/2021:12:39:29 +0000] "POST /ges/newFactura.do HTTP/1.1" 200 8033
172.27.113.173 - - [09/Dec/2021:12:39:38 +0000] "GET /ges/newFactura.do?nis=6317826775&vigente=1 HTTP/1.1" 200 8462
172.27.113.173 - - [09/Dec/2021:12:39:38 +0000] "GET /ges/newFactura_1.do?action=newFactura_1&id_suministro=109265 HTTP/1.1" 200 13730
172.27.113.173 - - [09/Dec/2021:12:39:45 +0000] "POST /ges/newFactura_2.do HTTP/1.1" 200 10395
172.27.110.100 - - [09/Dec/2021:12:39:48 +0000] "POST /ges/newFactura_4.do HTTP/1.1" 200 39626
172.27.113.173 - - [09/Dec/2021:12:39:50 +0000] "POST /ges/newFactura_3.do HTTP/1.1" 200 23075
172.27.110.100 - - [09/Dec/2021:12:39:51 +0000] "POST /ges/newFactura_4.do HTTP/1.1" 200 7836
172.27.110.100 - - [09/Dec/2021:12:39:52 +0000] "POST /ges/newFactura.do HTTP/1.1" 200 8033
172.27.110.100 - - [09/Dec/2021:12:39:57 +0000] "GET /ges/newFactura.do?nis=2450305&vigente=1 HTTP/1.1" 200 8458
172.27.110.100 - - [09/Dec/2021:12:39:57 +0000] "GET /ges/newFactura_1.do?action=newFactura_1&id_suministro=8316 HTTP/1.1" 200 14211
172.27.110.100 - - [09/Dec/2021:12:40:00 +0000] "POST /ges/newFactura_2.do HTTP/1.1" 200 14320
172.27.113.173 - - [09/Dec/2021:12:40:03 +0000] "POST /ges/newFactura_4.do HTTP/1.1" 200 31281
172.27.110.100 - - [09/Dec/2021:12:40:10 +0000] "POST /ges/newFactura_2.do HTTP/1.1" 200 14320
172.27.110.100 - - [09/Dec/2021:12:40:15 +0000] "POST /ges/newFactura_2.do HTTP/1.1" 200 10516
172.27.110.100 - - [09/Dec/2021:12:40:16 +0000] "GET /ges/newFactura.do HTTP/1.1" 200 8033
172.27.113.173 - - [09/Dec/2021:12:40:18 +0000] "POST /ges/newFactura_4.do HTTP/1.1" 200 32306
172.27.110.100 - - [09/Dec/2021:12:40:20 +0000] "GET /ges/newFactura.do?nis=2450289&vigente=1 HTTP/1.1" 200 8458
172.27.110.100 - - [09/Dec/2021:12:40:20 +0000] "GET /ges/newFactura_1.do?action=newFactura_1&id_suministro=8311 HTTP/1.1" 200 14207
172.27.113.173 - - [09/Dec/2021:12:40:25 +0000] "POST /ges/newFactura_4.do HTTP/1.1" 200 7836
172.27.113.173 - - [09/Dec/2021:12:40:26 +0000] "POST /ges/newFactura.do HTTP/1.1" 200 8033
172.27.110.100 - - [09/Dec/2021:12:40:33 +0000] "POST /ges/newFactura_2.do HTTP/1.1" 200 10516
172.27.113.173 - - [09/Dec/2021:12:40:34 +0000] "GET /ges/newFactura.do?nis=6580950646&vigente=1 HTTP/1.1" 200 8462
