172.27.113.173 - - [09/Dec/2021:14:39:06 +0000] "GET /ges/newFactura.do HTTP/1.1" 200 8033
172.27.110.168 - - [09/Dec/2021:14:39:06 +0000] "GET /ges/showPrestadores.do HTTP/1.1" 200 44573
172.27.113.173 - - [09/Dec/2021:14:39:10 +0000] "GET /ges/newFactura.do?nis=1574299&vigente=1 HTTP/1.1" 200 8479
172.27.113.173 - - [09/Dec/2021:14:39:10 +0000] "GET /ges/newFactura_1.do?action=newFactura_1&id_suministro=109080 HTTP/1.1" 200 13430
172.27.110.168 - - [09/Dec/2021:14:39:10 +0000] "GET /ges/showTarifas.do?id_prestador=1210 HTTP/1.1" 200 19724
172.27.110.168 - - [09/Dec/2021:14:39:13 +0000] "GET /ges/editTarifa.do?id_tarifa=33&id_prestador=1210 HTTP/1.1" 200 75505
172.27.113.126 - - [09/Dec/2021:14:39:25 +0000] "GET /ges/showFactura.do?idSuministro=8374&anio=2021&mes=11 HTTP/1.1" 200 19786
172.27.113.173 - - [09/Dec/2021:14:39:32 +0000] "POST /ges/newFactura_2.do HTTP/1.1" 200 10538
172.27.113.173 - - [09/Dec/2021:14:39:35 +0000] "POST /ges/newFactura_3.do HTTP/1.1" 200 23973
172.27.110.168 - - [09/Dec/2021:14:39:41 +0000] "GET /ges/editTarifa.do?id_tarifa=10239&id_prestador=1210 HTTP/1.1" 200 80714
172.27.113.173 - - [09/Dec/2021:14:39:45 +0000] "POST /ges/newFactura_4.do HTTP/1.1" 200 31088
172.27.113.173 - - [09/Dec/2021:14:39:48 +0000] "POST /ges/newFactura_4.do HTTP/1.1" 200 7836
172.27.113.173 - - [09/Dec/2021:14:39:48 +0000] "POST /ges/newFactura.do HTTP/1.1" 200 8033
172.27.113.173 - - [09/Dec/2021:14:39:52 +0000] "GET /ges/newFactura.do?nis=1574295&vigente=1 HTTP/1.1" 200 8479
172.27.113.173 - - [09/Dec/2021:14:39:52 +0000] "GET /ges/newFactura_1.do?action=newFactura_1&id_suministro=109084 HTTP/1.1" 200 13468
172.27.113.173 - - [09/Dec/2021:14:39:58 +0000] "POST /ges/newFactura_2.do HTTP/1.1" 200 10576
172.27.113.173 - - [09/Dec/2021:14:40:01 +0000] "POST /ges/newFactura_3.do HTTP/1.1" 200 23980
172.27.113.173 - - [09/Dec/2021:14:40:11 +0000] "POST /ges/newFactura_4.do HTTP/1.1" 200 31148
172.27.113.173 - - [09/Dec/2021:14:40:14 +0000] "POST /ges/newFactura_4.do HTTP/1.1" 200 7836
172.27.113.173 - - [09/Dec/2021:14:40:15 +0000] "POST /ges/newFactura.do HTTP/1.1" 200 8033
172.27.113.173 - - [09/Dec/2021:14:40:18 +0000] "GET /ges/newFactura.do?nis=1450590&vigente=1 HTTP/1.1" 200 8475
172.27.113.173 - - [09/Dec/2021:14:40:19 +0000] "GET /ges/newFactura_1.do?action=newFactura_1&id_suministro=8246 HTTP/1.1" 200 13550
172.27.113.173 - - [09/Dec/2021:14:40:29 +0000] "POST /ges/newFactura_2.do HTTP/1.1" 200 10662
172.27.113.173 - - [09/Dec/2021:14:40:34 +0000] "POST /ges/newFactura_3.do HTTP/1.1" 200 24071
172.27.113.173 - - [09/Dec/2021:14:40:42 +0000] "POST /ges/newFactura_4.do HTTP/1.1" 200 31257
172.27.113.173 - - [09/Dec/2021:14:40:48 +0000] "POST /ges/newFactura_4.do HTTP/1.1" 200 7836
172.27.113.173 - - [09/Dec/2021:14:40:49 +0000] "POST /ges/newFactura.do HTTP/1.1" 200 8033
172.27.110.100 - - [09/Dec/2021:14:40:49 +0000] "POST /ges/newFactura_3.do HTTP/1.1" 200 24862
172.27.113.173 - - [09/Dec/2021:14:40:57 +0000] "GET /ges/newFactura.do?nis=1574299&vigente=1 HTTP/1.1" 200 8479
172.27.113.173 - - [09/Dec/2021:14:40:57 +0000] "GET /ges/newFactura_1.do?action=newFactura_1&id_suministro=109080 HTTP/1.1" 200 13430
172.27.113.173 - - [09/Dec/2021:14:41:06 +0000] "POST /ges/newFactura_2.do HTTP/1.1" 200 10538
172.27.113.173 - - [09/Dec/2021:14:41:11 +0000] "POST /ges/newFactura_3.do HTTP/1.1" 200 23973
172.27.110.100 - - [09/Dec/2021:14:41:15 +0000] "POST /ges/newFactura_4.do HTTP/1.1" 200 32915
172.27.113.173 - - [09/Dec/2021:14:41:19 +0000] "POST /ges/newFactura_4.do HTTP/1.1" 200 31093
172.27.110.100 - - [09/Dec/2021:14:41:19 +0000] "POST /ges/newFactura_4.do HTTP/1.1" 200 7836
172.27.110.100 - - [09/Dec/2021:14:41:20 +0000] "POST /ges/newFactura.do HTTP/1.1" 200 8033
172.27.113.173 - - [09/Dec/2021:14:41:22 +0000] "POST /ges/newFactura_4.do HTTP/1.1" 200 7836
172.27.110.100 - - [09/Dec/2021:14:41:23 +0000] "GET /ges/newFactura.do?nis=91222&vigente=1 HTTP/1.1" 200 8461
172.27.110.100 - - [09/Dec/2021:14:41:23 +0000] "GET /ges/newFactura_1.do?action=newFactura_1&id_suministro=109188 HTTP/1.1" 200 13852
172.27.113.173 - - [09/Dec/2021:14:41:23 +0000] "POST /ges/newFactura.do HTTP/1.1" 200 8033
172.27.110.100 - - [09/Dec/2021:14:41:32 +0000] "POST /ges/newFactura_2.do HTTP/1.1" 200 10517
172.27.110.100 - - [09/Dec/2021:14:41:34 +0000] "POST /ges/newFactura_3.do HTTP/1.1" 200 24858
172.27.113.173 - - [09/Dec/2021:14:41:35 +0000] "GET /ges/newFactura.do?nis=1450590&vigente=1 HTTP/1.1" 200 8475
172.27.113.173 - - [09/Dec/2021:14:41:36 +0000] "GET /ges/newFactura_1.do?action=newFactura_1&id_suministro=8246 HTTP/1.1" 200 13550
172.27.113.173 - - [09/Dec/2021:14:41:39 +0000] "POST /ges/newFactura_2.do HTTP/1.1" 200 13661
172.27.113.173 - - [09/Dec/2021:14:41:40 +0000] "GET /ges/newFactura.do HTTP/1.1" 200 8033
172.27.110.100 - - [09/Dec/2021:14:41:41 +0000] "POST /ges/newFactura_4.do HTTP/1.1" 200 24435
172.27.110.100 - - [09/Dec/2021:14:41:43 +0000] "POST /ges/newFactura_4.do HTTP/1.1" 200 7836
172.27.113.173 - - [09/Dec/2021:14:41:44 +0000] "GET /ges/newFactura.do?nis=1574250&vigente=1 HTTP/1.1" 200 8479
172.27.113.173 - - [09/Dec/2021:14:41:44 +0000] "GET /ges/newFactura_1.do?action=newFactura_1&id_suministro=109078 HTTP/1.1" 200 13429
172.27.110.100 - - [09/Dec/2021:14:41:50 +0000] "POST /ges/showFacturas.do HTTP/1.1" 200 31432
172.27.110.100 - - [09/Dec/2021:14:41:53 +0000] "POST /ges/showFacturas.do HTTP/1.1" 200 31432
172.27.113.173 - - [09/Dec/2021:14:41:54 +0000] "POST /ges/newFactura_2.do HTTP/1.1" 200 10537
172.27.113.173 - - [09/Dec/2021:14:41:57 +0000] "POST /ges/newFactura_3.do HTTP/1.1" 200 23943
172.27.113.173 - - [09/Dec/2021:14:42:05 +0000] "POST /ges/newFactura_4.do HTTP/1.1" 200 31125
172.27.113.173 - - [09/Dec/2021:14:42:08 +0000] "POST /ges/newFactura_4.do HTTP/1.1" 200 7836
172.27.113.173 - - [09/Dec/2021:14:42:08 +0000] "POST /ges/newFactura.do HTTP/1.1" 200 8033
172.27.113.173 - - [09/Dec/2021:14:42:12 +0000] "GET /ges/newFactura.do?nis=1574295&vigente=1 HTTP/1.1" 200 8479
172.27.113.173 - - [09/Dec/2021:14:42:12 +0000] "GET /ges/newFactura_1.do?action=newFactura_1&id_suministro=109084 HTTP/1.1" 200 13468
172.27.113.173 - - [09/Dec/2021:14:42:24 +0000] "POST /ges/newFactura_2.do HTTP/1.1" 200 10576
172.27.113.173 - - [09/Dec/2021:14:42:27 +0000] "POST /ges/newFactura_3.do HTTP/1.1" 200 23981
172.27.110.100 - - [09/Dec/2021:14:42:37 +0000] "POST /ges/newFactura.do HTTP/1.1" 200 8033
172.27.110.100 - - [09/Dec/2021:14:42:42 +0000] "GET /ges/newFactura.do?nis=91235&vigente=1 HTTP/1.1" 200 8461
172.27.110.100 - - [09/Dec/2021:14:42:42 +0000] "GET /ges/newFactura_1.do?action=newFactura_1&id_suministro=109182 HTTP/1.1" 200 13852
172.27.113.173 - - [09/Dec/2021:14:42:44 +0000] "POST /ges/newFactura_4.do HTTP/1.1" 200 31148
172.27.113.173 - - [09/Dec/2021:14:42:47 +0000] "POST /ges/newFactura_4.do HTTP/1.1" 200 7836
172.27.113.173 - - [09/Dec/2021:14:42:47 +0000] "POST /ges/newFactura.do HTTP/1.1" 200 8033
172.27.113.173 - - [09/Dec/2021:14:42:51 +0000] "GET /ges/newFactura.do?nis=1574250&vigente=1 HTTP/1.1" 200 8479
172.27.110.100 - - [09/Dec/2021:14:42:51 +0000] "POST /ges/newFactura_2.do HTTP/1.1" 200 10517
172.27.113.173 - - [09/Dec/2021:14:42:51 +0000] "GET /ges/newFactura_1.do?action=newFactura_1&id_suministro=109078 HTTP/1.1" 200 13429
172.27.113.173 - - [09/Dec/2021:14:42:56 +0000] "POST /ges/newFactura_2.do HTTP/1.1" 200 10537
172.27.113.173 - - [09/Dec/2021:14:42:59 +0000] "POST /ges/newFactura_3.do HTTP/1.1" 200 23943
172.27.110.100 - - [09/Dec/2021:14:42:59 +0000] "POST /ges/newFactura_3.do HTTP/1.1" 200 24816
172.27.113.173 - - [09/Dec/2021:14:43:06 +0000] "POST /ges/newFactura_4.do HTTP/1.1" 200 31125
172.27.113.173 - - [09/Dec/2021:14:43:09 +0000] "POST /ges/newFactura_4.do HTTP/1.1" 200 7836
172.27.113.173 - - [09/Dec/2021:14:43:09 +0000] "POST /ges/newFactura.do HTTP/1.1" 200 8033
172.27.110.100 - - [09/Dec/2021:14:43:11 +0000] "POST /ges/newFactura_4.do HTTP/1.1" 200 32001
172.27.113.173 - - [09/Dec/2021:14:43:13 +0000] "GET /ges/newFactura.do?nis=1574293&vigente=1 HTTP/1.1" 200 8463
172.27.113.173 - - [09/Dec/2021:14:43:13 +0000] "GET /ges/newFactura_1.do?action=newFactura_1&id_suministro=109075 HTTP/1.1" 200 13496
172.27.113.173 - - [09/Dec/2021:14:43:18 +0000] "POST /ges/newFactura_2.do HTTP/1.1" 200 10604
172.27.113.173 - - [09/Dec/2021:14:43:21 +0000] "POST /ges/newFactura_3.do HTTP/1.1" 200 24064
172.27.113.173 - - [09/Dec/2021:14:43:32 +0000] "POST /ges/newFactura_4.do HTTP/1.1" 200 32132
172.27.113.173 - - [09/Dec/2021:14:43:36 +0000] "POST /ges/newFactura_4.do HTTP/1.1" 200 33180
172.27.113.173 - - [09/Dec/2021:14:43:40 +0000] "POST /ges/newFactura_4.do HTTP/1.1" 200 7836
172.27.113.173 - - [09/Dec/2021:14:43:40 +0000] "POST /ges/newFactura.do HTTP/1.1" 200 8033
172.27.110.100 - - [09/Dec/2021:14:43:44 +0000] "POST /ges/newFactura_4.do HTTP/1.1" 200 32905
172.27.113.173 - - [09/Dec/2021:14:43:45 +0000] "GET /ges/newFactura.do?nis=1592750&vigente=1 HTTP/1.1" 200 8466
172.27.113.173 - - [09/Dec/2021:14:43:45 +0000] "GET /ges/newFactura_1.do?action=newFactura_1&id_suministro=109077 HTTP/1.1" 200 13527
172.27.113.173 - - [09/Dec/2021:14:43:51 +0000] "POST /ges/newFactura_2.do HTTP/1.1" 200 10635
172.27.113.173 - - [09/Dec/2021:14:43:57 +0000] "POST /ges/newFactura_2.do HTTP/1.1" 200 10635
172.27.113.173 - - [09/Dec/2021:14:44:00 +0000] "POST /ges/newFactura_3.do HTTP/1.1" 200 23224
172.27.113.173 - - [09/Dec/2021:14:44:05 +0000] "POST /ges/newFactura_4.do HTTP/1.1" 200 30317
172.27.113.173 - - [09/Dec/2021:14:44:17 +0000] "POST /ges/newFactura_4.do HTTP/1.1" 200 31232
172.27.113.173 - - [09/Dec/2021:14:44:20 +0000] "POST /ges/newFactura_4.do HTTP/1.1" 200 7836
172.27.113.173 - - [09/Dec/2021:14:44:20 +0000] "POST /ges/newFactura.do HTTP/1.1" 200 8033
172.27.110.100 - - [09/Dec/2021:14:44:22 +0000] "POST /ges/newFactura_4.do HTTP/1.1" 200 32905
172.27.113.173 - - [09/Dec/2021:14:44:24 +0000] "GET /ges/newFactura.do?nis=1574241&vigente=1 HTTP/1.1" 200 8466
172.27.113.173 - - [09/Dec/2021:14:44:24 +0000] "GET /ges/newFactura_1.do?action=newFactura_1&id_suministro=109071 HTTP/1.1" 200 13499
172.27.110.100 - - [09/Dec/2021:14:44:29 +0000] "POST /ges/newFactura_4.do HTTP/1.1" 200 7836
172.27.113.173 - - [09/Dec/2021:14:44:29 +0000] "POST /ges/newFactura_2.do HTTP/1.1" 200 10607
172.27.110.100 - - [09/Dec/2021:14:44:30 +0000] "POST /ges/newFactura.do HTTP/1.1" 200 8033
172.27.113.173 - - [09/Dec/2021:14:44:32 +0000] "POST /ges/newFactura_3.do HTTP/1.1" 200 23336
172.27.110.100 - - [09/Dec/2021:14:44:33 +0000] "GET /ges/newFactura.do?nis=91235&vigente=1 HTTP/1.1" 200 8461
172.27.110.100 - - [09/Dec/2021:14:44:33 +0000] "GET /ges/newFactura_1.do?action=newFactura_1&id_suministro=109182 HTTP/1.1" 200 13852
172.27.110.100 - - [09/Dec/2021:14:44:39 +0000] "POST /ges/newFactura_2.do HTTP/1.1" 200 10517
172.27.113.173 - - [09/Dec/2021:14:44:41 +0000] "POST /ges/newFactura_4.do HTTP/1.1" 200 31224
172.27.110.100 - - [09/Dec/2021:14:44:42 +0000] "POST /ges/newFactura_3.do HTTP/1.1" 200 24814
172.27.113.173 - - [09/Dec/2021:14:44:45 +0000] "POST /ges/newFactura_4.do HTTP/1.1" 200 7836
172.27.113.173 - - [09/Dec/2021:14:44:45 +0000] "POST /ges/newFactura.do HTTP/1.1" 200 8033
172.27.110.100 - - [09/Dec/2021:14:44:46 +0000] "POST /ges/newFactura_4.do HTTP/1.1" 200 24428
172.27.113.173 - - [09/Dec/2021:14:44:49 +0000] "GET /ges/newFactura.do?nis=1574244&vigente=1 HTTP/1.1" 200 8466
172.27.113.173 - - [09/Dec/2021:14:44:49 +0000] "GET /ges/newFactura_1.do?action=newFactura_1&id_suministro=109068 HTTP/1.1" 200 13499
172.27.110.100 - - [09/Dec/2021:14:44:50 +0000] "POST /ges/newFactura_4.do HTTP/1.1" 200 7836
172.27.113.173 - - [09/Dec/2021:14:44:56 +0000] "POST /ges/newFactura_2.do HTTP/1.1" 200 10607
172.27.110.100 - - [09/Dec/2021:14:44:57 +0000] "POST /ges/showFacturas.do HTTP/1.1" 200 29549
172.27.113.173 - - [09/Dec/2021:14:44:59 +0000] "POST /ges/newFactura_3.do HTTP/1.1" 200 23197
172.27.113.173 - - [09/Dec/2021:14:45:05 +0000] "POST /ges/newFactura_4.do HTTP/1.1" 200 31213
172.27.113.173 - - [09/Dec/2021:14:45:08 +0000] "POST /ges/newFactura_4.do HTTP/1.1" 200 7836
172.27.113.173 - - [09/Dec/2021:14:45:09 +0000] "POST /ges/newFactura.do HTTP/1.1" 200 8033
172.27.113.173 - - [09/Dec/2021:14:45:16 +0000] "GET /ges/newFactura.do?nis=1574234&vigente=1 HTTP/1.1" 200 8466
172.27.113.173 - - [09/Dec/2021:14:45:17 +0000] "GET /ges/newFactura_1.do?action=newFactura_1&id_suministro=109070 HTTP/1.1" 200 13499
172.27.113.173 - - [09/Dec/2021:14:45:29 +0000] "POST /ges/newFactura_2.do HTTP/1.1" 200 10607
172.27.113.173 - - [09/Dec/2021:14:45:32 +0000] "POST /ges/newFactura_3.do HTTP/1.1" 200 23337
172.27.113.173 - - [09/Dec/2021:14:45:51 +0000] "POST /ges/newFactura_4.do HTTP/1.1" 200 32125
172.27.113.173 - - [09/Dec/2021:14:46:01 +0000] "POST /ges/newFactura_4.do HTTP/1.1" 200 33182
172.27.113.173 - - [09/Dec/2021:14:46:08 +0000] "POST /ges/newFactura_4.do HTTP/1.1" 200 7836
172.27.113.173 - - [09/Dec/2021:14:46:08 +0000] "POST /ges/newFactura.do HTTP/1.1" 200 8033
172.27.113.173 - - [09/Dec/2021:14:46:13 +0000] "GET /ges/newFactura.do?nis=1574248&vigente=1 HTTP/1.1" 200 8466
172.27.113.173 - - [09/Dec/2021:14:46:14 +0000] "GET /ges/newFactura_1.do?action=newFactura_1&id_suministro=109069 HTTP/1.1" 200 13499
172.27.113.173 - - [09/Dec/2021:14:46:24 +0000] "POST /ges/newFactura_2.do HTTP/1.1" 200 10607
172.27.113.173 - - [09/Dec/2021:14:46:27 +0000] "POST /ges/newFactura_3.do HTTP/1.1" 200 23331
172.27.113.173 - - [09/Dec/2021:14:46:33 +0000] "POST /ges/newFactura_4.do HTTP/1.1" 200 27552
172.27.110.100 - - [09/Dec/2021:14:46:35 +0000] "GET /ges/showFacturas.do HTTP/1.1" 200 23436
172.27.113.173 - - [09/Dec/2021:14:46:36 +0000] "POST /ges/newFactura_4.do HTTP/1.1" 200 7836
172.27.113.173 - - [09/Dec/2021:14:46:36 +0000] "POST /ges/newFactura.do HTTP/1.1" 200 8033
172.27.110.100 - - [09/Dec/2021:14:46:37 +0000] "POST /ges/newFactura.do HTTP/1.1" 200 8033
172.27.113.173 - - [09/Dec/2021:14:46:42 +0000] "GET /ges/newFactura.do?nis=1574245&vigente=1 HTTP/1.1" 200 8466
172.27.113.173 - - [09/Dec/2021:14:46:42 +0000] "GET /ges/newFactura_1.do?action=newFactura_1&id_suministro=109076 HTTP/1.1" 200 13419
172.27.110.100 - - [09/Dec/2021:14:46:43 +0000] "GET /ges/newFactura.do?nis=91224&vigente=1 HTTP/1.1" 200 8461
172.27.110.100 - - [09/Dec/2021:14:46:43 +0000] "GET /ges/newFactura_1.do?action=newFactura_1&id_suministro=109189 HTTP/1.1" 200 13852
172.27.110.168 - - [09/Dec/2021:14:46:53 +0000] "GET /ges/showTarifas.do?id_prestador=1210 HTTP/1.1" 200 19724
172.27.110.100 - - [09/Dec/2021:14:46:53 +0000] "POST /ges/newFactura_2.do HTTP/1.1" 200 10517
172.27.113.173 - - [09/Dec/2021:14:46:54 +0000] "POST /ges/newFactura_2.do HTTP/1.1" 200 10527
172.27.113.173 - - [09/Dec/2021:14:46:57 +0000] "POST /ges/newFactura_3.do HTTP/1.1" 200 23256
172.27.110.100 - - [09/Dec/2021:14:46:57 +0000] "POST /ges/newFactura_3.do HTTP/1.1" 200 24819
172.27.113.173 - - [09/Dec/2021:14:47:11 +0000] "POST /ges/newFactura_4.do HTTP/1.1" 200 31128
172.27.113.173 - - [09/Dec/2021:14:47:14 +0000] "POST /ges/newFactura_4.do HTTP/1.1" 200 7836
172.27.113.173 - - [09/Dec/2021:14:47:15 +0000] "POST /ges/newFactura.do HTTP/1.1" 200 8033
172.27.113.173 - - [09/Dec/2021:14:47:20 +0000] "GET /ges/newFactura.do?nis=1523601&vigente=1 HTTP/1.1" 200 8458
172.27.113.173 - - [09/Dec/2021:14:47:21 +0000] "GET /ges/newFactura_1.do?action=newFactura_1&id_suministro=8271 HTTP/1.1" 200 14084
172.27.110.100 - - [09/Dec/2021:14:47:31 +0000] "POST /ges/newFactura_4.do HTTP/1.1" 200 32909
172.27.110.100 - - [09/Dec/2021:14:47:35 +0000] "POST /ges/newFactura_4.do HTTP/1.1" 200 7836
172.27.110.100 - - [09/Dec/2021:14:47:36 +0000] "POST /ges/newFactura.do HTTP/1.1" 200 8033
172.27.110.100 - - [09/Dec/2021:14:47:39 +0000] "GET /ges/newFactura.do?nis=91224&vigente=1 HTTP/1.1" 200 8461
172.27.110.100 - - [09/Dec/2021:14:47:40 +0000] "GET /ges/newFactura_1.do?action=newFactura_1&id_suministro=109189 HTTP/1.1" 200 13852
172.27.110.100 - - [09/Dec/2021:14:47:51 +0000] "POST /ges/newFactura_2.do HTTP/1.1" 200 10517
172.27.113.173 - - [09/Dec/2021:14:47:51 +0000] "POST /ges/newFactura_2.do HTTP/1.1" 200 10393
172.27.110.100 - - [09/Dec/2021:14:47:54 +0000] "POST /ges/newFactura_3.do HTTP/1.1" 200 24815
172.27.113.173 - - [09/Dec/2021:14:47:54 +0000] "POST /ges/newFactura_3.do HTTP/1.1" 200 29923
172.27.110.100 - - [09/Dec/2021:14:47:56 +0000] "POST /ges/newFactura_4.do HTTP/1.1" 200 32880
172.27.110.168 - - [09/Dec/2021:14:47:57 +0000] "POST /ges/saveTarifa.do HTTP/1.1" 200 20551
172.27.110.100 - - [09/Dec/2021:14:48:00 +0000] "POST /ges/newFactura_4.do HTTP/1.1" 200 24429
172.27.110.168 - - [09/Dec/2021:14:48:05 +0000] "GET /ges/editTarifa.do?id_tarifa=10333&id_prestador=1210 HTTP/1.1" 200 75738
172.27.110.100 - - [09/Dec/2021:14:48:06 +0000] "POST /ges/newFactura_4.do HTTP/1.1" 200 7836
172.27.110.100 - - [09/Dec/2021:14:48:06 +0000] "POST /ges/newFactura.do HTTP/1.1" 200 8033
172.27.113.173 - - [09/Dec/2021:14:48:09 +0000] "POST /ges/newFactura_4.do HTTP/1.1" 200 34187
172.27.110.100 - - [09/Dec/2021:14:48:13 +0000] "GET /ges/newFactura.do?nis=91301&vigente=1 HTTP/1.1" 200 8461
172.27.110.100 - - [09/Dec/2021:14:48:13 +0000] "GET /ges/newFactura_1.do?action=newFactura_1&id_suministro=109183 HTTP/1.1" 200 13852
172.27.113.173 - - [09/Dec/2021:14:48:13 +0000] "POST /ges/newFactura_4.do HTTP/1.1" 200 7836
172.27.113.173 - - [09/Dec/2021:14:48:14 +0000] "POST /ges/newFactura.do HTTP/1.1" 200 8033
172.27.113.173 - - [09/Dec/2021:14:48:19 +0000] "GET /ges/newFactura.do?nis=1450586&vigente=1 HTTP/1.1" 200 8458
172.27.113.173 - - [09/Dec/2021:14:48:20 +0000] "GET /ges/newFactura_1.do?action=newFactura_1&id_suministro=8245 HTTP/1.1" 200 14284
172.27.110.100 - - [09/Dec/2021:14:48:22 +0000] "POST /ges/newFactura_2.do HTTP/1.1" 200 10517
172.27.110.100 - - [09/Dec/2021:14:48:39 +0000] "POST /ges/newFactura_3.do HTTP/1.1" 200 24953
172.27.113.173 - - [09/Dec/2021:14:48:53 +0000] "POST /ges/newFactura_2.do HTTP/1.1" 200 10593
172.27.110.100 - - [09/Dec/2021:14:48:53 +0000] "POST /ges/newFactura_4.do HTTP/1.1" 200 31424
172.27.113.173 - - [09/Dec/2021:14:48:55 +0000] "POST /ges/newFactura_3.do HTTP/1.1" 200 30110
172.27.110.100 - - [09/Dec/2021:14:49:13 +0000] "POST /ges/newFactura_4.do HTTP/1.1" 200 32925
172.27.113.173 - - [09/Dec/2021:14:49:14 +0000] "POST /ges/newFactura_4.do HTTP/1.1" 200 34429
172.27.110.100 - - [09/Dec/2021:14:49:19 +0000] "POST /ges/newFactura_4.do HTTP/1.1" 200 7836
172.27.110.100 - - [09/Dec/2021:14:49:20 +0000] "POST /ges/newFactura.do HTTP/1.1" 200 8033
172.27.113.173 - - [09/Dec/2021:14:49:21 +0000] "POST /ges/newFactura_4.do HTTP/1.1" 200 7836
172.27.113.173 - - [09/Dec/2021:14:49:22 +0000] "POST /ges/newFactura.do HTTP/1.1" 200 8033
172.27.110.100 - - [09/Dec/2021:14:49:24 +0000] "GET /ges/newFactura.do?nis=91301&vigente=1 HTTP/1.1" 200 8461
172.27.110.100 - - [09/Dec/2021:14:49:24 +0000] "GET /ges/newFactura_1.do?action=newFactura_1&id_suministro=109183 HTTP/1.1" 200 13852
172.27.113.173 - - [09/Dec/2021:14:49:25 +0000] "GET /ges/newFactura.do?nis=1610256&vigente=1 HTTP/1.1" 200 8479
172.27.113.173 - - [09/Dec/2021:14:49:25 +0000] "GET /ges/newFactura_1.do?action=newFactura_1&id_suministro=109030 HTTP/1.1" 200 13497
172.27.110.100 - - [09/Dec/2021:14:49:29 +0000] "POST /ges/newFactura_2.do HTTP/1.1" 200 13963
172.27.110.100 - - [09/Dec/2021:14:49:32 +0000] "POST /ges/newFactura_2.do HTTP/1.1" 200 10517
172.27.110.100 - - [09/Dec/2021:14:49:35 +0000] "POST /ges/newFactura_3.do HTTP/1.1" 200 24951
172.27.110.100 - - [09/Dec/2021:14:49:37 +0000] "POST /ges/newFactura_4.do HTTP/1.1" 200 32895
172.27.113.173 - - [09/Dec/2021:14:49:39 +0000] "POST /ges/newFactura_2.do HTTP/1.1" 200 10605
172.27.110.100 - - [09/Dec/2021:14:49:40 +0000] "POST /ges/newFactura_4.do HTTP/1.1" 200 24434
172.27.113.173 - - [09/Dec/2021:14:49:42 +0000] "POST /ges/newFactura_3.do HTTP/1.1" 200 24100
172.27.110.100 - - [09/Dec/2021:14:49:44 +0000] "POST /ges/newFactura_4.do HTTP/1.1" 200 7836
172.27.110.100 - - [09/Dec/2021:14:49:51 +0000] "POST /ges/showFacturas.do HTTP/1.1" 200 29551
172.27.113.173 - - [09/Dec/2021:14:49:51 +0000] "POST /ges/newFactura_4.do HTTP/1.1" 200 32067
172.27.113.173 - - [09/Dec/2021:14:49:55 +0000] "POST /ges/newFactura_4.do HTTP/1.1" 200 33108
172.27.113.173 - - [09/Dec/2021:14:49:58 +0000] "POST /ges/newFactura_4.do HTTP/1.1" 200 7836
172.27.110.100 - - [09/Dec/2021:14:49:59 +0000] "POST /ges/newFactura.do HTTP/1.1" 200 8033
172.27.113.173 - - [09/Dec/2021:14:49:59 +0000] "POST /ges/newFactura.do HTTP/1.1" 200 8033
172.27.110.100 - - [09/Dec/2021:14:50:00 +0000] "GET /ges/newFactura.do?nis=4332&vigente=1 HTTP/1.1" 200 8462
172.27.110.100 - - [09/Dec/2021:14:50:00 +0000] "GET /ges/newFactura_1.do?action=newFactura_1&id_suministro=109482 HTTP/1.1" 200 13886
172.27.113.173 - - [09/Dec/2021:14:50:03 +0000] "GET /ges/newFactura.do?nis=1610704&vigente=1 HTTP/1.1" 200 8479
172.27.113.173 - - [09/Dec/2021:14:50:04 +0000] "GET /ges/newFactura_1.do?action=newFactura_1&id_suministro=109045 HTTP/1.1" 200 7718
172.27.113.173 - - [09/Dec/2021:14:50:06 +0000] "GET /ges/newFactura.do HTTP/1.1" 200 8033
172.27.113.173 - - [09/Dec/2021:14:50:08 +0000] "GET /ges/newFactura.do?nis=1610704&vigente=1 HTTP/1.1" 200 8479
172.27.113.173 - - [09/Dec/2021:14:50:08 +0000] "GET /ges/newFactura_1.do?action=newFactura_1&id_suministro=109045 HTTP/1.1" 200 7718
172.27.110.100 - - [09/Dec/2021:14:50:11 +0000] "POST /ges/newFactura_2.do HTTP/1.1" 200 10551
172.27.110.100 - - [09/Dec/2021:14:50:16 +0000] "POST /ges/newFactura_3.do HTTP/1.1" 200 24990
172.27.110.168 - - [09/Dec/2021:14:50:37 +0000] "POST /ges/editConceptoAFacturar.do HTTP/1.1" 200 17901
172.27.113.173 - - [09/Dec/2021:14:50:49 +0000] "GET /ges/newFactura.do HTTP/1.1" 200 8033
172.27.113.173 - - [09/Dec/2021:14:50:51 +0000] "GET /ges/newFactura.do?nis=1610704&vigente=1 HTTP/1.1" 200 8479
172.27.113.173 - - [09/Dec/2021:14:50:51 +0000] "GET /ges/newFactura_1.do?action=newFactura_1&id_suministro=109045 HTTP/1.1" 200 7718
172.27.113.173 - - [09/Dec/2021:14:50:53 +0000] "GET /ges/newFactura.do HTTP/1.1" 200 8033
172.27.110.168 - - [09/Dec/2021:14:50:58 +0000] "POST /ges/saveConceptoAFacturar.do HTTP/1.1" 200 18022
172.27.110.168 - - [09/Dec/2021:14:50:59 +0000] "POST /ges/saveConceptoAFacturar.do HTTP/1.1" 200 75849
172.27.110.100 - - [09/Dec/2021:14:50:59 +0000] "POST /ges/newFactura_4.do HTTP/1.1" 200 34756
172.27.110.100 - - [09/Dec/2021:14:51:03 +0000] "POST /ges/newFactura_4.do HTTP/1.1" 200 7836
172.27.110.100 - - [09/Dec/2021:14:51:04 +0000] "POST /ges/newFactura.do HTTP/1.1" 200 8033
172.27.110.168 - - [09/Dec/2021:14:51:10 +0000] "POST /ges/editConceptoAFacturar.do HTTP/1.1" 200 17907
172.27.110.100 - - [09/Dec/2021:14:51:13 +0000] "GET /ges/showImputaciones.do HTTP/1.1" 200 23936
172.27.110.100 - - [09/Dec/2021:14:51:21 +0000] "POST /ges/showFacturas.do HTTP/1.1" 200 27667
172.27.110.168 - - [09/Dec/2021:14:51:28 +0000] "POST /ges/saveConceptoAFacturar.do HTTP/1.1" 200 18028
172.27.110.168 - - [09/Dec/2021:14:51:30 +0000] "POST /ges/saveConceptoAFacturar.do HTTP/1.1" 200 75845
172.27.110.100 - - [09/Dec/2021:14:51:35 +0000] "GET /ges/newFactura.do HTTP/1.1" 200 8033
172.27.110.100 - - [09/Dec/2021:14:51:40 +0000] "GET /ges/newFactura.do HTTP/1.1" 200 8033
172.27.110.100 - - [09/Dec/2021:14:51:42 +0000] "GET /ges/newFactura.do?nis=4332&vigente=1 HTTP/1.1" 200 8462
172.27.110.100 - - [09/Dec/2021:14:51:42 +0000] "GET /ges/newFactura_1.do?action=newFactura_1&id_suministro=109482 HTTP/1.1" 200 13886
172.27.110.100 - - [09/Dec/2021:14:51:49 +0000] "POST /ges/newFactura_2.do HTTP/1.1" 200 10551
172.27.110.100 - - [09/Dec/2021:14:51:52 +0000] "POST /ges/newFactura_3.do HTTP/1.1" 200 24985
172.27.113.173 - - [09/Dec/2021:14:52:01 +0000] "GET /ges/newFactura.do?nis=1043930&vigente=1 HTTP/1.1" 200 8463
172.27.113.173 - - [09/Dec/2021:14:52:02 +0000] "GET /ges/newFactura_1.do?action=newFactura_1&id_suministro=108930 HTTP/1.1" 200 13368
172.27.110.168 - - [09/Dec/2021:14:52:13 +0000] "GET /ges/showTarifas.do?id_prestador=1210 HTTP/1.1" 200 20380
172.27.110.168 - - [09/Dec/2021:14:52:20 +0000] "GET /ges/editTarifa.do?id_tarifa=10239&id_prestador=1210 HTTP/1.1" 200 80714
172.27.110.100 - - [09/Dec/2021:14:52:32 +0000] "POST /ges/newFactura_4.do HTTP/1.1" 200 34730
172.27.110.100 - - [09/Dec/2021:14:52:40 +0000] "POST /ges/newFactura_4.do HTTP/1.1" 200 28754
172.27.113.126 - - [09/Dec/2021:14:52:41 +0000] "GET /ges/showMain.do HTTP/1.1" 200 8133
172.27.110.168 - - [09/Dec/2021:14:52:48 +0000] "POST /ges/removeConceptoAFacturar.do HTTP/1.1" 200 73727
172.27.110.100 - - [09/Dec/2021:14:52:56 +0000] "POST /ges/newFactura_4.do HTTP/1.1" 200 7836
172.27.110.100 - - [09/Dec/2021:14:53:00 +0000] "GET /ges/showFacturas.do HTTP/1.1" 200 23436
172.27.110.168 - - [09/Dec/2021:14:53:03 +0000] "POST /ges/removeConceptoAFacturar.do HTTP/1.1" 200 71521
172.27.113.173 - - [09/Dec/2021:14:53:07 +0000] "POST /ges/newFactura_2.do HTTP/1.1" 200 10476
172.27.110.100 - - [09/Dec/2021:14:53:07 +0000] "POST /ges/showFacturas.do HTTP/1.1" 200 29551
172.27.113.173 - - [09/Dec/2021:14:53:10 +0000] "POST /ges/newFactura_3.do HTTP/1.1" 200 23844
172.27.110.100 - - [09/Dec/2021:14:53:15 +0000] "GET /ges/newFactura.do HTTP/1.1" 200 8033
172.27.110.100 - - [09/Dec/2021:14:53:17 +0000] "GET /ges/newFactura.do?nis=4649&vigente=1 HTTP/1.1" 200 8462
172.27.110.100 - - [09/Dec/2021:14:53:17 +0000] "GET /ges/newFactura_1.do?action=newFactura_1&id_suministro=109491 HTTP/1.1" 200 13838
172.27.113.173 - - [09/Dec/2021:14:53:18 +0000] "POST /ges/newFactura_4.do HTTP/1.1" 200 31091
172.27.113.173 - - [09/Dec/2021:14:53:22 +0000] "POST /ges/newFactura_4.do HTTP/1.1" 200 7836
172.27.113.173 - - [09/Dec/2021:14:53:22 +0000] "POST /ges/newFactura.do HTTP/1.1" 200 8033
172.27.110.100 - - [09/Dec/2021:14:53:25 +0000] "POST /ges/newFactura_2.do HTTP/1.1" 200 10503
172.27.113.173 - - [09/Dec/2021:14:53:26 +0000] "GET /ges/newFactura.do?nis=1043930&vigente=1 HTTP/1.1" 200 8463
172.27.113.173 - - [09/Dec/2021:14:53:26 +0000] "GET /ges/newFactura_1.do?action=newFactura_1&id_suministro=108930 HTTP/1.1" 200 13368
172.27.110.100 - - [09/Dec/2021:14:53:29 +0000] "POST /ges/newFactura_3.do HTTP/1.1" 200 24930
172.27.113.173 - - [09/Dec/2021:14:53:38 +0000] "POST /ges/newFactura_2.do HTTP/1.1" 200 10476
172.27.113.173 - - [09/Dec/2021:14:53:41 +0000] "POST /ges/newFactura_3.do HTTP/1.1" 200 23844
172.27.113.173 - - [09/Dec/2021:14:53:49 +0000] "POST /ges/newFactura_4.do HTTP/1.1" 200 31091
172.27.110.100 - - [09/Dec/2021:14:53:50 +0000] "GET /ges/newFactura.do HTTP/1.1" 200 8033
172.27.110.168 - - [09/Dec/2021:14:53:50 +0000] "GET /ges/showTarifas.do?id_prestador=1210 HTTP/1.1" 200 20380
172.27.110.100 - - [09/Dec/2021:14:53:52 +0000] "GET /ges/newFactura.do?nis=1236&vigente=1 HTTP/1.1" 200 8461
172.27.110.100 - - [09/Dec/2021:14:53:52 +0000] "GET /ges/newFactura_1.do?action=newFactura_1&id_suministro=109181 HTTP/1.1" 200 13852
172.27.113.173 - - [09/Dec/2021:14:53:52 +0000] "POST /ges/newFactura_4.do HTTP/1.1" 200 7836
172.27.113.173 - - [09/Dec/2021:14:53:56 +0000] "POST /ges/newFactura.do HTTP/1.1" 200 8033
172.27.113.173 - - [09/Dec/2021:14:53:59 +0000] "GET /ges/newFactura.do?nis=1632881&vigente=1 HTTP/1.1" 200 8462
172.27.113.173 - - [09/Dec/2021:14:53:59 +0000] "GET /ges/newFactura_1.do?action=newFactura_1&id_suministro=109227 HTTP/1.1" 200 14094
172.27.110.100 - - [09/Dec/2021:14:54:03 +0000] "POST /ges/newFactura_2.do HTTP/1.1" 200 10517
172.27.110.100 - - [09/Dec/2021:14:54:06 +0000] "POST /ges/newFactura_3.do HTTP/1.1" 200 24814
172.27.113.173 - - [09/Dec/2021:14:54:10 +0000] "POST /ges/newFactura_2.do HTTP/1.1" 200 10395
172.27.113.173 - - [09/Dec/2021:14:54:13 +0000] "POST /ges/newFactura_3.do HTTP/1.1" 200 31787
172.27.110.100 - - [09/Dec/2021:14:54:33 +0000] "POST /ges/newFactura_4.do HTTP/1.1" 200 32912
172.27.110.100 - - [09/Dec/2021:14:54:38 +0000] "POST /ges/newFactura_4.do HTTP/1.1" 200 7836
172.27.110.100 - - [09/Dec/2021:14:54:39 +0000] "POST /ges/newFactura.do HTTP/1.1" 200 8033
172.27.110.100 - - [09/Dec/2021:14:54:41 +0000] "GET /ges/newFactura.do?nis=91236&vigente=1 HTTP/1.1" 200 8461
172.27.110.100 - - [09/Dec/2021:14:54:41 +0000] "GET /ges/newFactura_1.do?action=newFactura_1&id_suministro=109181 HTTP/1.1" 200 13852
172.27.110.100 - - [09/Dec/2021:14:54:47 +0000] "POST /ges/newFactura_2.do HTTP/1.1" 200 13963
172.27.110.100 - - [09/Dec/2021:14:54:50 +0000] "POST /ges/newFactura_2.do HTTP/1.1" 200 10517
172.27.110.100 - - [09/Dec/2021:14:54:53 +0000] "POST /ges/newFactura_3.do HTTP/1.1" 200 24811
172.27.113.173 - - [09/Dec/2021:14:54:56 +0000] "POST /ges/newFactura_4.do HTTP/1.1" 200 35138
172.27.110.100 - - [09/Dec/2021:14:54:59 +0000] "POST /ges/newFactura_4.do HTTP/1.1" 200 24429
172.27.110.100 - - [09/Dec/2021:14:55:01 +0000] "POST /ges/newFactura_4.do HTTP/1.1" 200 7836
172.27.110.100 - - [09/Dec/2021:14:55:09 +0000] "POST /ges/showFacturas.do HTTP/1.1" 200 29550
172.27.113.173 - - [09/Dec/2021:14:55:10 +0000] "POST /ges/newFactura_4.do HTTP/1.1" 200 7836
172.27.113.173 - - [09/Dec/2021:14:55:11 +0000] "POST /ges/newFactura.do HTTP/1.1" 200 8033
172.27.113.173 - - [09/Dec/2021:14:55:17 +0000] "GET /ges/newFactura.do?nis=1400334&vigente=1 HTTP/1.1" 200 8475
172.27.110.100 - - [09/Dec/2021:14:55:18 +0000] "POST /ges/newFactura.do HTTP/1.1" 200 8033
172.27.113.173 - - [09/Dec/2021:14:55:18 +0000] "GET /ges/newFactura_1.do?action=newFactura_1&id_suministro=8239 HTTP/1.1" 200 13378
172.27.110.100 - - [09/Dec/2021:14:55:20 +0000] "GET /ges/newFactura.do?nis=4330&vigente=1 HTTP/1.1" 200 8462
172.27.110.100 - - [09/Dec/2021:14:55:20 +0000] "GET /ges/newFactura_1.do?action=newFactura_1&id_suministro=109484 HTTP/1.1" 200 13886
172.27.110.100 - - [09/Dec/2021:14:55:29 +0000] "POST /ges/newFactura_2.do HTTP/1.1" 200 10551
172.27.113.173 - - [09/Dec/2021:14:55:30 +0000] "POST /ges/newFactura_2.do HTTP/1.1" 200 10490
172.27.110.100 - - [09/Dec/2021:14:55:32 +0000] "POST /ges/newFactura_3.do HTTP/1.1" 200 24987
172.27.113.173 - - [09/Dec/2021:14:55:35 +0000] "POST /ges/newFactura_3.do HTTP/1.1" 200 23901
172.27.113.173 - - [09/Dec/2021:14:55:52 +0000] "POST /ges/newFactura_4.do HTTP/1.1" 200 31062
172.27.113.173 - - [09/Dec/2021:14:55:55 +0000] "POST /ges/newFactura_4.do HTTP/1.1" 200 7836
172.27.113.173 - - [09/Dec/2021:14:55:55 +0000] "POST /ges/newFactura.do HTTP/1.1" 200 8033
172.27.113.173 - - [09/Dec/2021:14:55:58 +0000] "GET /ges/newFactura.do?nis=1400334&vigente=1 HTTP/1.1" 200 8475
172.27.113.173 - - [09/Dec/2021:14:55:58 +0000] "GET /ges/newFactura_1.do?action=newFactura_1&id_suministro=8239 HTTP/1.1" 200 13378
172.27.113.173 - - [09/Dec/2021:14:56:07 +0000] "POST /ges/newFactura_2.do HTTP/1.1" 200 10490
172.27.113.173 - - [09/Dec/2021:14:56:10 +0000] "POST /ges/newFactura_3.do HTTP/1.1" 200 23901
172.27.113.173 - - [09/Dec/2021:14:56:18 +0000] "POST /ges/newFactura_4.do HTTP/1.1" 200 31059
172.27.113.173 - - [09/Dec/2021:14:56:21 +0000] "POST /ges/newFactura_4.do HTTP/1.1" 200 7836
172.27.113.173 - - [09/Dec/2021:14:56:22 +0000] "POST /ges/newFactura.do HTTP/1.1" 200 8033
172.27.110.100 - - [09/Dec/2021:14:56:23 +0000] "POST /ges/newFactura_4.do HTTP/1.1" 200 34786
172.27.113.173 - - [09/Dec/2021:14:56:27 +0000] "GET /ges/newFactura.do?nis=1517890&vigente=1 HTTP/1.1" 200 8459
172.27.113.173 - - [09/Dec/2021:14:56:28 +0000] "GET /ges/newFactura_1.do?action=newFactura_1&id_suministro=8252 HTTP/1.1" 200 13362
172.27.113.173 - - [09/Dec/2021:14:56:33 +0000] "POST /ges/newFactura_2.do HTTP/1.1" 200 10474
172.27.113.173 - - [09/Dec/2021:14:56:38 +0000] "GET /ges/newFactura.do HTTP/1.1" 200 8033
172.27.113.173 - - [09/Dec/2021:14:56:43 +0000] "GET /ges/newFactura.do?nis=1517890&vigente=1 HTTP/1.1" 200 8459
172.27.113.173 - - [09/Dec/2021:14:56:43 +0000] "GET /ges/newFactura_1.do?action=newFactura_1&id_suministro=8252 HTTP/1.1" 200 13362
172.27.113.173 - - [09/Dec/2021:14:56:53 +0000] "POST /ges/newFactura_2.do HTTP/1.1" 200 10474
172.27.110.100 - - [09/Dec/2021:14:56:55 +0000] "POST /ges/newFactura_4.do HTTP/1.1" 200 34786
172.27.113.173 - - [09/Dec/2021:14:56:57 +0000] "POST /ges/newFactura_3.do HTTP/1.1" 200 23926
172.27.113.173 - - [09/Dec/2021:14:57:09 +0000] "POST /ges/newFactura_4.do HTTP/1.1" 200 31063
172.27.113.173 - - [09/Dec/2021:14:57:12 +0000] "POST /ges/newFactura_4.do HTTP/1.1" 200 7836
172.27.113.173 - - [09/Dec/2021:14:57:13 +0000] "POST /ges/newFactura.do HTTP/1.1" 200 8033
172.27.110.100 - - [09/Dec/2021:14:57:15 +0000] "POST /ges/newFactura_4.do HTTP/1.1" 200 35808
172.27.113.173 - - [09/Dec/2021:14:57:19 +0000] "GET /ges/newFactura.do?nis=1517890&vigente=1 HTTP/1.1" 200 8459
172.27.113.173 - - [09/Dec/2021:14:57:19 +0000] "GET /ges/newFactura_1.do?action=newFactura_1&id_suministro=8252 HTTP/1.1" 200 13362
172.27.113.173 - - [09/Dec/2021:14:57:29 +0000] "POST /ges/newFactura_2.do HTTP/1.1" 200 10474
172.27.110.100 - - [09/Dec/2021:14:57:29 +0000] "POST /ges/newFactura_4.do HTTP/1.1" 200 35811
172.27.113.173 - - [09/Dec/2021:14:57:32 +0000] "POST /ges/newFactura_3.do HTTP/1.1" 200 23927
172.27.110.100 - - [09/Dec/2021:14:57:32 +0000] "POST /ges/newFactura_4.do HTTP/1.1" 200 7836
172.27.110.100 - - [09/Dec/2021:14:57:33 +0000] "POST /ges/newFactura.do HTTP/1.1" 200 8033
172.27.110.100 - - [09/Dec/2021:14:57:36 +0000] "GET /ges/newFactura.do?nis=4330&vigente=1 HTTP/1.1" 200 8462
172.27.110.100 - - [09/Dec/2021:14:57:36 +0000] "GET /ges/newFactura_1.do?action=newFactura_1&id_suministro=109484 HTTP/1.1" 200 13886
172.27.113.173 - - [09/Dec/2021:14:57:39 +0000] "POST /ges/newFactura_4.do HTTP/1.1" 200 31063
172.27.113.173 - - [09/Dec/2021:14:57:42 +0000] "POST /ges/newFactura_4.do HTTP/1.1" 200 7836
172.27.110.100 - - [09/Dec/2021:14:57:43 +0000] "POST /ges/newFactura_2.do HTTP/1.1" 200 10551
172.27.110.100 - - [09/Dec/2021:14:57:46 +0000] "POST /ges/newFactura_3.do HTTP/1.1" 200 24984
172.27.113.173 - - [09/Dec/2021:14:57:54 +0000] "POST /ges/newFactura.do HTTP/1.1" 200 8033
172.27.113.173 - - [09/Dec/2021:14:57:57 +0000] "GET /ges/newFactura.do?nis=1610767&vigente=1 HTTP/1.1" 200 8462
172.27.113.173 - - [09/Dec/2021:14:57:57 +0000] "GET /ges/newFactura_1.do?action=newFactura_1&id_suministro=109234 HTTP/1.1" 200 14088
172.27.110.100 - - [09/Dec/2021:14:58:01 +0000] "POST /ges/newFactura_4.do HTTP/1.1" 200 28751
172.27.110.100 - - [09/Dec/2021:14:58:09 +0000] "POST /ges/newFactura_4.do HTTP/1.1" 200 7836
172.27.113.173 - - [09/Dec/2021:14:58:10 +0000] "POST /ges/newFactura_2.do HTTP/1.1" 200 10395
172.27.110.100 - - [09/Dec/2021:14:58:10 +0000] "POST /ges/newFactura.do HTTP/1.1" 200 8033
172.27.113.173 - - [09/Dec/2021:14:58:13 +0000] "POST /ges/newFactura_3.do HTTP/1.1" 200 30059
172.27.110.100 - - [09/Dec/2021:14:58:14 +0000] "GET /ges/newFactura.do?nis=92041&vigente=1 HTTP/1.1" 200 8464
172.27.110.100 - - [09/Dec/2021:14:58:15 +0000] "GET /ges/newFactura_1.do?action=newFactura_1&id_suministro=109249 HTTP/1.1" 200 13732
172.27.110.100 - - [09/Dec/2021:14:58:23 +0000] "POST /ges/newFactura_2.do HTTP/1.1" 200 10397
172.27.110.100 - - [09/Dec/2021:14:58:26 +0000] "POST /ges/newFactura_3.do HTTP/1.1" 200 24834
172.27.113.173 - - [09/Dec/2021:14:58:49 +0000] "POST /ges/newFactura_4.do HTTP/1.1" 200 36008
172.27.110.100 - - [09/Dec/2021:14:58:53 +0000] "POST /ges/newFactura_4.do HTTP/1.1" 200 32800
172.27.110.100 - - [09/Dec/2021:14:58:59 +0000] "POST /ges/newFactura_4.do HTTP/1.1" 200 7836
172.27.110.100 - - [09/Dec/2021:14:59:00 +0000] "POST /ges/newFactura.do HTTP/1.1" 200 8033
172.27.113.173 - - [09/Dec/2021:14:59:02 +0000] "POST /ges/newFactura_4.do HTTP/1.1" 200 37051
172.27.110.100 - - [09/Dec/2021:14:59:02 +0000] "GET /ges/newFactura.do?nis=92041&vigente=1 HTTP/1.1" 200 8464
172.27.110.100 - - [09/Dec/2021:14:59:02 +0000] "GET /ges/newFactura_1.do?action=newFactura_1&id_suministro=109249 HTTP/1.1" 200 13732
172.27.113.173 - - [09/Dec/2021:14:59:06 +0000] "POST /ges/newFactura_4.do HTTP/1.1" 200 7836
172.27.113.173 - - [09/Dec/2021:14:59:07 +0000] "POST /ges/newFactura.do HTTP/1.1" 200 8033
172.27.110.100 - - [09/Dec/2021:14:59:10 +0000] "POST /ges/newFactura_2.do HTTP/1.1" 200 10397
172.27.113.173 - - [09/Dec/2021:14:59:11 +0000] "GET /ges/newFactura.do?nis=1610769&vigente=1 HTTP/1.1" 200 8462
172.27.113.173 - - [09/Dec/2021:14:59:11 +0000] "GET /ges/newFactura_1.do?action=newFactura_1&id_suministro=109235 HTTP/1.1" 200 14090
172.27.110.100 - - [09/Dec/2021:14:59:14 +0000] "POST /ges/newFactura_3.do HTTP/1.1" 200 24831
172.27.110.100 - - [09/Dec/2021:14:59:16 +0000] "POST /ges/newFactura_4.do HTTP/1.1" 200 32770
172.27.113.173 - - [09/Dec/2021:14:59:17 +0000] "POST /ges/newFactura_2.do HTTP/1.1" 200 10395
172.27.113.173 - - [09/Dec/2021:14:59:20 +0000] "POST /ges/newFactura_3.do HTTP/1.1" 200 30057
172.27.110.100 - - [09/Dec/2021:14:59:20 +0000] "POST /ges/newFactura_4.do HTTP/1.1" 200 24298
172.27.110.100 - - [09/Dec/2021:14:59:24 +0000] "POST /ges/newFactura_4.do HTTP/1.1" 200 7836
172.27.110.100 - - [09/Dec/2021:14:59:29 +0000] "POST /ges/showFacturas.do HTTP/1.1" 200 31453
172.27.113.173 - - [09/Dec/2021:14:59:35 +0000] "POST /ges/newFactura_4.do HTTP/1.1" 200 35102
172.27.110.100 - - [09/Dec/2021:14:59:40 +0000] "GET /ges/removeFactura.do?id_factura=1340788 HTTP/1.1" 200 23556
172.27.110.100 - - [09/Dec/2021:14:59:42 +0000] "POST /ges/newFactura.do HTTP/1.1" 200 8033
172.27.110.100 - - [09/Dec/2021:14:59:47 +0000] "GET /ges/newFactura.do?nis=92041&vigente=1 HTTP/1.1" 200 8464
172.27.110.100 - - [09/Dec/2021:14:59:47 +0000] "GET /ges/newFactura_1.do?action=newFactura_1&id_suministro=109249 HTTP/1.1" 200 13732
172.27.113.173 - - [09/Dec/2021:14:59:48 +0000] "POST /ges/newFactura_4.do HTTP/1.1" 200 36145
172.27.110.100 - - [09/Dec/2021:14:59:55 +0000] "POST /ges/newFactura_2.do HTTP/1.1" 200 13843
172.27.113.173 - - [09/Dec/2021:14:59:57 +0000] "POST /ges/newFactura_4.do HTTP/1.1" 200 7836
172.27.110.100 - - [09/Dec/2021:14:59:57 +0000] "POST /ges/newFactura_2.do HTTP/1.1" 200 10397
172.27.113.173 - - [09/Dec/2021:14:59:58 +0000] "POST /ges/newFactura.do HTTP/1.1" 200 8033
172.27.110.100 - - [09/Dec/2021:15:00:01 +0000] "POST /ges/newFactura_3.do HTTP/1.1" 200 24831
172.27.113.173 - - [09/Dec/2021:15:00:03 +0000] "GET /ges/newFactura.do?nis=1610770&vigente=1 HTTP/1.1" 200 8462
172.27.113.173 - - [09/Dec/2021:15:00:03 +0000] "GET /ges/newFactura_1.do?action=newFactura_1&id_suministro=109236 HTTP/1.1" 200 14090
172.27.113.173 - - [09/Dec/2021:15:00:08 +0000] "POST /ges/newFactura_2.do HTTP/1.1" 200 10395
172.27.113.173 - - [09/Dec/2021:15:00:13 +0000] "POST /ges/newFactura_3.do HTTP/1.1" 200 30063
172.27.110.100 - - [09/Dec/2021:15:00:14 +0000] "POST /ges/newFactura_4.do HTTP/1.1" 200 24298
172.27.110.100 - - [09/Dec/2021:15:00:18 +0000] "POST /ges/newFactura_4.do HTTP/1.1" 200 7836
172.27.110.100 - - [09/Dec/2021:15:00:22 +0000] "POST /ges/showFacturas.do HTTP/1.1" 200 31453
172.27.113.173 - - [09/Dec/2021:15:00:29 +0000] "POST /ges/newFactura_4.do HTTP/1.1" 200 34203
172.27.110.100 - - [09/Dec/2021:15:00:32 +0000] "POST /ges/newFactura.do HTTP/1.1" 200 8033
172.27.113.173 - - [09/Dec/2021:15:00:33 +0000] "POST /ges/newFactura_4.do HTTP/1.1" 200 7836
172.27.113.173 - - [09/Dec/2021:15:00:34 +0000] "POST /ges/newFactura.do HTTP/1.1" 200 8033
172.27.110.100 - - [09/Dec/2021:15:00:34 +0000] "GET /ges/newFactura.do?nis=91235&vigente=1 HTTP/1.1" 200 8461
172.27.110.100 - - [09/Dec/2021:15:00:34 +0000] "GET /ges/newFactura_1.do?action=newFactura_1&id_suministro=109182 HTTP/1.1" 200 13852
172.27.113.173 - - [09/Dec/2021:15:00:38 +0000] "GET /ges/newFactura.do?nis=1610765&vigente=1 HTTP/1.1" 200 8462
172.27.113.173 - - [09/Dec/2021:15:00:38 +0000] "GET /ges/newFactura_1.do?action=newFactura_1&id_suministro=109233 HTTP/1.1" 200 14090
172.27.113.173 - - [09/Dec/2021:15:00:43 +0000] "POST /ges/newFactura_2.do HTTP/1.1" 200 10395
172.27.110.100 - - [09/Dec/2021:15:00:45 +0000] "POST /ges/newFactura_2.do HTTP/1.1" 200 13963
172.27.113.173 - - [09/Dec/2021:15:00:47 +0000] "POST /ges/newFactura_3.do HTTP/1.1" 200 30073
172.27.110.100 - - [09/Dec/2021:15:00:50 +0000] "POST /ges/newFactura_2.do HTTP/1.1" 200 13963
172.27.113.173 - - [09/Dec/2021:15:00:57 +0000] "GET /ges/newFactura.do HTTP/1.1" 200 8033
172.27.113.173 - - [09/Dec/2021:15:01:00 +0000] "GET /ges/newFactura.do?nis=1610765&vigente=1 HTTP/1.1" 200 8462
172.27.110.100 - - [09/Dec/2021:15:01:00 +0000] "GET /ges/newFactura.do HTTP/1.1" 200 8033
172.27.113.173 - - [09/Dec/2021:15:01:00 +0000] "GET /ges/newFactura_1.do?action=newFactura_1&id_suministro=109233 HTTP/1.1" 200 14090
172.27.110.100 - - [09/Dec/2021:15:01:02 +0000] "GET /ges/newFactura.do?nis=3689&vigente=1 HTTP/1.1" 200 8462
172.27.110.100 - - [09/Dec/2021:15:01:02 +0000] "GET /ges/newFactura_1.do?action=newFactura_1&id_suministro=109456 HTTP/1.1" 200 14367
172.27.113.173 - - [09/Dec/2021:15:01:05 +0000] "POST /ges/newFactura_2.do HTTP/1.1" 200 10395
172.27.113.173 - - [09/Dec/2021:15:01:08 +0000] "POST /ges/newFactura_3.do HTTP/1.1" 200 30073
172.27.110.100 - - [09/Dec/2021:15:01:10 +0000] "POST /ges/newFactura_2.do HTTP/1.1" 200 10672
172.27.110.100 - - [09/Dec/2021:15:01:17 +0000] "POST /ges/newFactura_2.do HTTP/1.1" 200 10672
172.27.110.100 - - [09/Dec/2021:15:01:26 +0000] "POST /ges/newFactura_3.do HTTP/1.1" 200 30142
172.27.113.173 - - [09/Dec/2021:15:01:29 +0000] "POST /ges/newFactura_4.do HTTP/1.1" 200 34207
172.27.113.173 - - [09/Dec/2021:15:01:33 +0000] "POST /ges/newFactura_4.do HTTP/1.1" 200 7836
172.27.110.100 - - [09/Dec/2021:15:01:33 +0000] "POST /ges/newFactura_3.do HTTP/1.1" 200 30142
172.27.113.173 - - [09/Dec/2021:15:01:33 +0000] "POST /ges/newFactura.do HTTP/1.1" 200 8033
172.27.113.173 - - [09/Dec/2021:15:01:38 +0000] "GET /ges/newFactura.do?nis=1665155&vigente=1 HTTP/1.1" 200 8479
172.27.113.173 - - [09/Dec/2021:15:01:38 +0000] "GET /ges/newFactura_1.do?action=newFactura_1&id_suministro=109345 HTTP/1.1" 200 13433
172.27.113.173 - - [09/Dec/2021:15:01:49 +0000] "POST /ges/newFactura_2.do HTTP/1.1" 200 13528
172.27.113.173 - - [09/Dec/2021:15:01:51 +0000] "POST /ges/newFactura_2.do HTTP/1.1" 200 10541
172.27.113.173 - - [09/Dec/2021:15:01:55 +0000] "POST /ges/newFactura_3.do HTTP/1.1" 200 24033
172.27.113.173 - - [09/Dec/2021:15:02:02 +0000] "POST /ges/newFactura_4.do HTTP/1.1" 200 28362
172.27.113.173 - - [09/Dec/2021:15:02:05 +0000] "POST /ges/newFactura_4.do HTTP/1.1" 200 7836
172.27.113.173 - - [09/Dec/2021:15:02:06 +0000] "POST /ges/newFactura.do HTTP/1.1" 200 8033
172.27.113.173 - - [09/Dec/2021:15:02:09 +0000] "GET /ges/newFactura.do?nis=1688191&vigente=1 HTTP/1.1" 200 8469
172.27.113.173 - - [09/Dec/2021:15:02:09 +0000] "GET /ges/newFactura_1.do?action=newFactura_1&id_suministro=109419 HTTP/1.1" 200 14298
172.27.113.173 - - [09/Dec/2021:15:02:18 +0000] "POST /ges/newFactura_2.do HTTP/1.1" 200 10607
172.27.113.173 - - [09/Dec/2021:15:02:27 +0000] "POST /ges/newFactura_3.do HTTP/1.1" 200 30270
172.27.110.100 - - [09/Dec/2021:15:02:31 +0000] "POST /ges/newFactura_4.do HTTP/1.1" 200 34184
172.27.113.173 - - [09/Dec/2021:15:02:46 +0000] "POST /ges/newFactura_4.do HTTP/1.1" 200 35338
172.27.110.100 - - [09/Dec/2021:15:02:57 +0000] "POST /ges/newFactura_4.do HTTP/1.1" 200 34184
172.27.113.173 - - [09/Dec/2021:15:02:59 +0000] "POST /ges/newFactura_4.do HTTP/1.1" 200 36379
172.27.113.173 - - [09/Dec/2021:15:03:04 +0000] "POST /ges/newFactura_4.do HTTP/1.1" 200 36400
172.27.110.100 - - [09/Dec/2021:15:03:04 +0000] "POST /ges/newFactura_4.do HTTP/1.1" 200 34202
172.27.110.100 - - [09/Dec/2021:15:03:06 +0000] "POST /ges/newFactura_4.do HTTP/1.1" 200 7836
172.27.113.173 - - [09/Dec/2021:15:03:07 +0000] "POST /ges/newFactura_4.do HTTP/1.1" 200 7836
172.27.110.100 - - [09/Dec/2021:15:03:07 +0000] "POST /ges/newFactura.do HTTP/1.1" 200 8033
172.27.113.173 - - [09/Dec/2021:15:03:08 +0000] "POST /ges/newFactura.do HTTP/1.1" 200 8033
172.27.110.100 - - [09/Dec/2021:15:03:10 +0000] "GET /ges/newFactura.do?nis=3689&vigente=1 HTTP/1.1" 200 8462
172.27.110.100 - - [09/Dec/2021:15:03:10 +0000] "GET /ges/newFactura_1.do?action=newFactura_1&id_suministro=109456 HTTP/1.1" 200 14367
172.27.113.173 - - [09/Dec/2021:15:03:14 +0000] "GET /ges/newFactura.do?nis=1692262&vigente=1 HTTP/1.1" 200 8462
172.27.113.173 - - [09/Dec/2021:15:03:14 +0000] "GET /ges/newFactura_1.do?action=newFactura_1&id_suministro=109446 HTTP/1.1" 200 14090
172.27.110.100 - - [09/Dec/2021:15:03:19 +0000] "POST /ges/newFactura_2.do HTTP/1.1" 200 10672
172.27.113.173 - - [09/Dec/2021:15:03:20 +0000] "POST /ges/newFactura_2.do HTTP/1.1" 200 10395
172.27.110.100 - - [09/Dec/2021:15:03:22 +0000] "POST /ges/newFactura_3.do HTTP/1.1" 200 30146
172.27.113.173 - - [09/Dec/2021:15:03:22 +0000] "POST /ges/newFactura_3.do HTTP/1.1" 200 30057
172.27.110.100 - - [09/Dec/2021:15:03:26 +0000] "POST /ges/newFactura_4.do HTTP/1.1" 200 24770
172.27.110.100 - - [09/Dec/2021:15:03:31 +0000] "POST /ges/newFactura_4.do HTTP/1.1" 200 7836
172.27.110.100 - - [09/Dec/2021:15:03:32 +0000] "POST /ges/newFactura.do HTTP/1.1" 200 8033
172.27.110.100 - - [09/Dec/2021:15:03:38 +0000] "GET /ges/newFactura.do?nis=4333&vigente=1 HTTP/1.1" 200 8462
172.27.110.100 - - [09/Dec/2021:15:03:38 +0000] "GET /ges/newFactura_1.do?action=newFactura_1&id_suministro=109483 HTTP/1.1" 200 13886
172.27.113.173 - - [09/Dec/2021:15:03:39 +0000] "POST /ges/newFactura_4.do HTTP/1.1" 200 36022
172.27.110.100 - - [09/Dec/2021:15:03:49 +0000] "POST /ges/newFactura_2.do HTTP/1.1" 200 10551
172.27.110.100 - - [09/Dec/2021:15:03:52 +0000] "POST /ges/newFactura_3.do HTTP/1.1" 200 24897
172.27.113.173 - - [09/Dec/2021:15:03:59 +0000] "POST /ges/newFactura_4.do HTTP/1.1" 200 37068
172.27.113.173 - - [09/Dec/2021:15:04:02 +0000] "POST /ges/newFactura_4.do HTTP/1.1" 200 38112
172.27.113.173 - - [09/Dec/2021:15:04:07 +0000] "POST /ges/newFactura_4.do HTTP/1.1" 200 7836
172.27.113.173 - - [09/Dec/2021:15:04:07 +0000] "POST /ges/newFactura.do HTTP/1.1" 200 8033
172.27.113.173 - - [09/Dec/2021:15:04:11 +0000] "GET /ges/newFactura.do?nis=1693134&vigente=1 HTTP/1.1" 200 8462
172.27.113.173 - - [09/Dec/2021:15:04:11 +0000] "GET /ges/newFactura_1.do?action=newFactura_1&id_suministro=109448 HTTP/1.1" 200 14090
172.27.113.173 - - [09/Dec/2021:15:04:16 +0000] "POST /ges/newFactura_2.do HTTP/1.1" 200 10395
172.27.113.173 - - [09/Dec/2021:15:04:21 +0000] "POST /ges/newFactura_3.do HTTP/1.1" 200 30065
172.27.113.173 - - [09/Dec/2021:15:04:37 +0000] "POST /ges/newFactura_4.do HTTP/1.1" 200 34204
172.27.113.173 - - [09/Dec/2021:15:04:40 +0000] "POST /ges/newFactura_4.do HTTP/1.1" 200 7836
172.27.113.173 - - [09/Dec/2021:15:04:40 +0000] "POST /ges/newFactura.do HTTP/1.1" 200 8033
172.27.113.173 - - [09/Dec/2021:15:04:44 +0000] "GET /ges/newFactura.do?nis=1689999&vigente=1 HTTP/1.1" 200 8462
172.27.113.173 - - [09/Dec/2021:15:04:44 +0000] "GET /ges/newFactura_1.do?action=newFactura_1&id_suministro=109424 HTTP/1.1" 200 14090
172.27.110.100 - - [09/Dec/2021:15:04:45 +0000] "POST /ges/newFactura_4.do HTTP/1.1" 200 33860
172.27.113.173 - - [09/Dec/2021:15:04:49 +0000] "POST /ges/newFactura_2.do HTTP/1.1" 200 10395
172.27.110.100 - - [09/Dec/2021:15:04:49 +0000] "POST /ges/newFactura_4.do HTTP/1.1" 200 7836
172.27.110.100 - - [09/Dec/2021:15:04:50 +0000] "POST /ges/newFactura.do HTTP/1.1" 200 8033
172.27.110.100 - - [09/Dec/2021:15:04:53 +0000] "GET /ges/newFactura.do?nis=4333&vigente=1 HTTP/1.1" 200 8462
172.27.110.100 - - [09/Dec/2021:15:04:53 +0000] "GET /ges/newFactura_1.do?action=newFactura_1&id_suministro=109483 HTTP/1.1" 200 13886
172.27.113.173 - - [09/Dec/2021:15:04:53 +0000] "POST /ges/newFactura_3.do HTTP/1.1" 200 30064
172.27.110.100 - - [09/Dec/2021:15:05:13 +0000] "POST /ges/showFacturas.do HTTP/1.1" 200 27666
172.27.110.100 - - [09/Dec/2021:15:05:17 +0000] "POST /ges/newFactura_2.do HTTP/1.1" 200 13997
172.27.110.100 - - [09/Dec/2021:15:05:21 +0000] "POST /ges/newFactura_2.do HTTP/1.1" 200 10551
172.27.113.173 - - [09/Dec/2021:15:05:23 +0000] "POST /ges/newFactura_4.do HTTP/1.1" 200 36937
172.27.110.100 - - [09/Dec/2021:15:05:25 +0000] "POST /ges/newFactura_3.do HTTP/1.1" 200 24892
172.27.113.173 - - [09/Dec/2021:15:05:35 +0000] "POST /ges/newFactura_4.do HTTP/1.1" 200 37977
172.27.110.100 - - [09/Dec/2021:15:05:43 +0000] "POST /ges/newFactura_4.do HTTP/1.1" 200 28748
172.27.113.173 - - [09/Dec/2021:15:05:45 +0000] "POST /ges/newFactura_4.do HTTP/1.1" 200 7836
172.27.113.173 - - [09/Dec/2021:15:05:46 +0000] "POST /ges/newFactura.do HTTP/1.1" 200 8033
172.27.110.100 - - [09/Dec/2021:15:05:48 +0000] "POST /ges/newFactura_4.do HTTP/1.1" 200 7836
172.27.113.173 - - [09/Dec/2021:15:05:49 +0000] "GET /ges/newFactura.do?nis=1693129&vigente=1 HTTP/1.1" 200 8462
172.27.113.173 - - [09/Dec/2021:15:05:49 +0000] "GET /ges/newFactura_1.do?action=newFactura_1&id_suministro=109447 HTTP/1.1" 200 14090
172.27.110.100 - - [09/Dec/2021:15:05:50 +0000] "POST /ges/showFacturas.do HTTP/1.1" 200 29550
172.27.113.173 - - [09/Dec/2021:15:05:54 +0000] "POST /ges/newFactura_2.do HTTP/1.1" 200 10395
172.27.113.173 - - [09/Dec/2021:15:05:56 +0000] "POST /ges/newFactura_3.do HTTP/1.1" 200 30065
172.27.110.100 - - [09/Dec/2021:15:05:57 +0000] "POST /ges/newFactura.do HTTP/1.1" 200 8033
172.27.110.100 - - [09/Dec/2021:15:05:58 +0000] "GET /ges/newFactura.do?nis=4647&vigente=1 HTTP/1.1" 200 8462
172.27.110.100 - - [09/Dec/2021:15:05:58 +0000] "GET /ges/newFactura_1.do?action=newFactura_1&id_suministro=109492 HTTP/1.1" 200 13848
172.27.110.100 - - [09/Dec/2021:15:06:07 +0000] "POST /ges/newFactura_2.do HTTP/1.1" 200 10513
172.27.113.173 - - [09/Dec/2021:15:06:11 +0000] "POST /ges/newFactura_4.do HTTP/1.1" 200 36020
172.27.110.100 - - [09/Dec/2021:15:06:11 +0000] "POST /ges/newFactura_3.do HTTP/1.1" 200 24902
172.27.113.173 - - [09/Dec/2021:15:06:44 +0000] "POST /ges/newFactura_4.do HTTP/1.1" 200 37062
172.27.113.173 - - [09/Dec/2021:15:06:46 +0000] "POST /ges/newFactura_4.do HTTP/1.1" 200 38110
172.27.110.100 - - [09/Dec/2021:15:06:51 +0000] "POST /ges/newFactura_4.do HTTP/1.1" 200 33849
