172.27.180.174 - admin [03/Mar/2022:13:57:20 +0000] "GET /manager/status/all?XML=true HTTP/1.1" 200 2336
172.27.180.174 - admin [03/Mar/2022:13:57:30 +0000] "GET /manager/status/all?XML=true HTTP/1.1" 200 2336
172.27.180.206 - - [03/Mar/2022:13:57:38 +0000] "GET /ges/reportes.do HTTP/1.1" 200 34503
172.27.180.174 - admin [03/Mar/2022:13:57:40 +0000] "GET /manager/status/all?XML=true HTTP/1.1" 200 2336
172.27.180.174 - admin [03/Mar/2022:13:57:50 +0000] "GET /manager/status/all?XML=true HTTP/1.1" 200 2336
172.27.180.206 - - [03/Mar/2022:13:57:52 +0000] "POST /ges/reportes.do HTTP/1.1" 200 11160
172.27.180.206 - - [03/Mar/2022:13:57:54 +0000] "POST /ges/reportes.do HTTP/1.1" 200 172543
172.27.180.174 - admin [03/Mar/2022:13:58:00 +0000] "GET /manager/status/all?XML=true HTTP/1.1" 200 2336
172.27.180.174 - admin [03/Mar/2022:13:58:10 +0000] "GET /manager/status/all?XML=true HTTP/1.1" 200 2336
172.27.180.174 - admin [03/Mar/2022:13:58:20 +0000] "GET /manager/status/all?XML=true HTTP/1.1" 200 2336
172.27.180.174 - admin [03/Mar/2022:13:58:30 +0000] "GET /manager/status/all?XML=true HTTP/1.1" 200 2336
172.27.180.174 - admin [03/Mar/2022:13:58:40 +0000] "GET /manager/status/all?XML=true HTTP/1.1" 200 2336
172.27.180.174 - admin [03/Mar/2022:13:58:50 +0000] "GET /manager/status/all?XML=true HTTP/1.1" 200 2336
172.27.180.174 - admin [03/Mar/2022:13:59:00 +0000] "GET /manager/status/all?XML=true HTTP/1.1" 200 2336
172.27.180.174 - admin [03/Mar/2022:13:59:10 +0000] "GET /manager/status/all?XML=true HTTP/1.1" 200 2336
172.27.180.174 - admin [03/Mar/2022:13:59:20 +0000] "GET /manager/status/all?XML=true HTTP/1.1" 200 2336
172.27.180.174 - admin [03/Mar/2022:13:59:30 +0000] "GET /manager/status/all?XML=true HTTP/1.1" 200 2336
172.27.180.174 - admin [03/Mar/2022:13:59:40 +0000] "GET /manager/status/all?XML=true HTTP/1.1" 200 2336
172.27.180.174 - admin [03/Mar/2022:13:59:50 +0000] "GET /manager/status/all?XML=true HTTP/1.1" 200 2336
172.27.180.174 - admin [03/Mar/2022:14:00:00 +0000] "GET /manager/status/all?XML=true HTTP/1.1" 200 2336
172.27.180.174 - admin [03/Mar/2022:14:00:10 +0000] "GET /manager/status/all?XML=true HTTP/1.1" 200 2336
172.27.180.174 - admin [03/Mar/2022:14:00:20 +0000] "GET /manager/status/all?XML=true HTTP/1.1" 200 2336
172.27.180.174 - admin [03/Mar/2022:14:00:30 +0000] "GET /manager/status/all?XML=true HTTP/1.1" 200 2336
172.27.180.174 - admin [03/Mar/2022:14:00:40 +0000] "GET /manager/status/all?XML=true HTTP/1.1" 200 2336
172.27.180.174 - admin [03/Mar/2022:14:00:50 +0000] "GET /manager/status/all?XML=true HTTP/1.1" 200 2336
172.27.180.174 - admin [03/Mar/2022:14:01:00 +0000] "GET /manager/status/all?XML=true HTTP/1.1" 200 2336
172.27.180.174 - admin [03/Mar/2022:14:01:10 +0000] "GET /manager/status/all?XML=true HTTP/1.1" 200 2336
172.27.180.174 - admin [03/Mar/2022:14:01:20 +0000] "GET /manager/status/all?XML=true HTTP/1.1" 200 2336
172.27.180.206 - - [03/Mar/2022:14:01:25 +0000] "GET /ges/selectSuministro.do?nis=9696 HTTP/1.1" 200 9118
172.27.180.206 - - [03/Mar/2022:14:01:26 +0000] "GET /ges/showSuministro.do?id_suministro=109427 HTTP/1.1" 200 151069
172.27.180.206 - - [03/Mar/2022:14:01:26 +0000] "GET /ges/popcalendar.js HTTP/1.1" 404 1033
172.27.180.206 - - [03/Mar/2022:14:01:26 +0000] "GET /ges/validation.js HTTP/1.1" 404 1032
172.27.180.206 - - [03/Mar/2022:14:01:26 +0000] "GET /ges/validation.js HTTP/1.1" 404 1032
172.27.180.174 - admin [03/Mar/2022:14:01:30 +0000] "GET /manager/status/all?XML=true HTTP/1.1" 200 2336
172.27.180.206 - - [03/Mar/2022:14:01:32 +0000] "GET /ges/showSuministros.do HTTP/1.1" 200 9455
172.27.180.206 - - [03/Mar/2022:14:01:35 +0000] "GET /ges/showSuministros.do?nis=9696 HTTP/1.1" 200 13001
172.27.182.45 - - [03/Mar/2022:14:01:37 +0000] "GET /ges/logon.do;jsessionid=C72BE8EA46EDF9AEE270F6D04A7D180D HTTP/1.1" 200 3018
172.27.180.206 - - [03/Mar/2022:14:01:38 +0000] "GET /ges/editSuministro.do?id_suministro=109427 HTTP/1.1" 200 29002
172.27.180.174 - admin [03/Mar/2022:14:01:40 +0000] "GET /manager/status/all?XML=true HTTP/1.1" 200 2336
172.27.182.45 - - [03/Mar/2022:14:01:41 +0000] "POST /ges/logon.do HTTP/1.1" 200 8033
172.27.180.174 - admin [03/Mar/2022:14:01:50 +0000] "GET /manager/status/all?XML=true HTTP/1.1" 200 2336
172.27.182.45 - - [03/Mar/2022:14:01:50 +0000] "GET /ges/newFactura.do?nis=7511&vigente=1 HTTP/1.1" 200 8696
172.27.182.45 - - [03/Mar/2022:14:01:52 +0000] "GET /ges/newFactura_1.do?id_suministro=8182 HTTP/1.1" 200 13549
172.27.180.174 - admin [03/Mar/2022:14:02:00 +0000] "GET /manager/status/all?XML=true HTTP/1.1" 200 2336
172.27.180.174 - admin [03/Mar/2022:14:02:10 +0000] "GET /manager/status/all?XML=true HTTP/1.1" 200 2336
172.27.182.45 - - [03/Mar/2022:14:02:17 +0000] "POST /ges/newFactura_2.do HTTP/1.1" 200 10721
172.27.180.174 - admin [03/Mar/2022:14:02:20 +0000] "GET /manager/status/all?XML=true HTTP/1.1" 200 2336
172.27.182.45 - - [03/Mar/2022:14:02:26 +0000] "GET /ges/showSuministro.do?id_suministro=8182 HTTP/1.1" 200 161891
172.27.182.45 - - [03/Mar/2022:14:02:26 +0000] "GET /ges/popcalendar.js HTTP/1.1" 404 1033
172.27.182.45 - - [03/Mar/2022:14:02:26 +0000] "GET /ges/validation.js HTTP/1.1" 404 1032
172.27.180.174 - admin [03/Mar/2022:14:02:30 +0000] "GET /manager/status/all?XML=true HTTP/1.1" 200 2337
172.27.182.45 - - [03/Mar/2022:14:02:32 +0000] "POST /ges/newFactura_2.do HTTP/1.1" 200 10721
172.27.180.174 - admin [03/Mar/2022:14:02:40 +0000] "GET /manager/status/all?XML=true HTTP/1.1" 200 2337
172.27.182.45 - - [03/Mar/2022:14:02:44 +0000] "POST /ges/newFactura_3.do HTTP/1.1" 200 21504
172.27.180.174 - admin [03/Mar/2022:14:02:50 +0000] "GET /manager/status/all?XML=true HTTP/1.1" 200 2337
172.27.182.45 - - [03/Mar/2022:14:02:52 +0000] "POST /ges/newFactura_4.do HTTP/1.1" 200 31286
172.27.180.174 - admin [03/Mar/2022:14:03:00 +0000] "GET /manager/status/all?XML=true HTTP/1.1" 200 2337
172.27.180.174 - admin [03/Mar/2022:14:03:10 +0000] "GET /manager/status/all?XML=true HTTP/1.1" 200 2337
172.27.182.48 - - [03/Mar/2022:14:03:10 +0000] "GET /ges/newFactura.do HTTP/1.1" 200 8033
172.27.180.174 - admin [03/Mar/2022:14:03:20 +0000] "GET /manager/status/all?XML=true HTTP/1.1" 200 2337
172.27.182.45 - - [03/Mar/2022:14:03:20 +0000] "POST /ges/newFactura_4.do HTTP/1.1" 200 32387
172.27.180.174 - admin [03/Mar/2022:14:03:30 +0000] "GET /manager/status/all?XML=true HTTP/1.1" 200 2337
172.27.180.206 - - [03/Mar/2022:14:03:33 +0000] "POST /ges/saveSuministro.do HTTP/1.1" 200 13123
172.27.180.206 - - [03/Mar/2022:14:03:38 +0000] "GET /ges/editSuministro.do?id_suministro=109427 HTTP/1.1" 200 29065
172.27.182.45 - - [03/Mar/2022:14:03:39 +0000] "POST /ges/newFactura_4.do HTTP/1.1" 200 33423
172.27.180.174 - admin [03/Mar/2022:14:03:40 +0000] "GET /manager/status/all?XML=true HTTP/1.1" 200 2337
172.27.182.45 - - [03/Mar/2022:14:03:49 +0000] "GET /ges/showSuministro.do?id_suministro=8182 HTTP/1.1" 200 161891
172.27.182.45 - - [03/Mar/2022:14:03:49 +0000] "GET /ges/popcalendar.js HTTP/1.1" 404 1033
172.27.182.45 - - [03/Mar/2022:14:03:49 +0000] "GET /ges/validation.js HTTP/1.1" 404 1032
172.27.180.174 - admin [03/Mar/2022:14:03:50 +0000] "GET /manager/status/all?XML=true HTTP/1.1" 200 2337
172.27.182.45 - - [03/Mar/2022:14:03:54 +0000] "GET /ges/showFactura.do?idSuministro=8182&anio=2021&mes=10 HTTP/1.1" 200 17989
172.27.180.206 - - [03/Mar/2022:14:03:55 +0000] "POST /ges/saveSuministro.do HTTP/1.1" 200 13123
172.27.182.48 - - [03/Mar/2022:14:03:56 +0000] "GET /ges/newFactura.do?nis=1444&vigente=1 HTTP/1.1" 200 17525
172.27.180.206 - - [03/Mar/2022:14:03:57 +0000] "GET /ges/editSuministro.do?id_suministro=109427 HTTP/1.1" 200 29069
172.27.182.45 - - [03/Mar/2022:14:03:58 +0000] "GET /ges/showFactura.do?idSuministro=8182&anio=2021&mes=11 HTTP/1.1" 200 17619
172.27.180.206 - - [03/Mar/2022:14:03:59 +0000] "POST /ges/saveSuministro.do HTTP/1.1" 200 13123
172.27.180.174 - admin [03/Mar/2022:14:04:00 +0000] "GET /manager/status/all?XML=true HTTP/1.1" 200 2337
172.27.182.45 - - [03/Mar/2022:14:04:00 +0000] "GET /ges/showFactura.do?idSuministro=8182&anio=2021&mes=10 HTTP/1.1" 200 17989
172.27.182.45 - - [03/Mar/2022:14:04:00 +0000] "GET /ges/showFactura.do?idSuministro=8182&anio=2021&mes=9 HTTP/1.1" 200 17989
172.27.182.45 - - [03/Mar/2022:14:04:01 +0000] "GET /ges/showFactura.do?idSuministro=8182&anio=2021&mes=8 HTTP/1.1" 200 17966
172.27.182.48 - - [03/Mar/2022:14:04:02 +0000] "GET /ges/newFactura_1.do?id_suministro=8114 HTTP/1.1" 200 13309
172.27.182.45 - - [03/Mar/2022:14:04:02 +0000] "GET /ges/showFactura.do?idSuministro=8182&anio=2021&mes=7 HTTP/1.1" 200 17617
172.27.182.45 - - [03/Mar/2022:14:04:03 +0000] "GET /ges/showFactura.do?idSuministro=8182&anio=2021&mes=6 HTTP/1.1" 200 18342
172.27.182.45 - - [03/Mar/2022:14:04:04 +0000] "GET /ges/showFactura.do?idSuministro=8182&anio=2021&mes=5 HTTP/1.1" 200 18466
172.27.182.45 - - [03/Mar/2022:14:04:05 +0000] "GET /ges/showFactura.do?idSuministro=8182&anio=2021&mes=4 HTTP/1.1" 200 18345
172.27.182.45 - - [03/Mar/2022:14:04:05 +0000] "GET /ges/showFactura.do?idSuministro=8182&anio=2021&mes=3 HTTP/1.1" 200 18480
172.27.182.45 - - [03/Mar/2022:14:04:07 +0000] "GET /ges/showFactura.do?idSuministro=8182&anio=2021&mes=2 HTTP/1.1" 200 17616
172.27.182.45 - - [03/Mar/2022:14:04:07 +0000] "GET /ges/showFactura.do?idSuministro=8182&anio=2021&mes=1 HTTP/1.1" 200 18465
172.27.182.45 - - [03/Mar/2022:14:04:08 +0000] "GET /ges/showFactura.do?idSuministro=8182&anio=2020&mes=12 HTTP/1.1" 200 18465
172.27.182.45 - - [03/Mar/2022:14:04:09 +0000] "GET /ges/showFactura.do?idSuministro=8182&anio=2020&mes=11 HTTP/1.1" 200 18466
172.27.180.174 - admin [03/Mar/2022:14:04:10 +0000] "GET /manager/status/all?XML=true HTTP/1.1" 200 2337
172.27.182.45 - - [03/Mar/2022:14:04:10 +0000] "GET /ges/showFactura.do?idSuministro=8182&anio=2020&mes=10 HTTP/1.1" 200 18836
172.27.182.45 - - [03/Mar/2022:14:04:10 +0000] "GET /ges/showFactura.do?idSuministro=8182&anio=2020&mes=9 HTTP/1.1" 200 17988
172.27.182.45 - - [03/Mar/2022:14:04:11 +0000] "GET /ges/showFactura.do?idSuministro=8182&anio=2020&mes=8 HTTP/1.1" 200 17987
172.27.182.45 - - [03/Mar/2022:14:04:11 +0000] "GET /ges/showFactura.do?idSuministro=8182&anio=2020&mes=7 HTTP/1.1" 200 19755
172.27.182.45 - - [03/Mar/2022:14:04:12 +0000] "GET /ges/showFactura.do?idSuministro=8182&anio=2020&mes=6 HTTP/1.1" 200 17987
172.27.182.45 - - [03/Mar/2022:14:04:12 +0000] "GET /ges/showFactura.do?idSuministro=8182&anio=2020&mes=5 HTTP/1.1" 200 17987
172.27.182.45 - - [03/Mar/2022:14:04:13 +0000] "GET /ges/showFactura.do?idSuministro=8182&anio=2020&mes=4 HTTP/1.1" 200 17987
172.27.182.45 - - [03/Mar/2022:14:04:13 +0000] "GET /ges/showFactura.do?idSuministro=8182&anio=2020&mes=3 HTTP/1.1" 200 17987
172.27.182.45 - - [03/Mar/2022:14:04:14 +0000] "GET /ges/showFactura.do?idSuministro=8182&anio=2020&mes=2 HTTP/1.1" 200 17987
172.27.182.45 - - [03/Mar/2022:14:04:14 +0000] "GET /ges/showFactura.do?idSuministro=8182&anio=2020&mes=1 HTTP/1.1" 200 17988
172.27.182.45 - - [03/Mar/2022:14:04:14 +0000] "GET /ges/showFactura.do?idSuministro=8182&anio=2019&mes=12 HTTP/1.1" 200 18375
172.27.182.45 - - [03/Mar/2022:14:04:15 +0000] "GET /ges/showFactura.do?idSuministro=8182&anio=2019&mes=11 HTTP/1.1" 200 18376
172.27.182.45 - - [03/Mar/2022:14:04:15 +0000] "GET /ges/showFactura.do?idSuministro=8182&anio=2019&mes=10 HTTP/1.1" 200 18375
172.27.182.45 - - [03/Mar/2022:14:04:16 +0000] "GET /ges/showFactura.do?idSuministro=8182&anio=2019&mes=9 HTTP/1.1" 200 18375
172.27.182.45 - - [03/Mar/2022:14:04:16 +0000] "GET /ges/showFactura.do?idSuministro=8182&anio=2019&mes=8 HTTP/1.1" 200 18378
172.27.180.174 - admin [03/Mar/2022:14:04:20 +0000] "GET /manager/status/all?XML=true HTTP/1.1" 200 2337
172.27.182.45 - - [03/Mar/2022:14:04:21 +0000] "GET /ges/showFactura.do?idSuministro=8182&anio=2019&mes=10 HTTP/1.1" 200 18375
172.27.182.45 - - [03/Mar/2022:14:04:22 +0000] "GET /ges/showFactura.do?idSuministro=8182&anio=2019&mes=11 HTTP/1.1" 200 18376
172.27.182.45 - - [03/Mar/2022:14:04:22 +0000] "GET /ges/showFactura.do?idSuministro=8182&anio=2019&mes=12 HTTP/1.1" 200 18375
172.27.182.45 - - [03/Mar/2022:14:04:22 +0000] "GET /ges/showFactura.do?idSuministro=8182&anio=2019&mes=12 HTTP/1.1" 200 18375
172.27.182.45 - - [03/Mar/2022:14:04:23 +0000] "GET /ges/showFactura.do?idSuministro=8182&anio=2020&mes=1 HTTP/1.1" 200 17988
172.27.182.45 - - [03/Mar/2022:14:04:23 +0000] "GET /ges/showFactura.do?idSuministro=8182&anio=2020&mes=2 HTTP/1.1" 200 17987
172.27.182.45 - - [03/Mar/2022:14:04:24 +0000] "GET /ges/showFactura.do?idSuministro=8182&anio=2020&mes=3 HTTP/1.1" 200 17987
172.27.182.45 - - [03/Mar/2022:14:04:24 +0000] "GET /ges/showFactura.do?idSuministro=8182&anio=2020&mes=3 HTTP/1.1" 200 17987
172.27.182.45 - - [03/Mar/2022:14:04:25 +0000] "GET /ges/showFactura.do?idSuministro=8182&anio=2020&mes=4 HTTP/1.1" 200 17987
172.27.182.45 - - [03/Mar/2022:14:04:26 +0000] "GET /ges/showFactura.do?idSuministro=8182&anio=2020&mes=5 HTTP/1.1" 200 17987
172.27.182.45 - - [03/Mar/2022:14:04:28 +0000] "GET /ges/showFactura.do?idSuministro=8182&anio=2020&mes=6 HTTP/1.1" 200 17987
172.27.182.45 - - [03/Mar/2022:14:04:29 +0000] "GET /ges/showFactura.do?idSuministro=8182&anio=2020&mes=7 HTTP/1.1" 200 19755
172.27.180.174 - admin [03/Mar/2022:14:04:30 +0000] "GET /manager/status/all?XML=true HTTP/1.1" 200 2337
172.27.182.45 - - [03/Mar/2022:14:04:30 +0000] "GET /ges/showFactura.do?idSuministro=8182&anio=2020&mes=8 HTTP/1.1" 200 17987
172.27.182.45 - - [03/Mar/2022:14:04:30 +0000] "GET /ges/showFactura.do?idSuministro=8182&anio=2020&mes=9 HTTP/1.1" 200 17988
172.27.182.45 - - [03/Mar/2022:14:04:31 +0000] "GET /ges/showFactura.do?idSuministro=8182&anio=2020&mes=10 HTTP/1.1" 200 18836
172.27.182.45 - - [03/Mar/2022:14:04:31 +0000] "GET /ges/showFactura.do?idSuministro=8182&anio=2020&mes=11 HTTP/1.1" 200 18466
172.27.182.45 - - [03/Mar/2022:14:04:32 +0000] "GET /ges/showFactura.do?idSuministro=8182&anio=2020&mes=12 HTTP/1.1" 200 18465
172.27.182.45 - - [03/Mar/2022:14:04:32 +0000] "GET /ges/showFactura.do?idSuministro=8182&anio=2021&mes=1 HTTP/1.1" 200 18465
172.27.182.45 - - [03/Mar/2022:14:04:32 +0000] "GET /ges/showFactura.do?idSuministro=8182&anio=2021&mes=2 HTTP/1.1" 200 17616
172.27.182.45 - - [03/Mar/2022:14:04:33 +0000] "GET /ges/showFactura.do?idSuministro=8182&anio=2021&mes=3 HTTP/1.1" 200 18480
172.27.182.45 - - [03/Mar/2022:14:04:33 +0000] "GET /ges/showFactura.do?idSuministro=8182&anio=2021&mes=4 HTTP/1.1" 200 18345
172.27.182.45 - - [03/Mar/2022:14:04:33 +0000] "GET /ges/showFactura.do?idSuministro=8182&anio=2021&mes=5 HTTP/1.1" 200 18466
172.27.182.45 - - [03/Mar/2022:14:04:34 +0000] "GET /ges/showFactura.do?idSuministro=8182&anio=2021&mes=6 HTTP/1.1" 200 18342
172.27.182.45 - - [03/Mar/2022:14:04:34 +0000] "GET /ges/showFactura.do?idSuministro=8182&anio=2021&mes=7 HTTP/1.1" 200 17617
172.27.182.45 - - [03/Mar/2022:14:04:35 +0000] "GET /ges/showFactura.do?idSuministro=8182&anio=2021&mes=8 HTTP/1.1" 200 17966
172.27.182.45 - - [03/Mar/2022:14:04:35 +0000] "GET /ges/showFactura.do?idSuministro=8182&anio=2021&mes=9 HTTP/1.1" 200 17989
172.27.182.45 - - [03/Mar/2022:14:04:36 +0000] "GET /ges/showFactura.do?idSuministro=8182&anio=2021&mes=10 HTTP/1.1" 200 17989
172.27.182.45 - - [03/Mar/2022:14:04:36 +0000] "GET /ges/showFactura.do?idSuministro=8182&anio=2021&mes=11 HTTP/1.1" 200 17619
172.27.182.45 - - [03/Mar/2022:14:04:37 +0000] "GET /ges/showFactura.do?idSuministro=8182&anio=2021&mes=12 HTTP/1.1" 200 17990
172.27.182.48 - - [03/Mar/2022:14:04:37 +0000] "POST /ges/newFactura_2.do HTTP/1.1" 200 10421
172.27.182.45 - - [03/Mar/2022:14:04:38 +0000] "GET /ges/showFactura.do?idSuministro=8182&anio=2022&mes=2 HTTP/1.1" 200 17613
172.27.180.174 - admin [03/Mar/2022:14:04:40 +0000] "GET /manager/status/all?XML=true HTTP/1.1" 200 2337
172.27.182.48 - - [03/Mar/2022:14:04:43 +0000] "POST /ges/newFactura_3.do HTTP/1.1" 200 20460
172.27.180.174 - admin [03/Mar/2022:14:04:50 +0000] "GET /manager/status/all?XML=true HTTP/1.1" 200 2337
172.27.182.48 - - [03/Mar/2022:14:04:52 +0000] "POST /ges/newFactura_4.do HTTP/1.1" 200 30051
172.27.180.174 - admin [03/Mar/2022:14:05:00 +0000] "GET /manager/status/all?XML=true HTTP/1.1" 200 2337
172.27.182.45 - - [03/Mar/2022:14:05:01 +0000] "GET /ges/newFactura.do HTTP/1.1" 200 8033
172.27.182.45 - - [03/Mar/2022:14:05:06 +0000] "GET /ges/newFactura.do?nis=7511&vigente=1 HTTP/1.1" 200 8696
172.27.182.45 - - [03/Mar/2022:14:05:08 +0000] "GET /ges/newFactura_1.do?id_suministro=8182 HTTP/1.1" 200 13609
172.27.180.174 - admin [03/Mar/2022:14:05:10 +0000] "GET /manager/status/all?XML=true HTTP/1.1" 200 2337
172.27.182.48 - - [03/Mar/2022:14:05:10 +0000] "POST /ges/newFactura_4.do HTTP/1.1" 200 31073
172.27.182.45 - - [03/Mar/2022:14:05:12 +0000] "POST /ges/newFactura_2.do HTTP/1.1" 200 10721
172.27.180.174 - admin [03/Mar/2022:14:05:20 +0000] "GET /manager/status/all?XML=true HTTP/1.1" 200 2337
172.27.182.45 - - [03/Mar/2022:14:05:20 +0000] "POST /ges/newFactura_3.do HTTP/1.1" 200 21504
172.27.182.45 - - [03/Mar/2022:14:05:26 +0000] "POST /ges/newFactura_4.do HTTP/1.1" 200 31306
172.27.182.48 - - [03/Mar/2022:14:05:27 +0000] "POST /ges/newFactura_4.do HTTP/1.1" 200 32122
172.27.180.174 - admin [03/Mar/2022:14:05:30 +0000] "GET /manager/status/all?XML=true HTTP/1.1" 200 2337
172.27.182.48 - - [03/Mar/2022:14:05:31 +0000] "POST /ges/newFactura_4.do HTTP/1.1" 200 7836
172.27.182.48 - - [03/Mar/2022:14:05:31 +0000] "POST /ges/newFactura.do HTTP/1.1" 200 8033
172.27.182.45 - - [03/Mar/2022:14:05:34 +0000] "POST /ges/newFactura_4.do HTTP/1.1" 200 32387
172.27.182.48 - - [03/Mar/2022:14:05:36 +0000] "GET /ges/newFactura.do?nis=1444-10&vigente=1 HTTP/1.1" 200 8486
172.27.182.45 - - [03/Mar/2022:14:05:38 +0000] "POST /ges/newFactura_4.do HTTP/1.1" 200 33423
172.27.182.48 - - [03/Mar/2022:14:05:39 +0000] "GET /ges/newFactura_1.do?action=newFactura_1&id_suministro=8115 HTTP/1.1" 200 13309
172.27.180.174 - admin [03/Mar/2022:14:05:40 +0000] "GET /manager/status/all?XML=true HTTP/1.1" 200 2337
172.27.182.48 - - [03/Mar/2022:14:05:44 +0000] "POST /ges/newFactura_2.do HTTP/1.1" 200 10421
172.27.180.174 - admin [03/Mar/2022:14:05:50 +0000] "GET /manager/status/all?XML=true HTTP/1.1" 200 2337
172.27.182.48 - - [03/Mar/2022:14:05:54 +0000] "POST /ges/newFactura_3.do HTTP/1.1" 200 20457
172.27.180.174 - admin [03/Mar/2022:14:06:00 +0000] "GET /manager/status/all?XML=true HTTP/1.1" 200 2337
172.27.182.48 - - [03/Mar/2022:14:06:00 +0000] "POST /ges/newFactura_4.do HTTP/1.1" 200 28209
172.27.182.48 - - [03/Mar/2022:14:06:08 +0000] "POST /ges/newFactura_4.do HTTP/1.1" 200 29259
172.27.180.174 - admin [03/Mar/2022:14:06:10 +0000] "GET /manager/status/all?XML=true HTTP/1.1" 200 2337
172.27.182.48 - - [03/Mar/2022:14:06:12 +0000] "POST /ges/newFactura_4.do HTTP/1.1" 200 7836
172.27.182.48 - - [03/Mar/2022:14:06:12 +0000] "POST /ges/newFactura.do HTTP/1.1" 200 8033
172.27.182.48 - - [03/Mar/2022:14:06:17 +0000] "GET /ges/newFactura.do?nis=1444-11&vigente=1 HTTP/1.1" 200 8486
172.27.182.48 - - [03/Mar/2022:14:06:18 +0000] "GET /ges/newFactura_1.do?action=newFactura_1&id_suministro=8116 HTTP/1.1" 200 13309
172.27.180.174 - admin [03/Mar/2022:14:06:20 +0000] "GET /manager/status/all?XML=true HTTP/1.1" 200 2337
172.27.180.174 - admin [03/Mar/2022:14:06:30 +0000] "GET /manager/status/all?XML=true HTTP/1.1" 200 2337
172.27.180.174 - admin [03/Mar/2022:14:06:40 +0000] "GET /manager/status/all?XML=true HTTP/1.1" 200 2337
172.27.180.174 - admin [03/Mar/2022:14:06:50 +0000] "GET /manager/status/all?XML=true HTTP/1.1" 200 2337
172.27.180.174 - admin [03/Mar/2022:14:07:00 +0000] "GET /manager/status/all?XML=true HTTP/1.1" 200 2337
172.27.180.174 - admin [03/Mar/2022:14:07:10 +0000] "GET /manager/status/all?XML=true HTTP/1.1" 200 2337
172.27.180.174 - admin [03/Mar/2022:14:07:20 +0000] "GET /manager/status/all?XML=true HTTP/1.1" 200 2337
172.27.182.48 - - [03/Mar/2022:14:07:29 +0000] "POST /ges/newFactura_2.do HTTP/1.1" 200 10421
172.27.180.174 - admin [03/Mar/2022:14:07:30 +0000] "GET /manager/status/all?XML=true HTTP/1.1" 200 2337
172.27.182.48 - - [03/Mar/2022:14:07:35 +0000] "POST /ges/newFactura_3.do HTTP/1.1" 200 20521
172.27.180.174 - admin [03/Mar/2022:14:07:40 +0000] "GET /manager/status/all?XML=true HTTP/1.1" 200 2337
172.27.182.48 - - [03/Mar/2022:14:07:40 +0000] "POST /ges/newFactura_4.do HTTP/1.1" 200 30035
172.27.182.48 - - [03/Mar/2022:14:07:47 +0000] "POST /ges/newFactura_4.do HTTP/1.1" 200 31085
172.27.180.174 - admin [03/Mar/2022:14:07:50 +0000] "GET /manager/status/all?XML=true HTTP/1.1" 200 2335
172.27.182.48 - - [03/Mar/2022:14:07:50 +0000] "POST /ges/newFactura_4.do HTTP/1.1" 200 7836
172.27.182.48 - - [03/Mar/2022:14:07:51 +0000] "POST /ges/newFactura.do HTTP/1.1" 200 8033
172.27.182.48 - - [03/Mar/2022:14:07:56 +0000] "GET /ges/newFactura.do?nis=1444-12&vigente=1 HTTP/1.1" 200 8486
172.27.182.48 - - [03/Mar/2022:14:07:57 +0000] "GET /ges/newFactura_1.do?action=newFactura_1&id_suministro=8117 HTTP/1.1" 200 13309
172.27.180.174 - admin [03/Mar/2022:14:08:00 +0000] "GET /manager/status/all?XML=true HTTP/1.1" 200 2335
172.27.182.48 - - [03/Mar/2022:14:08:00 +0000] "POST /ges/newFactura_2.do HTTP/1.1" 200 10421
172.27.182.48 - - [03/Mar/2022:14:08:03 +0000] "POST /ges/newFactura_3.do HTTP/1.1" 200 20520
172.27.182.48 - - [03/Mar/2022:14:08:06 +0000] "POST /ges/newFactura_4.do HTTP/1.1" 200 30042
172.27.180.174 - admin [03/Mar/2022:14:08:10 +0000] "GET /manager/status/all?XML=true HTTP/1.1" 200 2335
172.27.182.48 - - [03/Mar/2022:14:08:15 +0000] "POST /ges/newFactura_4.do HTTP/1.1" 200 31091
172.27.182.48 - - [03/Mar/2022:14:08:18 +0000] "POST /ges/newFactura_4.do HTTP/1.1" 200 7836
172.27.182.48 - - [03/Mar/2022:14:08:18 +0000] "POST /ges/newFactura.do HTTP/1.1" 200 8033
172.27.180.174 - admin [03/Mar/2022:14:08:20 +0000] "GET /manager/status/all?XML=true HTTP/1.1" 200 2335
172.27.182.48 - - [03/Mar/2022:14:08:23 +0000] "GET /ges/newFactura.do?nis=1444-13&vigente=1 HTTP/1.1" 200 8486
172.27.182.48 - - [03/Mar/2022:14:08:24 +0000] "GET /ges/newFactura_1.do?action=newFactura_1&id_suministro=8118 HTTP/1.1" 200 13309
172.27.182.48 - - [03/Mar/2022:14:08:27 +0000] "POST /ges/newFactura_2.do HTTP/1.1" 200 10421
172.27.180.174 - admin [03/Mar/2022:14:08:30 +0000] "GET /manager/status/all?XML=true HTTP/1.1" 200 2336
172.27.182.48 - - [03/Mar/2022:14:08:31 +0000] "POST /ges/newFactura_3.do HTTP/1.1" 200 20519
172.27.182.48 - - [03/Mar/2022:14:08:34 +0000] "POST /ges/newFactura_4.do HTTP/1.1" 200 30043
172.27.180.174 - admin [03/Mar/2022:14:08:40 +0000] "GET /manager/status/all?XML=true HTTP/1.1" 200 2336
172.27.182.48 - - [03/Mar/2022:14:08:41 +0000] "POST /ges/newFactura_4.do HTTP/1.1" 200 31093
172.27.180.174 - admin [03/Mar/2022:14:08:50 +0000] "GET /manager/status/all?XML=true HTTP/1.1" 200 2336
172.27.182.48 - - [03/Mar/2022:14:08:50 +0000] "POST /ges/newFactura_4.do HTTP/1.1" 200 32115
172.27.182.48 - - [03/Mar/2022:14:08:53 +0000] "POST /ges/newFactura_4.do HTTP/1.1" 200 7836
172.27.182.48 - - [03/Mar/2022:14:08:53 +0000] "POST /ges/newFactura.do HTTP/1.1" 200 8033
172.27.182.48 - - [03/Mar/2022:14:08:59 +0000] "GET /ges/newFactura.do?nis=1444-14&vigente=1 HTTP/1.1" 200 8486
172.27.182.48 - - [03/Mar/2022:14:08:59 +0000] "GET /ges/newFactura_1.do?action=newFactura_1&id_suministro=8119 HTTP/1.1" 200 13309
172.27.180.174 - admin [03/Mar/2022:14:09:00 +0000] "GET /manager/status/all?XML=true HTTP/1.1" 200 2336
172.27.182.48 - - [03/Mar/2022:14:09:02 +0000] "POST /ges/newFactura_2.do HTTP/1.1" 200 10421
172.27.182.48 - - [03/Mar/2022:14:09:06 +0000] "POST /ges/newFactura_3.do HTTP/1.1" 200 20521
172.27.182.48 - - [03/Mar/2022:14:09:09 +0000] "POST /ges/newFactura_4.do HTTP/1.1" 200 30043
172.27.180.174 - admin [03/Mar/2022:14:09:10 +0000] "GET /manager/status/all?XML=true HTTP/1.1" 200 2336
172.27.182.48 - - [03/Mar/2022:14:09:16 +0000] "POST /ges/newFactura_4.do HTTP/1.1" 200 31092
172.27.180.174 - admin [03/Mar/2022:14:09:20 +0000] "GET /manager/status/all?XML=true HTTP/1.1" 200 2336
172.27.182.48 - - [03/Mar/2022:14:09:24 +0000] "POST /ges/newFactura_4.do HTTP/1.1" 200 32114
172.27.182.48 - - [03/Mar/2022:14:09:29 +0000] "POST /ges/newFactura_4.do HTTP/1.1" 200 7836
172.27.180.174 - admin [03/Mar/2022:14:09:30 +0000] "GET /manager/status/all?XML=true HTTP/1.1" 200 2336
172.27.182.48 - - [03/Mar/2022:14:09:31 +0000] "POST /ges/newFactura.do HTTP/1.1" 200 8033
172.27.180.174 - admin [03/Mar/2022:14:09:40 +0000] "GET /manager/status/all?XML=true HTTP/1.1" 200 2336
172.27.182.48 - - [03/Mar/2022:14:09:43 +0000] "GET /ges/newFactura.do?nis=1444-15&vigente=1 HTTP/1.1" 200 8486
172.27.182.48 - - [03/Mar/2022:14:09:43 +0000] "GET /ges/newFactura_1.do?action=newFactura_1&id_suministro=8120 HTTP/1.1" 200 13309
172.27.182.48 - - [03/Mar/2022:14:09:48 +0000] "POST /ges/newFactura_2.do HTTP/1.1" 200 10421
172.27.180.174 - admin [03/Mar/2022:14:09:50 +0000] "GET /manager/status/all?XML=true HTTP/1.1" 200 2336
172.27.182.48 - - [03/Mar/2022:14:09:52 +0000] "POST /ges/newFactura_3.do HTTP/1.1" 200 20520
172.27.182.48 - - [03/Mar/2022:14:09:54 +0000] "POST /ges/newFactura_4.do HTTP/1.1" 200 30046
172.27.180.174 - admin [03/Mar/2022:14:10:00 +0000] "GET /manager/status/all?XML=true HTTP/1.1" 200 2336
172.27.182.48 - - [03/Mar/2022:14:10:01 +0000] "POST /ges/newFactura_4.do HTTP/1.1" 200 31095
172.27.182.48 - - [03/Mar/2022:14:10:08 +0000] "POST /ges/newFactura_4.do HTTP/1.1" 200 32116
172.27.180.174 - admin [03/Mar/2022:14:10:10 +0000] "GET /manager/status/all?XML=true HTTP/1.1" 200 2336
172.27.182.48 - - [03/Mar/2022:14:10:11 +0000] "POST /ges/newFactura_4.do HTTP/1.1" 200 7836
172.27.182.48 - - [03/Mar/2022:14:10:12 +0000] "POST /ges/newFactura.do HTTP/1.1" 200 8033
172.27.182.48 - - [03/Mar/2022:14:10:16 +0000] "GET /ges/newFactura.do?nis=1444-16&vigente=1 HTTP/1.1" 200 8486
172.27.182.48 - - [03/Mar/2022:14:10:16 +0000] "GET /ges/newFactura_1.do?action=newFactura_1&id_suministro=8121 HTTP/1.1" 200 13309
172.27.182.48 - - [03/Mar/2022:14:10:19 +0000] "POST /ges/newFactura_2.do HTTP/1.1" 200 10421
172.27.180.174 - admin [03/Mar/2022:14:10:20 +0000] "GET /manager/status/all?XML=true HTTP/1.1" 200 2336
172.27.182.48 - - [03/Mar/2022:14:10:23 +0000] "POST /ges/newFactura_3.do HTTP/1.1" 200 20461
172.27.182.48 - - [03/Mar/2022:14:10:27 +0000] "POST /ges/newFactura_4.do HTTP/1.1" 200 30036
172.27.180.174 - admin [03/Mar/2022:14:10:30 +0000] "GET /manager/status/all?XML=true HTTP/1.1" 200 2336
172.27.182.48 - - [03/Mar/2022:14:10:34 +0000] "POST /ges/newFactura_4.do HTTP/1.1" 200 31085
172.27.182.48 - - [03/Mar/2022:14:10:39 +0000] "POST /ges/newFactura_4.do HTTP/1.1" 200 7836
172.27.180.174 - admin [03/Mar/2022:14:10:40 +0000] "GET /manager/status/all?XML=true HTTP/1.1" 200 2336
172.27.182.48 - - [03/Mar/2022:14:10:40 +0000] "POST /ges/newFactura.do HTTP/1.1" 200 8033
172.27.182.48 - - [03/Mar/2022:14:10:44 +0000] "GET /ges/newFactura.do?nis=1444-17&vigente=1 HTTP/1.1" 200 8486
172.27.182.48 - - [03/Mar/2022:14:10:44 +0000] "GET /ges/newFactura_1.do?action=newFactura_1&id_suministro=8122 HTTP/1.1" 200 13309
172.27.182.48 - - [03/Mar/2022:14:10:47 +0000] "POST /ges/newFactura_2.do HTTP/1.1" 200 10421
172.27.180.174 - admin [03/Mar/2022:14:10:50 +0000] "GET /manager/status/all?XML=true HTTP/1.1" 200 2336
172.27.182.48 - - [03/Mar/2022:14:10:51 +0000] "POST /ges/newFactura_3.do HTTP/1.1" 200 20521
172.27.182.48 - - [03/Mar/2022:14:10:54 +0000] "POST /ges/newFactura_4.do HTTP/1.1" 200 30045
172.27.180.174 - admin [03/Mar/2022:14:11:00 +0000] "GET /manager/status/all?XML=true HTTP/1.1" 200 2336
172.27.182.48 - - [03/Mar/2022:14:11:08 +0000] "POST /ges/newFactura_4.do HTTP/1.1" 200 31094
172.27.180.174 - admin [03/Mar/2022:14:11:10 +0000] "GET /manager/status/all?XML=true HTTP/1.1" 200 2336
172.27.182.48 - - [03/Mar/2022:14:11:11 +0000] "POST /ges/newFactura_4.do HTTP/1.1" 200 7836
172.27.182.48 - - [03/Mar/2022:14:11:12 +0000] "POST /ges/newFactura.do HTTP/1.1" 200 8033
172.27.182.48 - - [03/Mar/2022:14:11:16 +0000] "GET /ges/newFactura.do?nis=1444-19&vigente=1 HTTP/1.1" 200 8486
172.27.182.48 - - [03/Mar/2022:14:11:16 +0000] "GET /ges/newFactura_1.do?action=newFactura_1&id_suministro=8123 HTTP/1.1" 200 13309
172.27.182.48 - - [03/Mar/2022:14:11:19 +0000] "POST /ges/newFactura_2.do HTTP/1.1" 200 10421
172.27.180.174 - admin [03/Mar/2022:14:11:20 +0000] "GET /manager/status/all?XML=true HTTP/1.1" 200 2336
172.27.182.48 - - [03/Mar/2022:14:11:22 +0000] "POST /ges/newFactura_3.do HTTP/1.1" 200 20520
172.27.182.48 - - [03/Mar/2022:14:11:25 +0000] "POST /ges/newFactura_4.do HTTP/1.1" 200 30034
172.27.182.48 - - [03/Mar/2022:14:11:29 +0000] "POST /ges/newFactura_4.do HTTP/1.1" 200 31083
172.27.180.174 - admin [03/Mar/2022:14:11:30 +0000] "GET /manager/status/all?XML=true HTTP/1.1" 200 2336
172.27.182.48 - - [03/Mar/2022:14:11:33 +0000] "POST /ges/newFactura_4.do HTTP/1.1" 200 7836
172.27.182.48 - - [03/Mar/2022:14:11:34 +0000] "POST /ges/newFactura.do HTTP/1.1" 200 8033
172.27.182.48 - - [03/Mar/2022:14:11:37 +0000] "GET /ges/newFactura.do?nis=1444.20&vigente=1 HTTP/1.1" 200 8033
172.27.180.174 - admin [03/Mar/2022:14:11:40 +0000] "GET /manager/status/all?XML=true HTTP/1.1" 200 2336
172.27.182.48 - - [03/Mar/2022:14:11:40 +0000] "GET /ges/newFactura.do?nis=1444-2&vigente=1 HTTP/1.1" 200 11179
172.27.182.48 - - [03/Mar/2022:14:11:42 +0000] "GET /ges/newFactura_1.do?id_suministro=8124 HTTP/1.1" 200 13432
172.27.182.48 - - [03/Mar/2022:14:11:45 +0000] "POST /ges/newFactura_2.do HTTP/1.1" 200 10544
172.27.180.174 - admin [03/Mar/2022:14:11:50 +0000] "GET /manager/status/all?XML=true HTTP/1.1" 200 2336
172.27.182.48 - - [03/Mar/2022:14:11:50 +0000] "POST /ges/newFactura_3.do HTTP/1.1" 200 20616
172.27.182.48 - - [03/Mar/2022:14:11:54 +0000] "POST /ges/newFactura_4.do HTTP/1.1" 200 30201
172.27.180.174 - admin [03/Mar/2022:14:12:00 +0000] "GET /manager/status/all?XML=true HTTP/1.1" 200 2336
172.27.182.48 - - [03/Mar/2022:14:12:04 +0000] "POST /ges/newFactura_4.do HTTP/1.1" 200 31105
172.27.180.174 - admin [03/Mar/2022:14:12:10 +0000] "GET /manager/status/all?XML=true HTTP/1.1" 200 2336
172.27.182.48 - - [03/Mar/2022:14:12:14 +0000] "POST /ges/newFactura_4.do HTTP/1.1" 200 32154
172.27.182.48 - - [03/Mar/2022:14:12:19 +0000] "POST /ges/newFactura_4.do HTTP/1.1" 200 7836
172.27.180.174 - admin [03/Mar/2022:14:12:20 +0000] "GET /manager/status/all?XML=true HTTP/1.1" 200 2336
172.27.182.48 - - [03/Mar/2022:14:12:20 +0000] "POST /ges/newFactura.do HTTP/1.1" 200 8033
172.27.182.48 - - [03/Mar/2022:14:12:25 +0000] "GET /ges/newFactura.do?nis=1444-21&vigente=1 HTTP/1.1" 200 8486
172.27.182.48 - - [03/Mar/2022:14:12:25 +0000] "GET /ges/newFactura_1.do?action=newFactura_1&id_suministro=8125 HTTP/1.1" 200 13309
172.27.180.174 - admin [03/Mar/2022:14:12:30 +0000] "GET /manager/status/all?XML=true HTTP/1.1" 200 2336
172.27.182.48 - - [03/Mar/2022:14:12:30 +0000] "POST /ges/newFactura_2.do HTTP/1.1" 200 10421
172.27.182.48 - - [03/Mar/2022:14:12:34 +0000] "POST /ges/newFactura_3.do HTTP/1.1" 200 20458
172.27.182.48 - - [03/Mar/2022:14:12:39 +0000] "POST /ges/newFactura_4.do HTTP/1.1" 200 30017
172.27.180.174 - admin [03/Mar/2022:14:12:40 +0000] "GET /manager/status/all?XML=true HTTP/1.1" 200 2336
172.27.182.48 - - [03/Mar/2022:14:12:47 +0000] "POST /ges/newFactura_4.do HTTP/1.1" 200 31066
172.27.180.174 - admin [03/Mar/2022:14:12:50 +0000] "GET /manager/status/all?XML=true HTTP/1.1" 200 2336
172.27.182.48 - - [03/Mar/2022:14:12:55 +0000] "POST /ges/newFactura_4.do HTTP/1.1" 200 32091
172.27.180.174 - admin [03/Mar/2022:14:13:00 +0000] "GET /manager/status/all?XML=true HTTP/1.1" 200 2385
172.27.182.48 - - [03/Mar/2022:14:13:00 +0000] "POST /ges/newFactura_4.do HTTP/1.1" 200 7836
172.27.182.48 - - [03/Mar/2022:14:13:00 +0000] "POST /ges/newFactura.do HTTP/1.1" 200 8033
172.27.182.48 - - [03/Mar/2022:14:13:04 +0000] "GET /ges/newFactura.do?nis=1444-22&vigente=1 HTTP/1.1" 200 8486
172.27.182.48 - - [03/Mar/2022:14:13:04 +0000] "GET /ges/newFactura_1.do?action=newFactura_1&id_suministro=8126 HTTP/1.1" 200 13309
172.27.182.48 - - [03/Mar/2022:14:13:07 +0000] "POST /ges/newFactura_2.do HTTP/1.1" 200 10421
172.27.180.174 - admin [03/Mar/2022:14:13:09 +0000] "GET /manager/status/all?XML=true HTTP/1.1" 200 2336
172.27.182.48 - - [03/Mar/2022:14:13:11 +0000] "POST /ges/newFactura_3.do HTTP/1.1" 200 20460
172.27.182.48 - - [03/Mar/2022:14:13:16 +0000] "POST /ges/newFactura_4.do HTTP/1.1" 200 30046
172.27.180.174 - admin [03/Mar/2022:14:13:20 +0000] "GET /manager/status/all?XML=true HTTP/1.1" 200 2336
172.27.182.48 - - [03/Mar/2022:14:13:23 +0000] "POST /ges/newFactura_4.do HTTP/1.1" 200 31095
172.27.180.174 - admin [03/Mar/2022:14:13:30 +0000] "GET /manager/status/all?XML=true HTTP/1.1" 200 2336
172.27.182.48 - - [03/Mar/2022:14:13:32 +0000] "POST /ges/newFactura_4.do HTTP/1.1" 200 32117
172.27.182.48 - - [03/Mar/2022:14:13:36 +0000] "POST /ges/newFactura_4.do HTTP/1.1" 200 7836
172.27.182.48 - - [03/Mar/2022:14:13:36 +0000] "POST /ges/newFactura.do HTTP/1.1" 200 8033
172.27.182.48 - - [03/Mar/2022:14:13:39 +0000] "GET /ges/newFactura.do?nis=1444-23&vigente=1 HTTP/1.1" 200 8486
172.27.180.174 - admin [03/Mar/2022:14:13:40 +0000] "GET /manager/status/all?XML=true HTTP/1.1" 200 2419
172.27.182.48 - - [03/Mar/2022:14:13:40 +0000] "GET /ges/newFactura_1.do?action=newFactura_1&id_suministro=8127 HTTP/1.1" 200 13309
172.27.182.48 - - [03/Mar/2022:14:13:44 +0000] "POST /ges/newFactura_2.do HTTP/1.1" 200 10421
172.27.182.48 - - [03/Mar/2022:14:13:47 +0000] "POST /ges/newFactura_3.do HTTP/1.1" 200 20520
172.27.182.48 - - [03/Mar/2022:14:13:49 +0000] "POST /ges/newFactura_4.do HTTP/1.1" 200 28218
172.27.180.174 - admin [03/Mar/2022:14:13:49 +0000] "GET /manager/status/all?XML=true HTTP/1.1" 200 2336
172.27.182.48 - - [03/Mar/2022:14:13:57 +0000] "POST /ges/newFactura_4.do HTTP/1.1" 200 29268
172.27.180.174 - admin [03/Mar/2022:14:14:00 +0000] "GET /manager/status/all?XML=true HTTP/1.1" 200 2336
172.27.182.48 - - [03/Mar/2022:14:14:01 +0000] "POST /ges/newFactura_4.do HTTP/1.1" 200 7836
172.27.182.48 - - [03/Mar/2022:14:14:01 +0000] "POST /ges/newFactura.do HTTP/1.1" 200 8033
172.27.182.48 - - [03/Mar/2022:14:14:04 +0000] "GET /ges/newFactura.do?nis=1444-24&vigente=1 HTTP/1.1" 200 8486
172.27.182.48 - - [03/Mar/2022:14:14:04 +0000] "GET /ges/newFactura_1.do?action=newFactura_1&id_suministro=8128 HTTP/1.1" 200 13309
172.27.182.48 - - [03/Mar/2022:14:14:07 +0000] "POST /ges/newFactura_2.do HTTP/1.1" 200 10421
172.27.182.48 - - [03/Mar/2022:14:14:09 +0000] "POST /ges/newFactura_3.do HTTP/1.1" 200 20520
172.27.180.174 - admin [03/Mar/2022:14:14:10 +0000] "GET /manager/status/all?XML=true HTTP/1.1" 200 2336
172.27.182.48 - - [03/Mar/2022:14:14:12 +0000] "POST /ges/newFactura_4.do HTTP/1.1" 200 30039
172.27.180.174 - admin [03/Mar/2022:14:14:20 +0000] "GET /manager/status/all?XML=true HTTP/1.1" 200 2336
172.27.182.48 - - [03/Mar/2022:14:14:20 +0000] "POST /ges/newFactura_4.do HTTP/1.1" 200 31088
172.27.182.48 - - [03/Mar/2022:14:14:23 +0000] "POST /ges/newFactura_4.do HTTP/1.1" 200 7836
172.27.182.48 - - [03/Mar/2022:14:14:24 +0000] "POST /ges/newFactura.do HTTP/1.1" 200 8033
172.27.182.48 - - [03/Mar/2022:14:14:28 +0000] "GET /ges/newFactura.do?nis=1444-25&vigente=1 HTTP/1.1" 200 8486
172.27.182.48 - - [03/Mar/2022:14:14:28 +0000] "GET /ges/newFactura_1.do?action=newFactura_1&id_suministro=8129 HTTP/1.1" 200 13309
172.27.180.174 - admin [03/Mar/2022:14:14:30 +0000] "GET /manager/status/all?XML=true HTTP/1.1" 200 2336
172.27.182.48 - - [03/Mar/2022:14:14:30 +0000] "POST /ges/newFactura_2.do HTTP/1.1" 200 10421
172.27.182.48 - - [03/Mar/2022:14:14:33 +0000] "POST /ges/newFactura_3.do HTTP/1.1" 200 20490
172.27.182.48 - - [03/Mar/2022:14:14:36 +0000] "POST /ges/newFactura_4.do HTTP/1.1" 200 28218
172.27.180.174 - admin [03/Mar/2022:14:14:39 +0000] "GET /manager/status/all?XML=true HTTP/1.1" 200 2336
172.27.182.48 - - [03/Mar/2022:14:14:43 +0000] "POST /ges/newFactura_4.do HTTP/1.1" 200 29268
172.27.182.48 - - [03/Mar/2022:14:14:45 +0000] "POST /ges/newFactura_4.do HTTP/1.1" 200 7836
172.27.182.48 - - [03/Mar/2022:14:14:46 +0000] "POST /ges/newFactura.do HTTP/1.1" 200 8033
172.27.180.174 - admin [03/Mar/2022:14:14:50 +0000] "GET /manager/status/all?XML=true HTTP/1.1" 200 2336
172.27.182.48 - - [03/Mar/2022:14:14:50 +0000] "GET /ges/newFactura.do?nis=1444-26&vigente=1 HTTP/1.1" 200 8486
172.27.182.48 - - [03/Mar/2022:14:14:50 +0000] "GET /ges/newFactura_1.do?action=newFactura_1&id_suministro=8130 HTTP/1.1" 200 13309
172.27.182.48 - - [03/Mar/2022:14:14:52 +0000] "POST /ges/newFactura_2.do HTTP/1.1" 200 10421
172.27.182.48 - - [03/Mar/2022:14:14:56 +0000] "POST /ges/newFactura_3.do HTTP/1.1" 200 20457
172.27.182.48 - - [03/Mar/2022:14:14:59 +0000] "POST /ges/newFactura_4.do HTTP/1.1" 200 28209
172.27.180.174 - admin [03/Mar/2022:14:15:00 +0000] "GET /manager/status/all?XML=true HTTP/1.1" 200 2336
172.27.182.48 - - [03/Mar/2022:14:15:05 +0000] "POST /ges/newFactura_4.do HTTP/1.1" 200 29259
172.27.182.48 - - [03/Mar/2022:14:15:08 +0000] "POST /ges/newFactura_4.do HTTP/1.1" 200 7836
172.27.182.48 - - [03/Mar/2022:14:15:08 +0000] "POST /ges/newFactura.do HTTP/1.1" 200 8033
172.27.180.174 - admin [03/Mar/2022:14:15:09 +0000] "GET /manager/status/all?XML=true HTTP/1.1" 200 2336
172.27.182.48 - - [03/Mar/2022:14:15:12 +0000] "GET /ges/newFactura.do?nis=1444-27&vigente=1 HTTP/1.1" 200 8486
172.27.182.48 - - [03/Mar/2022:14:15:12 +0000] "GET /ges/newFactura_1.do?action=newFactura_1&id_suministro=8131 HTTP/1.1" 200 13309
172.27.182.48 - - [03/Mar/2022:14:15:15 +0000] "POST /ges/newFactura_2.do HTTP/1.1" 200 10421
172.27.182.48 - - [03/Mar/2022:14:15:19 +0000] "POST /ges/newFactura_3.do HTTP/1.1" 200 20520
172.27.180.174 - admin [03/Mar/2022:14:15:20 +0000] "GET /manager/status/all?XML=true HTTP/1.1" 200 2336
172.27.182.48 - - [03/Mar/2022:14:15:22 +0000] "POST /ges/newFactura_4.do HTTP/1.1" 200 28217
172.27.182.48 - - [03/Mar/2022:14:15:28 +0000] "POST /ges/newFactura_4.do HTTP/1.1" 200 29267
172.27.180.174 - admin [03/Mar/2022:14:15:30 +0000] "GET /manager/status/all?XML=true HTTP/1.1" 200 2336
172.27.182.48 - - [03/Mar/2022:14:15:30 +0000] "POST /ges/newFactura_4.do HTTP/1.1" 200 7836
172.27.182.48 - - [03/Mar/2022:14:15:30 +0000] "POST /ges/newFactura.do HTTP/1.1" 200 8033
172.27.182.48 - - [03/Mar/2022:14:15:34 +0000] "GET /ges/newFactura.do?nis=1444-28&vigente=1 HTTP/1.1" 200 8486
172.27.182.48 - - [03/Mar/2022:14:15:34 +0000] "GET /ges/newFactura_1.do?action=newFactura_1&id_suministro=8132 HTTP/1.1" 200 13309
172.27.182.48 - - [03/Mar/2022:14:15:36 +0000] "POST /ges/newFactura_2.do HTTP/1.1" 200 10421
172.27.182.48 - - [03/Mar/2022:14:15:39 +0000] "POST /ges/newFactura_3.do HTTP/1.1" 200 20460
172.27.180.174 - admin [03/Mar/2022:14:15:39 +0000] "GET /manager/status/all?XML=true HTTP/1.1" 200 2336
172.27.182.48 - - [03/Mar/2022:14:15:44 +0000] "POST /ges/newFactura_4.do HTTP/1.1" 200 30042
172.27.180.174 - admin [03/Mar/2022:14:15:50 +0000] "GET /manager/status/all?XML=true HTTP/1.1" 200 2336
172.27.182.48 - - [03/Mar/2022:14:15:51 +0000] "POST /ges/newFactura_4.do HTTP/1.1" 200 31091
172.27.182.48 - - [03/Mar/2022:14:15:54 +0000] "POST /ges/newFactura_4.do HTTP/1.1" 200 7836
172.27.182.48 - - [03/Mar/2022:14:15:55 +0000] "POST /ges/newFactura.do HTTP/1.1" 200 8033
172.27.182.48 - - [03/Mar/2022:14:15:58 +0000] "GET /ges/newFactura.do?nis=1444-30&vigente=1 HTTP/1.1" 200 8490
172.27.182.48 - - [03/Mar/2022:14:15:58 +0000] "GET /ges/newFactura_1.do?action=newFactura_1&id_suministro=109433 HTTP/1.1" 200 13513
172.27.180.174 - admin [03/Mar/2022:14:15:59 +0000] "GET /manager/status/all?XML=true HTTP/1.1" 200 2336
172.27.182.48 - - [03/Mar/2022:14:16:01 +0000] "POST /ges/newFactura_2.do HTTP/1.1" 200 10621
172.27.182.48 - - [03/Mar/2022:14:16:04 +0000] "POST /ges/newFactura_3.do HTTP/1.1" 200 20716
172.27.182.48 - - [03/Mar/2022:14:16:08 +0000] "POST /ges/newFactura_4.do HTTP/1.1" 200 30254
172.27.180.174 - admin [03/Mar/2022:14:16:09 +0000] "GET /manager/status/all?XML=true HTTP/1.1" 200 2337
172.27.182.48 - - [03/Mar/2022:14:16:16 +0000] "POST /ges/newFactura_4.do HTTP/1.1" 200 31303
172.27.180.174 - admin [03/Mar/2022:14:16:20 +0000] "GET /manager/status/all?XML=true HTTP/1.1" 200 2337
172.27.182.48 - - [03/Mar/2022:14:16:24 +0000] "POST /ges/newFactura_4.do HTTP/1.1" 200 32325
172.27.182.48 - - [03/Mar/2022:14:16:27 +0000] "POST /ges/newFactura_4.do HTTP/1.1" 200 7836
172.27.182.48 - - [03/Mar/2022:14:16:27 +0000] "POST /ges/newFactura.do HTTP/1.1" 200 8033
172.27.180.174 - admin [03/Mar/2022:14:16:29 +0000] "GET /manager/status/all?XML=true HTTP/1.1" 200 2337
172.27.182.48 - - [03/Mar/2022:14:16:31 +0000] "GET /ges/newFactura.do?nis=1444-02&vigente=1 HTTP/1.1" 200 8486
172.27.182.48 - - [03/Mar/2022:14:16:31 +0000] "GET /ges/newFactura_1.do?action=newFactura_1&id_suministro=8108 HTTP/1.1" 200 13309
172.27.182.48 - - [03/Mar/2022:14:16:34 +0000] "POST /ges/newFactura_2.do HTTP/1.1" 200 10421
172.27.182.48 - - [03/Mar/2022:14:16:38 +0000] "POST /ges/newFactura_3.do HTTP/1.1" 200 20520
172.27.180.174 - admin [03/Mar/2022:14:16:39 +0000] "GET /manager/status/all?XML=true HTTP/1.1" 200 2337
172.27.182.48 - - [03/Mar/2022:14:16:41 +0000] "POST /ges/newFactura_4.do HTTP/1.1" 200 30036
172.27.180.174 - admin [03/Mar/2022:14:16:49 +0000] "GET /manager/status/all?XML=true HTTP/1.1" 200 2337
172.27.182.48 - - [03/Mar/2022:14:16:50 +0000] "POST /ges/newFactura_4.do HTTP/1.1" 200 31083
172.27.182.48 - - [03/Mar/2022:14:16:53 +0000] "POST /ges/newFactura_4.do HTTP/1.1" 200 7836
172.27.182.48 - - [03/Mar/2022:14:16:53 +0000] "POST /ges/newFactura.do HTTP/1.1" 200 8033
172.27.182.48 - - [03/Mar/2022:14:16:57 +0000] "GET /ges/newFactura.do?nis=1444-03&vigente=1 HTTP/1.1" 200 8486
172.27.182.48 - - [03/Mar/2022:14:16:57 +0000] "GET /ges/newFactura_1.do?action=newFactura_1&id_suministro=8109 HTTP/1.1" 200 13434
172.27.180.174 - admin [03/Mar/2022:14:16:59 +0000] "GET /manager/status/all?XML=true HTTP/1.1" 200 2337
172.27.182.48 - - [03/Mar/2022:14:17:00 +0000] "POST /ges/newFactura_2.do HTTP/1.1" 200 10546
172.27.182.48 - - [03/Mar/2022:14:17:05 +0000] "POST /ges/newFactura_3.do HTTP/1.1" 200 20644
172.27.182.48 - - [03/Mar/2022:14:17:08 +0000] "POST /ges/newFactura_4.do HTTP/1.1" 200 30183
172.27.180.174 - admin [03/Mar/2022:14:17:09 +0000] "GET /manager/status/all?XML=true HTTP/1.1" 200 2337
172.27.182.48 - - [03/Mar/2022:14:17:16 +0000] "POST /ges/newFactura_4.do HTTP/1.1" 200 31233
172.27.180.174 - admin [03/Mar/2022:14:17:19 +0000] "GET /manager/status/all?XML=true HTTP/1.1" 200 2337
172.27.182.48 - - [03/Mar/2022:14:17:23 +0000] "POST /ges/newFactura_4.do HTTP/1.1" 200 32255
172.27.182.48 - - [03/Mar/2022:14:17:26 +0000] "POST /ges/newFactura_4.do HTTP/1.1" 200 7836
172.27.182.48 - - [03/Mar/2022:14:17:27 +0000] "POST /ges/newFactura.do HTTP/1.1" 200 8033
172.27.180.174 - admin [03/Mar/2022:14:17:29 +0000] "GET /manager/status/all?XML=true HTTP/1.1" 200 2337
172.27.182.48 - - [03/Mar/2022:14:17:32 +0000] "GET /ges/newFactura.do?nis=1444-04&vigente=1 HTTP/1.1" 200 8486
172.27.182.48 - - [03/Mar/2022:14:17:32 +0000] "GET /ges/newFactura_1.do?action=newFactura_1&id_suministro=8110 HTTP/1.1" 200 13309
172.27.182.48 - - [03/Mar/2022:14:17:36 +0000] "POST /ges/newFactura_2.do HTTP/1.1" 200 10421
172.27.182.48 - - [03/Mar/2022:14:17:39 +0000] "POST /ges/newFactura_3.do HTTP/1.1" 200 20520
172.27.180.174 - admin [03/Mar/2022:14:17:39 +0000] "GET /manager/status/all?XML=true HTTP/1.1" 200 2337
172.27.182.48 - - [03/Mar/2022:14:17:42 +0000] "POST /ges/newFactura_4.do HTTP/1.1" 200 30046
172.27.180.174 - admin [03/Mar/2022:14:17:49 +0000] "GET /manager/status/all?XML=true HTTP/1.1" 200 2337
172.27.182.48 - - [03/Mar/2022:14:17:53 +0000] "POST /ges/newFactura_4.do HTTP/1.1" 200 31094
172.27.180.174 - admin [03/Mar/2022:14:17:59 +0000] "GET /manager/status/all?XML=true HTTP/1.1" 200 2337
172.27.182.48 - - [03/Mar/2022:14:18:08 +0000] "POST /ges/newFactura_4.do HTTP/1.1" 200 32117
172.27.180.174 - admin [03/Mar/2022:14:18:10 +0000] "GET /manager/status/all?XML=true HTTP/1.1" 200 2337
172.27.182.48 - - [03/Mar/2022:14:18:10 +0000] "POST /ges/newFactura_4.do HTTP/1.1" 200 7836
172.27.182.48 - - [03/Mar/2022:14:18:11 +0000] "POST /ges/newFactura.do HTTP/1.1" 200 8033
172.27.182.48 - - [03/Mar/2022:14:18:15 +0000] "GET /ges/newFactura.do?nis=1444-05&vigente=1 HTTP/1.1" 200 8488
172.27.182.48 - - [03/Mar/2022:14:18:15 +0000] "GET /ges/newFactura_1.do?action=newFactura_1&id_suministro=109064 HTTP/1.1" 200 13582
172.27.182.48 - - [03/Mar/2022:14:18:17 +0000] "POST /ges/newFactura_2.do HTTP/1.1" 200 10690
172.27.180.174 - admin [03/Mar/2022:14:18:19 +0000] "GET /manager/status/all?XML=true HTTP/1.1" 200 2337
172.27.182.48 - - [03/Mar/2022:14:18:20 +0000] "POST /ges/newFactura_3.do HTTP/1.1" 200 20782
172.27.182.48 - - [03/Mar/2022:14:18:23 +0000] "POST /ges/newFactura_4.do HTTP/1.1" 200 28498
172.27.182.48 - - [03/Mar/2022:14:18:28 +0000] "POST /ges/newFactura_4.do HTTP/1.1" 200 29548
172.27.182.48 - - [03/Mar/2022:14:18:29 +0000] "POST /ges/newFactura_4.do HTTP/1.1" 200 7836
172.27.180.174 - admin [03/Mar/2022:14:18:29 +0000] "GET /manager/status/all?XML=true HTTP/1.1" 200 2337
172.27.182.48 - - [03/Mar/2022:14:18:30 +0000] "POST /ges/newFactura.do HTTP/1.1" 200 8033
172.27.182.48 - - [03/Mar/2022:14:18:34 +0000] "GET /ges/newFactura.do?nis=1444-06&vigente=1 HTTP/1.1" 200 8486
172.27.182.48 - - [03/Mar/2022:14:18:35 +0000] "GET /ges/newFactura_1.do?action=newFactura_1&id_suministro=8111 HTTP/1.1" 200 13309
172.27.182.48 - - [03/Mar/2022:14:18:37 +0000] "POST /ges/newFactura_2.do HTTP/1.1" 200 10421
172.27.180.174 - admin [03/Mar/2022:14:18:39 +0000] "GET /manager/status/all?XML=true HTTP/1.1" 200 2337
172.27.182.48 - - [03/Mar/2022:14:18:40 +0000] "POST /ges/newFactura_3.do HTTP/1.1" 200 20461
172.27.182.48 - - [03/Mar/2022:14:18:44 +0000] "POST /ges/newFactura_4.do HTTP/1.1" 200 30034
172.27.182.48 - - [03/Mar/2022:14:18:49 +0000] "POST /ges/newFactura_4.do HTTP/1.1" 200 31083
172.27.180.174 - admin [03/Mar/2022:14:18:50 +0000] "GET /manager/status/all?XML=true HTTP/1.1" 200 2337
172.27.182.48 - - [03/Mar/2022:14:18:58 +0000] "POST /ges/newFactura_4.do HTTP/1.1" 200 32105
172.27.180.174 - admin [03/Mar/2022:14:18:59 +0000] "GET /manager/status/all?XML=true HTTP/1.1" 200 2337
172.27.182.48 - - [03/Mar/2022:14:19:02 +0000] "POST /ges/newFactura_4.do HTTP/1.1" 200 7836
172.27.182.48 - - [03/Mar/2022:14:19:02 +0000] "POST /ges/newFactura.do HTTP/1.1" 200 8033
172.27.182.48 - - [03/Mar/2022:14:19:06 +0000] "GET /ges/newFactura.do?nis=1444-07&vigente=1 HTTP/1.1" 200 8486
172.27.182.48 - - [03/Mar/2022:14:19:06 +0000] "GET /ges/newFactura_1.do?action=newFactura_1&id_suministro=8112 HTTP/1.1" 200 13309
172.27.182.48 - - [03/Mar/2022:14:19:09 +0000] "POST /ges/newFactura_2.do HTTP/1.1" 200 10421
172.27.180.174 - admin [03/Mar/2022:14:19:09 +0000] "GET /manager/status/all?XML=true HTTP/1.1" 200 2337
172.27.182.48 - - [03/Mar/2022:14:19:12 +0000] "POST /ges/newFactura_3.do HTTP/1.1" 200 20520
172.27.182.48 - - [03/Mar/2022:14:19:14 +0000] "POST /ges/newFactura_4.do HTTP/1.1" 200 30026
172.27.182.48 - - [03/Mar/2022:14:19:19 +0000] "POST /ges/newFactura_4.do HTTP/1.1" 200 31075
172.27.180.174 - admin [03/Mar/2022:14:19:19 +0000] "GET /manager/status/all?XML=true HTTP/1.1" 200 2337
172.27.182.48 - - [03/Mar/2022:14:19:28 +0000] "POST /ges/newFactura_4.do HTTP/1.1" 200 32100
172.27.180.174 - admin [03/Mar/2022:14:19:29 +0000] "GET /manager/status/all?XML=true HTTP/1.1" 200 2337
172.27.182.48 - - [03/Mar/2022:14:19:31 +0000] "POST /ges/newFactura_4.do HTTP/1.1" 200 7836
172.27.182.48 - - [03/Mar/2022:14:19:31 +0000] "POST /ges/newFactura.do HTTP/1.1" 200 8033
172.27.182.48 - - [03/Mar/2022:14:19:35 +0000] "GET /ges/newFactura.do?nis=1444-08&vigente=1 HTTP/1.1" 200 8486
172.27.182.48 - - [03/Mar/2022:14:19:35 +0000] "GET /ges/newFactura_1.do?action=newFactura_1&id_suministro=8113 HTTP/1.1" 200 13309
172.27.182.48 - - [03/Mar/2022:14:19:37 +0000] "POST /ges/newFactura_2.do HTTP/1.1" 200 10421
172.27.182.48 - - [03/Mar/2022:14:19:37 +0000] "POST /ges/newFactura_3.do HTTP/1.1" 200 10509
172.27.180.174 - admin [03/Mar/2022:14:19:39 +0000] "GET /manager/status/all?XML=true HTTP/1.1" 200 2337
172.27.182.48 - - [03/Mar/2022:14:19:41 +0000] "POST /ges/newFactura_3.do HTTP/1.1" 200 20459
172.27.182.48 - - [03/Mar/2022:14:19:44 +0000] "POST /ges/newFactura_4.do HTTP/1.1" 200 30054
172.27.180.174 - admin [03/Mar/2022:14:19:49 +0000] "GET /manager/status/all?XML=true HTTP/1.1" 200 2337
172.27.182.48 - - [03/Mar/2022:14:19:52 +0000] "POST /ges/newFactura_4.do HTTP/1.1" 200 31103
172.27.182.48 - - [03/Mar/2022:14:19:59 +0000] "POST /ges/newFactura_4.do HTTP/1.1" 200 32125
172.27.180.174 - admin [03/Mar/2022:14:19:59 +0000] "GET /manager/status/all?XML=true HTTP/1.1" 200 2337
172.27.182.48 - - [03/Mar/2022:14:20:05 +0000] "POST /ges/newFactura_4.do HTTP/1.1" 200 7836
172.27.182.48 - - [03/Mar/2022:14:20:08 +0000] "GET /ges/reportes.do HTTP/1.1" 200 9551
172.27.180.174 - admin [03/Mar/2022:14:20:09 +0000] "GET /manager/status/all?XML=true HTTP/1.1" 200 2337
172.27.182.48 - - [03/Mar/2022:14:20:10 +0000] "GET /ges/showFacturas.do HTTP/1.1" 200 23419
172.27.182.48 - - [03/Mar/2022:14:20:14 +0000] "GET /ges/showImputaciones.do HTTP/1.1" 200 11976
172.27.180.174 - admin [03/Mar/2022:14:20:19 +0000] "GET /manager/status/all?XML=true HTTP/1.1" 200 2395
172.27.182.48 - - [03/Mar/2022:14:20:20 +0000] "POST /ges/showImputaciones.do HTTP/1.1" 200 101089
172.27.180.174 - admin [03/Mar/2022:14:20:29 +0000] "GET /manager/status/all?XML=true HTTP/1.1" 200 2337
172.27.180.174 - admin [03/Mar/2022:14:20:39 +0000] "GET /manager/status/all?XML=true HTTP/1.1" 200 2337
172.27.182.48 - - [03/Mar/2022:14:20:46 +0000] "POST /ges/salidaSISA.do HTTP/1.1" 200 9502
172.27.180.174 - admin [03/Mar/2022:14:20:49 +0000] "GET /manager/status/all?XML=true HTTP/1.1" 200 2337
