172.27.180.206 - - [03/Mar/2022:13:02:05 +0000] "GET /ges/editarRecontratarPot.do?id_suministro=8373&idPotenciaAContratar=100950 HTTP/1.1" 200 9327
172.27.180.174 - admin [03/Mar/2022:13:02:09 +0000] "GET /manager/status/all?XML=true HTTP/1.1" 200 2121
172.27.180.206 - - [03/Mar/2022:13:02:12 +0000] "POST /ges/realizarRecontratarPot.do HTTP/1.1" 200 10558
172.27.180.174 - admin [03/Mar/2022:13:02:19 +0000] "GET /manager/status/all?XML=true HTTP/1.1" 200 2121
172.27.180.174 - admin [03/Mar/2022:13:02:29 +0000] "GET /manager/status/all?XML=true HTTP/1.1" 200 2121
172.27.180.206 - - [03/Mar/2022:13:02:31 +0000] "GET /ges/selectSuministro.do?nis=9773 HTTP/1.1" 200 9122
172.27.180.206 - - [03/Mar/2022:13:02:32 +0000] "GET /ges/showSuministro.do?id_suministro=109244 HTTP/1.1" 200 238146
172.27.180.206 - - [03/Mar/2022:13:02:32 +0000] "GET /ges/popcalendar.js HTTP/1.1" 404 1033
172.27.180.206 - - [03/Mar/2022:13:02:32 +0000] "GET /ges/validation.js HTTP/1.1" 404 1032
172.27.180.206 - - [03/Mar/2022:13:02:32 +0000] "GET /ges/validation.js HTTP/1.1" 404 1032
172.27.180.174 - admin [03/Mar/2022:13:02:39 +0000] "GET /manager/status/all?XML=true HTTP/1.1" 200 2122
172.27.180.206 - - [03/Mar/2022:13:02:46 +0000] "GET /ges/removeRecontratacion.do?id_suministro=109244&idPotenciaAContratar=100745 HTTP/1.1" 200 237782
172.27.180.206 - - [03/Mar/2022:13:02:46 +0000] "GET /ges/validation.js HTTP/1.1" 404 1032
172.27.180.206 - - [03/Mar/2022:13:02:46 +0000] "GET /ges/popcalendar.js HTTP/1.1" 404 1033
172.27.180.206 - - [03/Mar/2022:13:02:46 +0000] "GET /ges/validation.js HTTP/1.1" 404 1032
172.27.180.174 - admin [03/Mar/2022:13:02:50 +0000] "GET /manager/status/all?XML=true HTTP/1.1" 200 2122
172.27.180.206 - - [03/Mar/2022:13:02:51 +0000] "GET /ges/ShowRecontratacionesPendientes.do HTTP/1.1" 200 10034
172.27.180.174 - admin [03/Mar/2022:13:02:59 +0000] "GET /manager/status/all?XML=true HTTP/1.1" 200 2122
172.27.180.206 - - [03/Mar/2022:13:03:01 +0000] "GET /ges/selectSuministro.do?nis=1011 HTTP/1.1" 200 9122
172.27.180.206 - - [03/Mar/2022:13:03:03 +0000] "GET /ges/showSuministro.do?id_suministro=109038 HTTP/1.1" 200 278337
172.27.180.206 - - [03/Mar/2022:13:03:03 +0000] "GET /ges/popcalendar.js HTTP/1.1" 404 1033
172.27.180.206 - - [03/Mar/2022:13:03:03 +0000] "GET /ges/validation.js HTTP/1.1" 404 1032
172.27.180.174 - admin [03/Mar/2022:13:03:09 +0000] "GET /manager/status/all?XML=true HTTP/1.1" 200 2122
172.27.180.174 - admin [03/Mar/2022:13:03:19 +0000] "GET /manager/status/all?XML=true HTTP/1.1" 200 2122
172.27.180.174 - admin [03/Mar/2022:13:03:29 +0000] "GET /manager/status/all?XML=true HTTP/1.1" 200 2122
172.27.180.206 - - [03/Mar/2022:13:03:34 +0000] "GET /ges/showMain.do HTTP/1.1" 200 8133
172.27.180.174 - admin [03/Mar/2022:13:03:39 +0000] "GET /manager/status/all?XML=true HTTP/1.1" 200 2122
172.27.180.174 - admin [03/Mar/2022:13:03:49 +0000] "GET /manager/status/all?XML=true HTTP/1.1" 200 2122
172.27.180.174 - admin [03/Mar/2022:13:03:59 +0000] "GET /manager/status/all?XML=true HTTP/1.1" 200 2122
172.27.180.174 - admin [03/Mar/2022:13:04:09 +0000] "GET /manager/status/all?XML=true HTTP/1.1" 200 2122
172.27.180.174 - admin [03/Mar/2022:13:04:20 +0000] "GET /manager/status/all?XML=true HTTP/1.1" 200 2122
172.27.180.174 - admin [03/Mar/2022:13:04:29 +0000] "GET /manager/status/all?XML=true HTTP/1.1" 200 2122
172.27.180.174 - admin [03/Mar/2022:13:04:39 +0000] "GET /manager/status/all?XML=true HTTP/1.1" 200 2122
172.27.180.174 - admin [03/Mar/2022:13:04:49 +0000] "GET /manager/status/all?XML=true HTTP/1.1" 200 2122
172.27.180.174 - admin [03/Mar/2022:13:04:59 +0000] "GET /manager/status/all?XML=true HTTP/1.1" 200 2122
172.27.180.174 - admin [03/Mar/2022:13:05:09 +0000] "GET /manager/status/all?XML=true HTTP/1.1" 200 2122
172.27.180.174 - admin [03/Mar/2022:13:05:19 +0000] "GET /manager/status/all?XML=true HTTP/1.1" 200 2122
172.27.180.174 - admin [03/Mar/2022:13:05:30 +0000] "GET /manager/status/all?XML=true HTTP/1.1" 200 2122
172.27.180.174 - admin [03/Mar/2022:13:05:39 +0000] "GET /manager/status/all?XML=true HTTP/1.1" 200 2122
172.27.180.174 - admin [03/Mar/2022:13:05:49 +0000] "GET /manager/status/all?XML=true HTTP/1.1" 200 2122
172.27.180.174 - admin [03/Mar/2022:13:05:59 +0000] "GET /manager/status/all?XML=true HTTP/1.1" 200 2122
172.27.180.174 - admin [03/Mar/2022:13:06:10 +0000] "GET /manager/status/all?XML=true HTTP/1.1" 200 2122
172.27.180.174 - admin [03/Mar/2022:13:06:19 +0000] "GET /manager/status/all?XML=true HTTP/1.1" 200 2122
172.27.180.174 - admin [03/Mar/2022:13:06:29 +0000] "GET /manager/status/all?XML=true HTTP/1.1" 200 2122
172.27.180.174 - admin [03/Mar/2022:13:06:40 +0000] "GET /manager/status/all?XML=true HTTP/1.1" 200 2122
172.27.180.174 - admin [03/Mar/2022:13:06:49 +0000] "GET /manager/status/all?XML=true HTTP/1.1" 200 2122
172.27.180.174 - admin [03/Mar/2022:13:07:00 +0000] "GET /manager/status/all?XML=true HTTP/1.1" 200 2122
172.27.180.174 - admin [03/Mar/2022:13:07:10 +0000] "GET /manager/status/all?XML=true HTTP/1.1" 200 2122
172.27.180.174 - admin [03/Mar/2022:13:07:20 +0000] "GET /manager/status/all?XML=true HTTP/1.1" 200 2122
172.27.180.174 - admin [03/Mar/2022:13:07:30 +0000] "GET /manager/status/all?XML=true HTTP/1.1" 200 2122
172.27.180.174 - admin [03/Mar/2022:13:07:40 +0000] "GET /manager/status/all?XML=true HTTP/1.1" 200 2122
172.27.180.174 - admin [03/Mar/2022:13:07:50 +0000] "GET /manager/status/all?XML=true HTTP/1.1" 200 2122
172.27.180.174 - admin [03/Mar/2022:13:08:00 +0000] "GET /manager/status/all?XML=true HTTP/1.1" 200 2122
172.27.180.174 - admin [03/Mar/2022:13:08:10 +0000] "GET /manager/status/all?XML=true HTTP/1.1" 200 2122
172.27.180.174 - admin [03/Mar/2022:13:08:20 +0000] "GET /manager/status/all?XML=true HTTP/1.1" 200 2122
172.27.180.174 - admin [03/Mar/2022:13:08:30 +0000] "GET /manager/status/all?XML=true HTTP/1.1" 200 2122
172.27.180.174 - admin [03/Mar/2022:13:08:40 +0000] "GET /manager/status/all?XML=true HTTP/1.1" 200 2122
172.27.180.174 - admin [03/Mar/2022:13:08:50 +0000] "GET /manager/status/all?XML=true HTTP/1.1" 200 2122
172.27.180.174 - admin [03/Mar/2022:13:09:00 +0000] "GET /manager/status/all?XML=true HTTP/1.1" 200 2122
172.27.180.174 - admin [03/Mar/2022:13:09:10 +0000] "GET /manager/status/all?XML=true HTTP/1.1" 200 2122
172.27.180.174 - admin [03/Mar/2022:13:09:20 +0000] "GET /manager/status/all?XML=true HTTP/1.1" 200 2122
172.27.180.174 - admin [03/Mar/2022:13:09:30 +0000] "GET /manager/status/all?XML=true HTTP/1.1" 200 2122
172.27.180.174 - admin [03/Mar/2022:13:09:40 +0000] "GET /manager/status/all?XML=true HTTP/1.1" 200 2122
172.27.180.174 - admin [03/Mar/2022:13:09:50 +0000] "GET /manager/status/all?XML=true HTTP/1.1" 200 2122
172.27.180.174 - admin [03/Mar/2022:13:10:00 +0000] "GET /manager/status/all?XML=true HTTP/1.1" 200 2122
172.27.180.174 - admin [03/Mar/2022:13:10:10 +0000] "GET /manager/status/all?XML=true HTTP/1.1" 200 2122
172.27.180.174 - admin [03/Mar/2022:13:10:20 +0000] "GET /manager/status/all?XML=true HTTP/1.1" 200 2122
172.27.180.174 - admin [03/Mar/2022:13:10:30 +0000] "GET /manager/status/all?XML=true HTTP/1.1" 200 2122
172.27.180.174 - admin [03/Mar/2022:13:10:40 +0000] "GET /manager/status/all?XML=true HTTP/1.1" 200 2122
172.27.180.174 - admin [03/Mar/2022:13:10:50 +0000] "GET /manager/status/all?XML=true HTTP/1.1" 200 2122
172.27.180.174 - admin [03/Mar/2022:13:11:00 +0000] "GET /manager/status/all?XML=true HTTP/1.1" 200 2122
172.27.180.174 - admin [03/Mar/2022:13:11:10 +0000] "GET /manager/status/all?XML=true HTTP/1.1" 200 2122
172.27.180.174 - admin [03/Mar/2022:13:11:20 +0000] "GET /manager/status/all?XML=true HTTP/1.1" 200 2122
172.27.180.174 - admin [03/Mar/2022:13:11:30 +0000] "GET /manager/status/all?XML=true HTTP/1.1" 200 2122
172.27.180.174 - admin [03/Mar/2022:13:11:40 +0000] "GET /manager/status/all?XML=true HTTP/1.1" 200 2122
172.27.180.174 - admin [03/Mar/2022:13:11:50 +0000] "GET /manager/status/all?XML=true HTTP/1.1" 200 2122
172.27.180.174 - admin [03/Mar/2022:13:12:00 +0000] "GET /manager/status/all?XML=true HTTP/1.1" 200 2122
172.27.180.174 - admin [03/Mar/2022:13:12:10 +0000] "GET /manager/status/all?XML=true HTTP/1.1" 200 2122
172.27.180.174 - admin [03/Mar/2022:13:12:20 +0000] "GET /manager/status/all?XML=true HTTP/1.1" 200 2122
172.27.180.174 - admin [03/Mar/2022:13:12:30 +0000] "GET /manager/status/all?XML=true HTTP/1.1" 200 2122
172.27.180.174 - admin [03/Mar/2022:13:12:40 +0000] "GET /manager/status/all?XML=true HTTP/1.1" 200 2122
172.27.180.174 - admin [03/Mar/2022:13:12:50 +0000] "GET /manager/status/all?XML=true HTTP/1.1" 200 2122
172.27.180.174 - admin [03/Mar/2022:13:13:00 +0000] "GET /manager/status/all?XML=true HTTP/1.1" 200 2122
172.27.180.174 - admin [03/Mar/2022:13:13:10 +0000] "GET /manager/status/all?XML=true HTTP/1.1" 200 2122
172.27.180.174 - admin [03/Mar/2022:13:13:20 +0000] "GET /manager/status/all?XML=true HTTP/1.1" 200 2122
172.27.180.174 - admin [03/Mar/2022:13:13:30 +0000] "GET /manager/status/all?XML=true HTTP/1.1" 200 2122
172.27.180.174 - admin [03/Mar/2022:13:13:40 +0000] "GET /manager/status/all?XML=true HTTP/1.1" 200 2122
172.27.180.174 - admin [03/Mar/2022:13:13:50 +0000] "GET /manager/status/all?XML=true HTTP/1.1" 200 2122
172.27.180.174 - admin [03/Mar/2022:13:14:00 +0000] "GET /manager/status/all?XML=true HTTP/1.1" 200 2122
172.27.180.174 - admin [03/Mar/2022:13:14:10 +0000] "GET /manager/status/all?XML=true HTTP/1.1" 200 2122
172.27.180.174 - admin [03/Mar/2022:13:14:20 +0000] "GET /manager/status/all?XML=true HTTP/1.1" 200 2122
172.27.180.174 - admin [03/Mar/2022:13:14:30 +0000] "GET /manager/status/all?XML=true HTTP/1.1" 200 2122
172.27.180.174 - admin [03/Mar/2022:13:14:40 +0000] "GET /manager/status/all?XML=true HTTP/1.1" 200 2122
172.27.180.174 - admin [03/Mar/2022:13:14:50 +0000] "GET /manager/status/all?XML=true HTTP/1.1" 200 2122
172.27.180.174 - admin [03/Mar/2022:13:15:00 +0000] "GET /manager/status/all?XML=true HTTP/1.1" 200 2122
172.27.180.174 - admin [03/Mar/2022:13:15:10 +0000] "GET /manager/status/all?XML=true HTTP/1.1" 200 2122
172.27.180.174 - admin [03/Mar/2022:13:15:20 +0000] "GET /manager/status/all?XML=true HTTP/1.1" 200 2122
172.27.180.174 - admin [03/Mar/2022:13:15:30 +0000] "GET /manager/status/all?XML=true HTTP/1.1" 200 2122
172.27.180.174 - admin [03/Mar/2022:13:15:40 +0000] "GET /manager/status/all?XML=true HTTP/1.1" 200 2122
172.27.180.174 - admin [03/Mar/2022:13:15:50 +0000] "GET /manager/status/all?XML=true HTTP/1.1" 200 2122
172.27.180.174 - admin [03/Mar/2022:13:16:00 +0000] "GET /manager/status/all?XML=true HTTP/1.1" 200 2122
172.27.180.174 - admin [03/Mar/2022:13:16:10 +0000] "GET /manager/status/all?XML=true HTTP/1.1" 200 2122
172.27.180.174 - admin [03/Mar/2022:13:16:20 +0000] "GET /manager/status/all?XML=true HTTP/1.1" 200 2122
172.27.180.174 - admin [03/Mar/2022:13:16:30 +0000] "GET /manager/status/all?XML=true HTTP/1.1" 200 2122
172.27.180.174 - admin [03/Mar/2022:13:16:40 +0000] "GET /manager/status/all?XML=true HTTP/1.1" 200 2122
172.27.180.174 - admin [03/Mar/2022:13:16:50 +0000] "GET /manager/status/all?XML=true HTTP/1.1" 200 2122
172.27.180.174 - admin [03/Mar/2022:13:17:00 +0000] "GET /manager/status/all?XML=true HTTP/1.1" 200 2122
172.27.180.174 - admin [03/Mar/2022:13:17:10 +0000] "GET /manager/status/all?XML=true HTTP/1.1" 200 2122
172.27.180.174 - admin [03/Mar/2022:13:17:20 +0000] "GET /manager/status/all?XML=true HTTP/1.1" 200 2122
172.27.180.174 - admin [03/Mar/2022:13:17:30 +0000] "GET /manager/status/all?XML=true HTTP/1.1" 200 2122
172.27.180.174 - admin [03/Mar/2022:13:17:40 +0000] "GET /manager/status/all?XML=true HTTP/1.1" 200 2122
172.27.180.174 - admin [03/Mar/2022:13:17:50 +0000] "GET /manager/status/all?XML=true HTTP/1.1" 200 2122
172.27.180.174 - admin [03/Mar/2022:13:18:00 +0000] "GET /manager/status/all?XML=true HTTP/1.1" 200 2122
172.27.180.174 - admin [03/Mar/2022:13:18:10 +0000] "GET /manager/status/all?XML=true HTTP/1.1" 200 2122
172.27.180.174 - admin [03/Mar/2022:13:18:20 +0000] "GET /manager/status/all?XML=true HTTP/1.1" 200 2122
172.27.180.174 - admin [03/Mar/2022:13:18:30 +0000] "GET /manager/status/all?XML=true HTTP/1.1" 200 2122
172.27.180.174 - admin [03/Mar/2022:13:18:40 +0000] "GET /manager/status/all?XML=true HTTP/1.1" 200 2122
172.27.180.174 - admin [03/Mar/2022:13:18:50 +0000] "GET /manager/status/all?XML=true HTTP/1.1" 200 2122
172.27.180.174 - admin [03/Mar/2022:13:19:00 +0000] "GET /manager/status/all?XML=true HTTP/1.1" 200 2122
172.27.180.174 - admin [03/Mar/2022:13:19:10 +0000] "GET /manager/status/all?XML=true HTTP/1.1" 200 2122
172.27.180.174 - admin [03/Mar/2022:13:19:20 +0000] "GET /manager/status/all?XML=true HTTP/1.1" 200 2122
172.27.180.174 - admin [03/Mar/2022:13:19:30 +0000] "GET /manager/status/all?XML=true HTTP/1.1" 200 2122
172.27.180.174 - admin [03/Mar/2022:13:19:40 +0000] "GET /manager/status/all?XML=true HTTP/1.1" 200 2122
172.27.180.174 - admin [03/Mar/2022:13:19:50 +0000] "GET /manager/status/all?XML=true HTTP/1.1" 200 2122
172.27.180.174 - admin [03/Mar/2022:13:20:00 +0000] "GET /manager/status/all?XML=true HTTP/1.1" 200 2122
172.27.180.174 - admin [03/Mar/2022:13:20:10 +0000] "GET /manager/status/all?XML=true HTTP/1.1" 200 2122
172.27.180.174 - admin [03/Mar/2022:13:20:20 +0000] "GET /manager/status/all?XML=true HTTP/1.1" 200 2122
172.27.180.174 - admin [03/Mar/2022:13:20:30 +0000] "GET /manager/status/all?XML=true HTTP/1.1" 200 2122
172.27.180.174 - admin [03/Mar/2022:13:20:40 +0000] "GET /manager/status/all?XML=true HTTP/1.1" 200 2122
172.27.180.174 - admin [03/Mar/2022:13:20:50 +0000] "GET /manager/status/all?XML=true HTTP/1.1" 200 2122
172.27.180.174 - admin [03/Mar/2022:13:21:00 +0000] "GET /manager/status/all?XML=true HTTP/1.1" 200 2122
172.27.180.174 - admin [03/Mar/2022:13:21:10 +0000] "GET /manager/status/all?XML=true HTTP/1.1" 200 2122
172.27.182.48 - - [03/Mar/2022:13:21:17 +0000] "GET /ges/newFactura.do HTTP/1.1" 200 2924
172.27.180.174 - admin [03/Mar/2022:13:21:20 +0000] "GET /manager/status/all?XML=true HTTP/1.1" 200 2122
172.27.180.174 - admin [03/Mar/2022:13:21:30 +0000] "GET /manager/status/all?XML=true HTTP/1.1" 200 2122
172.27.180.174 - admin [03/Mar/2022:13:21:40 +0000] "GET /manager/status/all?XML=true HTTP/1.1" 200 2122
172.27.182.48 - - [03/Mar/2022:13:21:45 +0000] "POST /ges/logon.do HTTP/1.1" 200 8033
172.27.180.174 - admin [03/Mar/2022:13:21:50 +0000] "GET /manager/status/all?XML=true HTTP/1.1" 200 2122
172.27.182.48 - - [03/Mar/2022:13:21:59 +0000] "GET /ges/newFactura.do?nis=7511&vigente=1 HTTP/1.1" 200 8696
172.27.180.174 - admin [03/Mar/2022:13:22:00 +0000] "GET /manager/status/all?XML=true HTTP/1.1" 200 2122
172.27.182.48 - - [03/Mar/2022:13:22:06 +0000] "GET /ges/newFactura_1.do?id_suministro=8182 HTTP/1.1" 200 13549
172.27.180.174 - admin [03/Mar/2022:13:22:10 +0000] "GET /manager/status/all?XML=true HTTP/1.1" 200 2122
172.27.180.174 - admin [03/Mar/2022:13:22:20 +0000] "GET /manager/status/all?XML=true HTTP/1.1" 200 2122
172.27.180.174 - admin [03/Mar/2022:13:22:30 +0000] "GET /manager/status/all?XML=true HTTP/1.1" 200 2122
172.27.182.48 - - [03/Mar/2022:13:22:34 +0000] "POST /ges/newFactura_2.do HTTP/1.1" 200 10721
172.27.180.174 - admin [03/Mar/2022:13:22:40 +0000] "GET /manager/status/all?XML=true HTTP/1.1" 200 2122
172.27.182.48 - - [03/Mar/2022:13:22:47 +0000] "POST /ges/newFactura_3.do HTTP/1.1" 200 21505
172.27.180.174 - admin [03/Mar/2022:13:22:50 +0000] "GET /manager/status/all?XML=true HTTP/1.1" 200 2122
172.27.180.174 - admin [03/Mar/2022:13:23:00 +0000] "GET /manager/status/all?XML=true HTTP/1.1" 200 2122
172.27.182.48 - - [03/Mar/2022:13:23:05 +0000] "POST /ges/newFactura_4.do HTTP/1.1" 200 31300
172.27.180.174 - admin [03/Mar/2022:13:23:10 +0000] "GET /manager/status/all?XML=true HTTP/1.1" 200 2121
172.27.180.174 - admin [03/Mar/2022:13:23:20 +0000] "GET /manager/status/all?XML=true HTTP/1.1" 200 2121
172.27.182.48 - - [03/Mar/2022:13:23:29 +0000] "POST /ges/newFactura_4.do HTTP/1.1" 200 31285
172.27.180.174 - admin [03/Mar/2022:13:23:30 +0000] "GET /manager/status/all?XML=true HTTP/1.1" 200 2121
172.27.180.174 - admin [03/Mar/2022:13:23:40 +0000] "GET /manager/status/all?XML=true HTTP/1.1" 200 2121
172.27.180.174 - admin [03/Mar/2022:13:23:50 +0000] "GET /manager/status/all?XML=true HTTP/1.1" 200 2121
172.27.182.48 - - [03/Mar/2022:13:23:56 +0000] "POST /ges/newFactura_4.do HTTP/1.1" 200 31300
172.27.180.174 - admin [03/Mar/2022:13:24:00 +0000] "GET /manager/status/all?XML=true HTTP/1.1" 200 2121
172.27.182.48 - - [03/Mar/2022:13:24:07 +0000] "POST /ges/newFactura_3.do HTTP/1.1" 200 21509
172.27.180.174 - admin [03/Mar/2022:13:24:10 +0000] "GET /manager/status/all?XML=true HTTP/1.1" 200 2121
172.27.182.48 - - [03/Mar/2022:13:24:16 +0000] "POST /ges/newFactura_4.do HTTP/1.1" 200 31286
172.27.180.174 - admin [03/Mar/2022:13:24:20 +0000] "GET /manager/status/all?XML=true HTTP/1.1" 200 2121
172.27.180.174 - admin [03/Mar/2022:13:24:30 +0000] "GET /manager/status/all?XML=true HTTP/1.1" 200 2121
172.27.180.174 - admin [03/Mar/2022:13:24:40 +0000] "GET /manager/status/all?XML=true HTTP/1.1" 200 2121
172.27.180.174 - admin [03/Mar/2022:13:24:50 +0000] "GET /manager/status/all?XML=true HTTP/1.1" 200 2121
172.27.182.48 - - [03/Mar/2022:13:24:53 +0000] "GET /ges/newFactura.do HTTP/1.1" 200 8033
172.27.182.48 - - [03/Mar/2022:13:24:57 +0000] "GET /ges/newFactura.do?nis=7511&vigente=1 HTTP/1.1" 200 8696
172.27.180.174 - admin [03/Mar/2022:13:25:00 +0000] "GET /manager/status/all?XML=true HTTP/1.1" 200 2121
172.27.182.48 - - [03/Mar/2022:13:25:00 +0000] "GET /ges/newFactura_1.do?id_suministro=8182 HTTP/1.1" 200 13609
172.27.180.174 - admin [03/Mar/2022:13:25:10 +0000] "GET /manager/status/all?XML=true HTTP/1.1" 200 2121
172.27.182.48 - - [03/Mar/2022:13:25:18 +0000] "POST /ges/newFactura_2.do HTTP/1.1" 200 10721
172.27.180.174 - admin [03/Mar/2022:13:25:20 +0000] "GET /manager/status/all?XML=true HTTP/1.1" 200 2121
172.27.182.48 - - [03/Mar/2022:13:25:24 +0000] "POST /ges/newFactura_3.do HTTP/1.1" 200 21505
172.27.180.174 - admin [03/Mar/2022:13:25:30 +0000] "GET /manager/status/all?XML=true HTTP/1.1" 200 2122
172.27.182.48 - - [03/Mar/2022:13:25:31 +0000] "POST /ges/newFactura_4.do HTTP/1.1" 200 31287
172.27.180.174 - admin [03/Mar/2022:13:25:40 +0000] "GET /manager/status/all?XML=true HTTP/1.1" 200 2122
172.27.182.48 - - [03/Mar/2022:13:25:40 +0000] "POST /ges/newFactura_4.do HTTP/1.1" 200 32336
172.27.180.174 - admin [03/Mar/2022:13:25:50 +0000] "GET /manager/status/all?XML=true HTTP/1.1" 200 2122
172.27.182.48 - - [03/Mar/2022:13:25:50 +0000] "GET /ges/newFactura.do HTTP/1.1" 200 8033
172.27.180.174 - admin [03/Mar/2022:13:26:00 +0000] "GET /manager/status/all?XML=true HTTP/1.1" 200 2122
172.27.182.48 - - [03/Mar/2022:13:26:01 +0000] "GET /ges/newFactura.do?nis=7511&vigente=1 HTTP/1.1" 200 8696
172.27.182.48 - - [03/Mar/2022:13:26:03 +0000] "GET /ges/newFactura_1.do?id_suministro=8182 HTTP/1.1" 200 13609
172.27.180.174 - admin [03/Mar/2022:13:26:10 +0000] "GET /manager/status/all?XML=true HTTP/1.1" 200 2122
172.27.182.48 - - [03/Mar/2022:13:26:18 +0000] "POST /ges/newFactura_2.do HTTP/1.1" 200 10721
172.27.180.174 - admin [03/Mar/2022:13:26:20 +0000] "GET /manager/status/all?XML=true HTTP/1.1" 200 2122
172.27.182.48 - - [03/Mar/2022:13:26:22 +0000] "POST /ges/newFactura_3.do HTTP/1.1" 200 21505
172.27.182.48 - - [03/Mar/2022:13:26:27 +0000] "POST /ges/newFactura_4.do HTTP/1.1" 200 31286
172.27.180.174 - admin [03/Mar/2022:13:26:30 +0000] "GET /manager/status/all?XML=true HTTP/1.1" 200 2122
172.27.182.48 - - [03/Mar/2022:13:26:31 +0000] "POST /ges/newFactura_4.do HTTP/1.1" 200 32335
172.27.180.174 - admin [03/Mar/2022:13:26:40 +0000] "GET /manager/status/all?XML=true HTTP/1.1" 200 2122
172.27.180.174 - admin [03/Mar/2022:13:26:50 +0000] "GET /manager/status/all?XML=true HTTP/1.1" 200 2122
172.27.182.48 - - [03/Mar/2022:13:26:58 +0000] "GET /ges/newFactura.do HTTP/1.1" 200 8033
172.27.180.174 - admin [03/Mar/2022:13:27:00 +0000] "GET /manager/status/all?XML=true HTTP/1.1" 200 2122
172.27.182.48 - - [03/Mar/2022:13:27:03 +0000] "GET /ges/newFactura.do?nis=7511&vigente=1 HTTP/1.1" 200 8696
172.27.182.48 - - [03/Mar/2022:13:27:05 +0000] "GET /ges/newFactura_1.do?id_suministro=8182 HTTP/1.1" 200 13609
172.27.182.48 - - [03/Mar/2022:13:27:09 +0000] "POST /ges/newFactura_2.do HTTP/1.1" 200 10721
172.27.180.174 - admin [03/Mar/2022:13:27:10 +0000] "GET /manager/status/all?XML=true HTTP/1.1" 200 2122
172.27.180.174 - admin [03/Mar/2022:13:27:20 +0000] "GET /manager/status/all?XML=true HTTP/1.1" 200 2122
172.27.182.48 - - [03/Mar/2022:13:27:22 +0000] "POST /ges/newFactura_2.do HTTP/1.1" 200 10721
172.27.180.174 - admin [03/Mar/2022:13:27:30 +0000] "GET /manager/status/all?XML=true HTTP/1.1" 200 2122
172.27.182.48 - - [03/Mar/2022:13:27:32 +0000] "POST /ges/newFactura_3.do HTTP/1.1" 200 21505
172.27.182.48 - - [03/Mar/2022:13:27:37 +0000] "POST /ges/newFactura_4.do HTTP/1.1" 200 31287
172.27.180.174 - admin [03/Mar/2022:13:27:40 +0000] "GET /manager/status/all?XML=true HTTP/1.1" 200 2122
172.27.182.48 - - [03/Mar/2022:13:27:42 +0000] "POST /ges/newFactura_4.do HTTP/1.1" 200 32336
172.27.180.174 - admin [03/Mar/2022:13:27:50 +0000] "GET /manager/status/all?XML=true HTTP/1.1" 200 2122
172.27.180.174 - admin [03/Mar/2022:13:28:00 +0000] "GET /manager/status/all?XML=true HTTP/1.1" 200 2122
172.27.182.48 - - [03/Mar/2022:13:28:01 +0000] "POST /ges/newFactura_4.do HTTP/1.1" 200 7836
172.27.180.174 - admin [03/Mar/2022:13:28:10 +0000] "GET /manager/status/all?XML=true HTTP/1.1" 200 2122
172.27.180.174 - admin [03/Mar/2022:13:28:20 +0000] "GET /manager/status/all?XML=true HTTP/1.1" 200 2122
172.27.180.174 - admin [03/Mar/2022:13:28:30 +0000] "GET /manager/status/all?XML=true HTTP/1.1" 200 2122
172.27.180.174 - admin [03/Mar/2022:13:28:40 +0000] "GET /manager/status/all?XML=true HTTP/1.1" 200 2122
172.27.180.174 - admin [03/Mar/2022:13:28:50 +0000] "GET /manager/status/all?XML=true HTTP/1.1" 200 2122
172.27.180.174 - admin [03/Mar/2022:13:29:00 +0000] "GET /manager/status/all?XML=true HTTP/1.1" 200 2122
172.27.180.174 - admin [03/Mar/2022:13:29:10 +0000] "GET /manager/status/all?XML=true HTTP/1.1" 200 2122
172.27.182.48 - - [03/Mar/2022:13:29:17 +0000] "GET /ges/newFactura.do HTTP/1.1" 200 8033
172.27.180.174 - admin [03/Mar/2022:13:29:20 +0000] "GET /manager/status/all?XML=true HTTP/1.1" 200 2122
172.27.180.174 - admin [03/Mar/2022:13:29:30 +0000] "GET /manager/status/all?XML=true HTTP/1.1" 200 2122
172.27.180.174 - admin [03/Mar/2022:13:29:40 +0000] "GET /manager/status/all?XML=true HTTP/1.1" 200 2122
172.27.180.174 - admin [03/Mar/2022:13:29:50 +0000] "GET /manager/status/all?XML=true HTTP/1.1" 200 2122
172.27.182.48 - - [03/Mar/2022:13:29:56 +0000] "GET /ges/newFactura.do?nis=8266&vigente=1 HTTP/1.1" 200 8481
172.27.182.48 - - [03/Mar/2022:13:29:57 +0000] "GET /ges/newFactura_1.do?action=newFactura_1&id_suministro=8186 HTTP/1.1" 200 13609
172.27.180.174 - admin [03/Mar/2022:13:30:00 +0000] "GET /manager/status/all?XML=true HTTP/1.1" 200 2122
172.27.180.174 - admin [03/Mar/2022:13:30:10 +0000] "GET /manager/status/all?XML=true HTTP/1.1" 200 2122
172.27.182.48 - - [03/Mar/2022:13:30:16 +0000] "POST /ges/newFactura_2.do HTTP/1.1" 200 10721
172.27.180.174 - admin [03/Mar/2022:13:30:20 +0000] "GET /manager/status/all?XML=true HTTP/1.1" 200 2122
172.27.180.174 - admin [03/Mar/2022:13:30:30 +0000] "GET /manager/status/all?XML=true HTTP/1.1" 200 2122
172.27.180.174 - admin [03/Mar/2022:13:30:40 +0000] "GET /manager/status/all?XML=true HTTP/1.1" 200 2122
172.27.182.48 - - [03/Mar/2022:13:30:45 +0000] "POST /ges/newFactura_3.do HTTP/1.1" 200 21502
172.27.180.174 - admin [03/Mar/2022:13:30:50 +0000] "GET /manager/status/all?XML=true HTTP/1.1" 200 2122
172.27.182.48 - - [03/Mar/2022:13:30:56 +0000] "POST /ges/newFactura_3.do HTTP/1.1" 200 21502
172.27.180.174 - admin [03/Mar/2022:13:31:00 +0000] "GET /manager/status/all?XML=true HTTP/1.1" 200 2122
172.27.180.174 - admin [03/Mar/2022:13:31:10 +0000] "GET /manager/status/all?XML=true HTTP/1.1" 200 2122
172.27.110.58 - - [03/Mar/2022:13:31:10 +0000] "GET /ges/selectSuministro.do HTTP/1.1" 200 8698
172.27.182.48 - - [03/Mar/2022:13:31:19 +0000] "POST /ges/newFactura_4.do HTTP/1.1" 200 31291
172.27.180.174 - admin [03/Mar/2022:13:31:20 +0000] "GET /manager/status/all?XML=true HTTP/1.1" 200 2122
172.27.182.48 - - [03/Mar/2022:13:31:29 +0000] "POST /ges/newFactura_4.do HTTP/1.1" 200 32340
172.27.180.174 - admin [03/Mar/2022:13:31:30 +0000] "GET /manager/status/all?XML=true HTTP/1.1" 200 2122
172.27.180.174 - admin [03/Mar/2022:13:31:40 +0000] "GET /manager/status/all?XML=true HTTP/1.1" 200 2122
172.27.182.48 - - [03/Mar/2022:13:31:46 +0000] "POST /ges/newFactura_4.do HTTP/1.1" 200 7836
172.27.182.48 - - [03/Mar/2022:13:31:48 +0000] "POST /ges/newFactura.do HTTP/1.1" 200 8033
172.27.180.174 - admin [03/Mar/2022:13:31:50 +0000] "GET /manager/status/all?XML=true HTTP/1.1" 200 2122
172.27.180.174 - admin [03/Mar/2022:13:32:00 +0000] "GET /manager/status/all?XML=true HTTP/1.1" 200 2122
172.27.182.48 - - [03/Mar/2022:13:32:04 +0000] "GET /ges/newFactura.do?nis=9607&vigente=1 HTTP/1.1" 200 8481
172.27.182.48 - - [03/Mar/2022:13:32:04 +0000] "GET /ges/newFactura_1.do?action=newFactura_1&id_suministro=8296 HTTP/1.1" 200 13631
172.27.180.174 - admin [03/Mar/2022:13:32:10 +0000] "GET /manager/status/all?XML=true HTTP/1.1" 200 2122
172.27.182.48 - - [03/Mar/2022:13:32:16 +0000] "POST /ges/newFactura_2.do HTTP/1.1" 200 10743
172.27.180.174 - admin [03/Mar/2022:13:32:20 +0000] "GET /manager/status/all?XML=true HTTP/1.1" 200 2122
172.27.180.174 - admin [03/Mar/2022:13:32:30 +0000] "GET /manager/status/all?XML=true HTTP/1.1" 200 2122
172.27.180.174 - admin [03/Mar/2022:13:32:40 +0000] "GET /manager/status/all?XML=true HTTP/1.1" 200 2122
172.27.182.48 - - [03/Mar/2022:13:32:45 +0000] "POST /ges/newFactura_3.do HTTP/1.1" 200 21521
172.27.180.174 - admin [03/Mar/2022:13:32:50 +0000] "GET /manager/status/all?XML=true HTTP/1.1" 200 2122
172.27.182.48 - - [03/Mar/2022:13:32:57 +0000] "POST /ges/newFactura_4.do HTTP/1.1" 200 28566
172.27.180.174 - admin [03/Mar/2022:13:33:00 +0000] "GET /manager/status/all?XML=true HTTP/1.1" 200 2122
172.27.182.48 - - [03/Mar/2022:13:33:00 +0000] "POST /ges/newFactura_4.do HTTP/1.1" 200 7836
172.27.182.48 - - [03/Mar/2022:13:33:00 +0000] "POST /ges/newFactura.do HTTP/1.1" 200 8033
172.27.180.174 - admin [03/Mar/2022:13:33:10 +0000] "GET /manager/status/all?XML=true HTTP/1.1" 200 2122
172.27.180.174 - admin [03/Mar/2022:13:33:20 +0000] "GET /manager/status/all?XML=true HTTP/1.1" 200 2122
172.27.180.174 - admin [03/Mar/2022:13:33:30 +0000] "GET /manager/status/all?XML=true HTTP/1.1" 200 2122
172.27.180.174 - admin [03/Mar/2022:13:33:40 +0000] "GET /manager/status/all?XML=true HTTP/1.1" 200 2122
172.27.182.48 - - [03/Mar/2022:13:33:47 +0000] "GET /ges/newFactura.do?nis=9607&vigente=1 HTTP/1.1" 200 8481
172.27.182.48 - - [03/Mar/2022:13:33:47 +0000] "GET /ges/newFactura_1.do?action=newFactura_1&id_suministro=8296 HTTP/1.1" 200 13631
172.27.180.174 - admin [03/Mar/2022:13:33:50 +0000] "GET /manager/status/all?XML=true HTTP/1.1" 200 2122
172.27.182.48 - - [03/Mar/2022:13:33:57 +0000] "POST /ges/newFactura_2.do HTTP/1.1" 200 10743
172.27.180.174 - admin [03/Mar/2022:13:34:00 +0000] "GET /manager/status/all?XML=true HTTP/1.1" 200 2122
172.27.182.48 - - [03/Mar/2022:13:34:03 +0000] "POST /ges/newFactura_3.do HTTP/1.1" 200 21521
172.27.182.48 - - [03/Mar/2022:13:34:07 +0000] "POST /ges/newFactura_4.do HTTP/1.1" 200 28566
172.27.180.174 - admin [03/Mar/2022:13:34:10 +0000] "GET /manager/status/all?XML=true HTTP/1.1" 200 2122
172.27.182.48 - - [03/Mar/2022:13:34:10 +0000] "POST /ges/newFactura_4.do HTTP/1.1" 200 7836
172.27.182.48 - - [03/Mar/2022:13:34:11 +0000] "POST /ges/newFactura.do HTTP/1.1" 200 8033
172.27.180.174 - admin [03/Mar/2022:13:34:20 +0000] "GET /manager/status/all?XML=true HTTP/1.1" 200 2122
172.27.182.48 - - [03/Mar/2022:13:34:27 +0000] "GET /ges/newFactura.do?nis=8266&vigente=1 HTTP/1.1" 200 8481
172.27.182.48 - - [03/Mar/2022:13:34:28 +0000] "GET /ges/newFactura_1.do?action=newFactura_1&id_suministro=8186 HTTP/1.1" 200 13609
172.27.180.174 - admin [03/Mar/2022:13:34:30 +0000] "GET /manager/status/all?XML=true HTTP/1.1" 200 2122
172.27.182.48 - - [03/Mar/2022:13:34:31 +0000] "POST /ges/newFactura_2.do HTTP/1.1" 200 10721
172.27.180.174 - admin [03/Mar/2022:13:34:40 +0000] "GET /manager/status/all?XML=true HTTP/1.1" 200 2122
172.27.180.174 - admin [03/Mar/2022:13:34:50 +0000] "GET /manager/status/all?XML=true HTTP/1.1" 200 2122
172.27.180.174 - admin [03/Mar/2022:13:35:00 +0000] "GET /manager/status/all?XML=true HTTP/1.1" 200 2122
172.27.182.48 - - [03/Mar/2022:13:35:02 +0000] "POST /ges/newFactura_3.do HTTP/1.1" 200 10869
172.27.182.48 - - [03/Mar/2022:13:35:09 +0000] "POST /ges/newFactura_3.do HTTP/1.1" 200 21503
172.27.180.174 - admin [03/Mar/2022:13:35:10 +0000] "GET /manager/status/all?XML=true HTTP/1.1" 200 2122
172.27.180.174 - admin [03/Mar/2022:13:35:20 +0000] "GET /manager/status/all?XML=true HTTP/1.1" 200 2122
172.27.182.48 - - [03/Mar/2022:13:35:22 +0000] "POST /ges/newFactura_3.do HTTP/1.1" 200 21503
172.27.180.174 - admin [03/Mar/2022:13:35:30 +0000] "GET /manager/status/all?XML=true HTTP/1.1" 200 2122
172.27.182.48 - - [03/Mar/2022:13:35:33 +0000] "POST /ges/newFactura_4.do HTTP/1.1" 200 31291
172.27.180.174 - admin [03/Mar/2022:13:35:40 +0000] "GET /manager/status/all?XML=true HTTP/1.1" 200 2123
172.27.180.174 - admin [03/Mar/2022:13:35:50 +0000] "GET /manager/status/all?XML=true HTTP/1.1" 200 2123
172.27.180.174 - admin [03/Mar/2022:13:36:00 +0000] "GET /manager/status/all?XML=true HTTP/1.1" 200 2123
172.27.180.174 - admin [03/Mar/2022:13:36:10 +0000] "GET /manager/status/all?XML=true HTTP/1.1" 200 2123
172.27.180.174 - admin [03/Mar/2022:13:36:20 +0000] "GET /manager/status/all?XML=true HTTP/1.1" 200 2123
172.27.182.48 - - [03/Mar/2022:13:36:24 +0000] "GET /ges/newFactura.do HTTP/1.1" 200 8033
172.27.180.206 - - [03/Mar/2022:13:36:25 +0000] "GET /ges/selectSuministro.do?nis=0139599876 HTTP/1.1" 200 9110
172.27.180.206 - - [03/Mar/2022:13:36:26 +0000] "GET /ges/showSuministro.do?id_suministro=109454 HTTP/1.1" 200 112565
172.27.180.206 - - [03/Mar/2022:13:36:26 +0000] "GET /ges/popcalendar.js HTTP/1.1" 404 1033
172.27.180.206 - - [03/Mar/2022:13:36:26 +0000] "GET /ges/validation.js HTTP/1.1" 404 1032
172.27.182.48 - - [03/Mar/2022:13:36:28 +0000] "GET /ges/newFactura.do?nis=9608&vigente=1 HTTP/1.1" 200 8481
172.27.182.48 - - [03/Mar/2022:13:36:29 +0000] "GET /ges/newFactura_1.do?action=newFactura_1&id_suministro=8237 HTTP/1.1" 200 13734
172.27.180.174 - admin [03/Mar/2022:13:36:30 +0000] "GET /manager/status/all?XML=true HTTP/1.1" 200 2123
172.27.182.48 - - [03/Mar/2022:13:36:34 +0000] "POST /ges/newFactura_2.do HTTP/1.1" 200 10846
172.27.180.174 - admin [03/Mar/2022:13:36:40 +0000] "GET /manager/status/all?XML=true HTTP/1.1" 200 2123
172.27.182.48 - - [03/Mar/2022:13:36:45 +0000] "POST /ges/newFactura_2.do HTTP/1.1" 200 10846
172.27.180.174 - admin [03/Mar/2022:13:36:50 +0000] "GET /manager/status/all?XML=true HTTP/1.1" 200 2123
172.27.182.48 - - [03/Mar/2022:13:36:56 +0000] "POST /ges/newFactura_3.do HTTP/1.1" 200 21617
172.27.180.174 - admin [03/Mar/2022:13:37:00 +0000] "GET /manager/status/all?XML=true HTTP/1.1" 200 2123
172.27.182.48 - - [03/Mar/2022:13:37:00 +0000] "POST /ges/newFactura_4.do HTTP/1.1" 200 28669
172.27.182.48 - - [03/Mar/2022:13:37:03 +0000] "POST /ges/newFactura_4.do HTTP/1.1" 200 7836
172.27.182.48 - - [03/Mar/2022:13:37:03 +0000] "POST /ges/newFactura.do HTTP/1.1" 200 8033
172.27.180.174 - admin [03/Mar/2022:13:37:10 +0000] "GET /manager/status/all?XML=true HTTP/1.1" 200 2123
172.27.110.58 - - [03/Mar/2022:13:37:12 +0000] "GET /ges/showFacturas.do HTTP/1.1" 200 24100
172.27.110.58 - - [03/Mar/2022:13:37:12 +0000] "GET /ges/images/cal.gif HTTP/1.1" 200 127
172.27.182.48 - - [03/Mar/2022:13:37:14 +0000] "GET /ges/newFactura.do HTTP/1.1" 200 8033
172.27.110.58 - - [03/Mar/2022:13:37:16 +0000] "POST /ges/showFacturas.do HTTP/1.1" 200 26465
172.27.110.58 - - [03/Mar/2022:13:37:17 +0000] "GET /ges/fonts/roboto/Roboto-Bold.woff2 HTTP/1.1" 200 49976
172.27.182.48 - - [03/Mar/2022:13:37:17 +0000] "GET /ges/newFactura.do?nis=9608&vigente=1 HTTP/1.1" 200 8481
172.27.182.48 - - [03/Mar/2022:13:37:18 +0000] "GET /ges/newFactura_1.do?action=newFactura_1&id_suministro=8237 HTTP/1.1" 200 13734
172.27.180.174 - admin [03/Mar/2022:13:37:20 +0000] "GET /manager/status/all?XML=true HTTP/1.1" 200 2123
172.27.180.174 - admin [03/Mar/2022:13:37:30 +0000] "GET /manager/status/all?XML=true HTTP/1.1" 200 2333
172.27.110.58 - - [03/Mar/2022:13:37:36 +0000] "POST /ges/showFacturas.do HTTP/1.1" 200 28359
172.27.182.48 - - [03/Mar/2022:13:37:38 +0000] "POST /ges/newFactura_2.do HTTP/1.1" 200 10846
172.27.180.174 - admin [03/Mar/2022:13:37:40 +0000] "GET /manager/status/all?XML=true HTTP/1.1" 200 2333
172.27.110.58 - - [03/Mar/2022:13:37:44 +0000] "GET /ges/images/copy.png HTTP/1.1" 200 559
172.27.110.58 - - [03/Mar/2022:13:37:44 +0000] "GET /ges/showSuministro.do?id_suministro=8136 HTTP/1.1" 200 429084
172.27.110.58 - - [03/Mar/2022:13:37:44 +0000] "GET /ges/popcalendar.js HTTP/1.1" 404 1033
172.27.110.58 - - [03/Mar/2022:13:37:44 +0000] "GET /ges/validation.js HTTP/1.1" 404 1032
172.27.110.58 - - [03/Mar/2022:13:37:44 +0000] "GET /ges/validation.js HTTP/1.1" 404 1032
172.27.180.174 - admin [03/Mar/2022:13:37:50 +0000] "GET /manager/status/all?XML=true HTTP/1.1" 200 2335
172.27.110.58 - - [03/Mar/2022:13:37:53 +0000] "GET /ges/showFactura.do?idSuministro=8136&anio=2019&mes=8 HTTP/1.1" 200 36893
172.27.182.48 - - [03/Mar/2022:13:37:57 +0000] "POST /ges/newFactura_3.do HTTP/1.1" 200 21617
172.27.182.48 - - [03/Mar/2022:13:37:58 +0000] "POST /ges/newFactura_4.do HTTP/1.1" 200 28669
172.27.180.174 - admin [03/Mar/2022:13:38:00 +0000] "GET /manager/status/all?XML=true HTTP/1.1" 200 2335
172.27.182.48 - - [03/Mar/2022:13:38:01 +0000] "POST /ges/newFactura_4.do HTTP/1.1" 200 7836
172.27.182.48 - - [03/Mar/2022:13:38:01 +0000] "POST /ges/newFactura.do HTTP/1.1" 200 8033
172.27.180.174 - admin [03/Mar/2022:13:38:10 +0000] "GET /manager/status/all?XML=true HTTP/1.1" 200 2335
172.27.182.48 - - [03/Mar/2022:13:38:15 +0000] "GET /ges/newFactura.do?nis=9609&vigente=1 HTTP/1.1" 200 8701
172.27.182.48 - - [03/Mar/2022:13:38:17 +0000] "GET /ges/newFactura_1.do?id_suministro=8215 HTTP/1.1" 200 13629
172.27.180.174 - admin [03/Mar/2022:13:38:20 +0000] "GET /manager/status/all?XML=true HTTP/1.1" 200 2335
172.27.182.48 - - [03/Mar/2022:13:38:23 +0000] "POST /ges/newFactura_2.do HTTP/1.1" 200 10741
172.27.180.174 - admin [03/Mar/2022:13:38:30 +0000] "GET /manager/status/all?XML=true HTTP/1.1" 200 2335
172.27.182.48 - - [03/Mar/2022:13:38:31 +0000] "POST /ges/newFactura_3.do HTTP/1.1" 200 21519
172.27.182.48 - - [03/Mar/2022:13:38:33 +0000] "POST /ges/newFactura_4.do HTTP/1.1" 200 28564
172.27.182.48 - - [03/Mar/2022:13:38:35 +0000] "POST /ges/newFactura_4.do HTTP/1.1" 200 7836
172.27.182.48 - - [03/Mar/2022:13:38:36 +0000] "POST /ges/newFactura.do HTTP/1.1" 200 8033
172.27.180.174 - admin [03/Mar/2022:13:38:40 +0000] "GET /manager/status/all?XML=true HTTP/1.1" 200 2335
172.27.180.174 - admin [03/Mar/2022:13:38:50 +0000] "GET /manager/status/all?XML=true HTTP/1.1" 200 2335
172.27.180.174 - admin [03/Mar/2022:13:39:00 +0000] "GET /manager/status/all?XML=true HTTP/1.1" 200 2335
172.27.180.174 - admin [03/Mar/2022:13:39:10 +0000] "GET /manager/status/all?XML=true HTTP/1.1" 200 2335
172.27.182.48 - - [03/Mar/2022:13:39:19 +0000] "GET /ges/newFactura.do?nis=9609&vigente=1 HTTP/1.1" 200 8701
172.27.180.174 - admin [03/Mar/2022:13:39:20 +0000] "GET /manager/status/all?XML=true HTTP/1.1" 200 2335
172.27.182.48 - - [03/Mar/2022:13:39:21 +0000] "GET /ges/newFactura_1.do?id_suministro=8215 HTTP/1.1" 200 13629
172.27.180.174 - admin [03/Mar/2022:13:39:30 +0000] "GET /manager/status/all?XML=true HTTP/1.1" 200 2335
172.27.182.48 - - [03/Mar/2022:13:39:37 +0000] "POST /ges/newFactura_2.do HTTP/1.1" 200 10741
172.27.180.174 - admin [03/Mar/2022:13:39:40 +0000] "GET /manager/status/all?XML=true HTTP/1.1" 200 2335
172.27.182.48 - - [03/Mar/2022:13:39:41 +0000] "POST /ges/newFactura_3.do HTTP/1.1" 200 21519
172.27.182.48 - - [03/Mar/2022:13:39:43 +0000] "POST /ges/newFactura_4.do HTTP/1.1" 200 28564
172.27.182.48 - - [03/Mar/2022:13:39:46 +0000] "POST /ges/newFactura_4.do HTTP/1.1" 200 7836
172.27.182.48 - - [03/Mar/2022:13:39:47 +0000] "POST /ges/newFactura.do HTTP/1.1" 200 8033
172.27.180.174 - admin [03/Mar/2022:13:39:50 +0000] "GET /manager/status/all?XML=true HTTP/1.1" 200 2335
172.27.180.174 - admin [03/Mar/2022:13:40:00 +0000] "GET /manager/status/all?XML=true HTTP/1.1" 200 2335
172.27.180.174 - admin [03/Mar/2022:13:40:10 +0000] "GET /manager/status/all?XML=true HTTP/1.1" 200 2335
172.27.180.174 - admin [03/Mar/2022:13:40:20 +0000] "GET /manager/status/all?XML=true HTTP/1.1" 200 2335
172.27.180.174 - admin [03/Mar/2022:13:40:30 +0000] "GET /manager/status/all?XML=true HTTP/1.1" 200 2335
172.27.180.174 - admin [03/Mar/2022:13:40:40 +0000] "GET /manager/status/all?XML=true HTTP/1.1" 200 2335
172.27.180.174 - admin [03/Mar/2022:13:40:50 +0000] "GET /manager/status/all?XML=true HTTP/1.1" 200 2335
172.27.180.174 - admin [03/Mar/2022:13:41:00 +0000] "GET /manager/status/all?XML=true HTTP/1.1" 200 2335
172.27.180.174 - admin [03/Mar/2022:13:41:10 +0000] "GET /manager/status/all?XML=true HTTP/1.1" 200 2335
172.27.180.174 - admin [03/Mar/2022:13:41:20 +0000] "GET /manager/status/all?XML=true HTTP/1.1" 200 2335
172.27.180.174 - admin [03/Mar/2022:13:41:30 +0000] "GET /manager/status/all?XML=true HTTP/1.1" 200 2335
172.27.180.174 - admin [03/Mar/2022:13:41:40 +0000] "GET /manager/status/all?XML=true HTTP/1.1" 200 2335
172.27.180.174 - admin [03/Mar/2022:13:41:50 +0000] "GET /manager/status/all?XML=true HTTP/1.1" 200 2335
172.27.180.174 - admin [03/Mar/2022:13:42:00 +0000] "GET /manager/status/all?XML=true HTTP/1.1" 200 2335
172.27.180.174 - admin [03/Mar/2022:13:42:10 +0000] "GET /manager/status/all?XML=true HTTP/1.1" 200 2335
172.27.180.174 - admin [03/Mar/2022:13:42:20 +0000] "GET /manager/status/all?XML=true HTTP/1.1" 200 2335
172.27.180.174 - admin [03/Mar/2022:13:42:30 +0000] "GET /manager/status/all?XML=true HTTP/1.1" 200 2335
172.27.180.174 - admin [03/Mar/2022:13:42:40 +0000] "GET /manager/status/all?XML=true HTTP/1.1" 200 2335
172.27.180.174 - admin [03/Mar/2022:13:42:50 +0000] "GET /manager/status/all?XML=true HTTP/1.1" 200 2335
172.27.180.174 - admin [03/Mar/2022:13:43:00 +0000] "GET /manager/status/all?XML=true HTTP/1.1" 200 2335
172.27.180.206 - - [03/Mar/2022:13:43:00 +0000] "GET /ges/selectSuministro.do?nis=%201450812-01 HTTP/1.1" 200 8698
172.27.180.206 - - [03/Mar/2022:13:43:03 +0000] "GET /ges/selectSuministro.do?nis=%201450812-01 HTTP/1.1" 200 8698
172.27.180.206 - - [03/Mar/2022:13:43:05 +0000] "GET /ges/selectSuministro.do?nis=%201450812 HTTP/1.1" 200 8698
172.27.180.206 - - [03/Mar/2022:13:43:06 +0000] "GET /ges/selectSuministro.do?nis=%201450812 HTTP/1.1" 200 8698
172.27.180.206 - - [03/Mar/2022:13:43:06 +0000] "GET /ges/selectSuministro.do?nis=%201450812 HTTP/1.1" 200 8698
172.27.180.206 - - [03/Mar/2022:13:43:06 +0000] "GET /ges/selectSuministro.do?nis=%201450812 HTTP/1.1" 200 8698
172.27.180.174 - admin [03/Mar/2022:13:43:10 +0000] "GET /manager/status/all?XML=true HTTP/1.1" 200 2335
172.27.180.206 - - [03/Mar/2022:13:43:12 +0000] "GET /ges/selectSuministro.do?nis=0812 HTTP/1.1" 200 9342
172.27.180.206 - - [03/Mar/2022:13:43:18 +0000] "GET /ges/showSuministro.do?id_suministro=8247 HTTP/1.1" 200 434996
172.27.180.206 - - [03/Mar/2022:13:43:18 +0000] "GET /ges/popcalendar.js HTTP/1.1" 404 1033
172.27.180.206 - - [03/Mar/2022:13:43:18 +0000] "GET /ges/validation.js HTTP/1.1" 404 1032
172.27.180.206 - - [03/Mar/2022:13:43:18 +0000] "GET /ges/validation.js HTTP/1.1" 404 1032
172.27.180.174 - admin [03/Mar/2022:13:43:20 +0000] "GET /manager/status/all?XML=true HTTP/1.1" 200 2334
172.27.180.174 - admin [03/Mar/2022:13:43:30 +0000] "GET /manager/status/all?XML=true HTTP/1.1" 200 2334
172.27.180.174 - admin [03/Mar/2022:13:43:40 +0000] "GET /manager/status/all?XML=true HTTP/1.1" 200 2334
172.27.180.174 - admin [03/Mar/2022:13:43:50 +0000] "GET /manager/status/all?XML=true HTTP/1.1" 200 2334
172.27.180.174 - admin [03/Mar/2022:13:44:00 +0000] "GET /manager/status/all?XML=true HTTP/1.1" 200 2334
172.27.180.174 - admin [03/Mar/2022:13:44:10 +0000] "GET /manager/status/all?XML=true HTTP/1.1" 200 2334
172.27.182.48 - - [03/Mar/2022:13:44:16 +0000] "GET /ges/newFactura.do?nis=8266&vigente=1 HTTP/1.1" 200 8481
172.27.182.48 - - [03/Mar/2022:13:44:17 +0000] "GET /ges/newFactura_1.do?action=newFactura_1&id_suministro=8186 HTTP/1.1" 200 13609
172.27.180.174 - admin [03/Mar/2022:13:44:20 +0000] "GET /manager/status/all?XML=true HTTP/1.1" 200 2334
172.27.180.174 - admin [03/Mar/2022:13:44:30 +0000] "GET /manager/status/all?XML=true HTTP/1.1" 200 2334
172.27.182.48 - - [03/Mar/2022:13:44:35 +0000] "POST /ges/newFactura_2.do HTTP/1.1" 200 10721
172.27.180.174 - admin [03/Mar/2022:13:44:40 +0000] "GET /manager/status/all?XML=true HTTP/1.1" 200 2335
172.27.180.174 - admin [03/Mar/2022:13:44:50 +0000] "GET /manager/status/all?XML=true HTTP/1.1" 200 2335
172.27.182.48 - - [03/Mar/2022:13:44:50 +0000] "POST /ges/newFactura_3.do HTTP/1.1" 200 21503
172.27.180.174 - admin [03/Mar/2022:13:45:00 +0000] "GET /manager/status/all?XML=true HTTP/1.1" 200 2335
172.27.182.48 - - [03/Mar/2022:13:45:04 +0000] "POST /ges/newFactura_4.do HTTP/1.1" 200 31291
172.27.180.174 - admin [03/Mar/2022:13:45:10 +0000] "GET /manager/status/all?XML=true HTTP/1.1" 200 2335
172.27.180.174 - admin [03/Mar/2022:13:45:20 +0000] "GET /manager/status/all?XML=true HTTP/1.1" 200 2335
172.27.182.48 - - [03/Mar/2022:13:45:28 +0000] "POST /ges/newFactura_4.do HTTP/1.1" 200 32969
172.27.180.174 - admin [03/Mar/2022:13:45:30 +0000] "GET /manager/status/all?XML=true HTTP/1.1" 200 2336
172.27.180.174 - admin [03/Mar/2022:13:45:40 +0000] "GET /manager/status/all?XML=true HTTP/1.1" 200 2336
172.27.182.48 - - [03/Mar/2022:13:45:48 +0000] "POST /ges/newFactura_4.do HTTP/1.1" 200 34005
172.27.180.174 - admin [03/Mar/2022:13:45:50 +0000] "GET /manager/status/all?XML=true HTTP/1.1" 200 2336
172.27.180.174 - admin [03/Mar/2022:13:46:00 +0000] "GET /manager/status/all?XML=true HTTP/1.1" 200 2336
172.27.180.174 - admin [03/Mar/2022:13:46:10 +0000] "GET /manager/status/all?XML=true HTTP/1.1" 200 2336
172.27.180.174 - admin [03/Mar/2022:13:46:20 +0000] "GET /manager/status/all?XML=true HTTP/1.1" 200 2336
172.27.180.174 - admin [03/Mar/2022:13:46:30 +0000] "GET /manager/status/all?XML=true HTTP/1.1" 200 2336
172.27.180.174 - admin [03/Mar/2022:13:46:40 +0000] "GET /manager/status/all?XML=true HTTP/1.1" 200 2336
172.27.180.174 - admin [03/Mar/2022:13:46:50 +0000] "GET /manager/status/all?XML=true HTTP/1.1" 200 2336
172.27.182.48 - - [03/Mar/2022:13:46:58 +0000] "POST /ges/newFactura_4.do HTTP/1.1" 200 31311
172.27.180.174 - admin [03/Mar/2022:13:47:00 +0000] "GET /manager/status/all?XML=true HTTP/1.1" 200 2336
172.27.180.174 - admin [03/Mar/2022:13:47:10 +0000] "GET /manager/status/all?XML=true HTTP/1.1" 200 2336
172.27.180.174 - admin [03/Mar/2022:13:47:20 +0000] "GET /manager/status/all?XML=true HTTP/1.1" 200 2336
172.27.180.174 - admin [03/Mar/2022:13:47:30 +0000] "GET /manager/status/all?XML=true HTTP/1.1" 200 2336
172.27.182.48 - - [03/Mar/2022:13:47:37 +0000] "POST /ges/newFactura_4.do HTTP/1.1" 200 32969
172.27.180.174 - admin [03/Mar/2022:13:47:40 +0000] "GET /manager/status/all?XML=true HTTP/1.1" 200 2336
172.27.182.48 - - [03/Mar/2022:13:47:41 +0000] "POST /ges/newFactura_4.do HTTP/1.1" 200 34005
172.27.180.174 - admin [03/Mar/2022:13:47:50 +0000] "GET /manager/status/all?XML=true HTTP/1.1" 200 2336
172.27.180.174 - admin [03/Mar/2022:13:48:00 +0000] "GET /manager/status/all?XML=true HTTP/1.1" 200 2336
172.27.180.174 - admin [03/Mar/2022:13:48:10 +0000] "GET /manager/status/all?XML=true HTTP/1.1" 200 2336
172.27.180.174 - admin [03/Mar/2022:13:48:20 +0000] "GET /manager/status/all?XML=true HTTP/1.1" 200 2336
172.27.182.48 - - [03/Mar/2022:13:48:20 +0000] "POST /ges/newFactura_4.do HTTP/1.1" 200 35034
172.27.180.174 - admin [03/Mar/2022:13:48:30 +0000] "GET /manager/status/all?XML=true HTTP/1.1" 200 2336
172.27.180.174 - admin [03/Mar/2022:13:48:40 +0000] "GET /manager/status/all?XML=true HTTP/1.1" 200 2336
172.27.180.174 - admin [03/Mar/2022:13:48:50 +0000] "GET /manager/status/all?XML=true HTTP/1.1" 200 2336
172.27.182.48 - - [03/Mar/2022:13:48:52 +0000] "POST /ges/newFactura_4.do HTTP/1.1" 200 31311
172.27.180.174 - admin [03/Mar/2022:13:49:00 +0000] "GET /manager/status/all?XML=true HTTP/1.1" 200 2336
172.27.180.174 - admin [03/Mar/2022:13:49:10 +0000] "GET /manager/status/all?XML=true HTTP/1.1" 200 2336
172.27.180.174 - admin [03/Mar/2022:13:49:20 +0000] "GET /manager/status/all?XML=true HTTP/1.1" 200 2336
172.27.180.174 - admin [03/Mar/2022:13:49:30 +0000] "GET /manager/status/all?XML=true HTTP/1.1" 200 2336
172.27.180.174 - admin [03/Mar/2022:13:49:40 +0000] "GET /manager/status/all?XML=true HTTP/1.1" 200 2336
172.27.180.174 - admin [03/Mar/2022:13:49:50 +0000] "GET /manager/status/all?XML=true HTTP/1.1" 200 2336
172.27.180.174 - admin [03/Mar/2022:13:50:00 +0000] "GET /manager/status/all?XML=true HTTP/1.1" 200 2336
172.27.180.174 - admin [03/Mar/2022:13:50:10 +0000] "GET /manager/status/all?XML=true HTTP/1.1" 200 2336
172.27.180.174 - admin [03/Mar/2022:13:50:20 +0000] "GET /manager/status/all?XML=true HTTP/1.1" 200 2336
172.27.180.174 - admin [03/Mar/2022:13:50:30 +0000] "GET /manager/status/all?XML=true HTTP/1.1" 200 2336
172.27.180.174 - admin [03/Mar/2022:13:50:40 +0000] "GET /manager/status/all?XML=true HTTP/1.1" 200 2336
172.27.180.174 - admin [03/Mar/2022:13:50:50 +0000] "GET /manager/status/all?XML=true HTTP/1.1" 200 2336
172.27.180.174 - admin [03/Mar/2022:13:51:00 +0000] "GET /manager/status/all?XML=true HTTP/1.1" 200 2336
172.27.180.174 - admin [03/Mar/2022:13:51:10 +0000] "GET /manager/status/all?XML=true HTTP/1.1" 200 2336
172.27.180.174 - admin [03/Mar/2022:13:51:20 +0000] "GET /manager/status/all?XML=true HTTP/1.1" 200 2336
172.27.180.174 - admin [03/Mar/2022:13:51:30 +0000] "GET /manager/status/all?XML=true HTTP/1.1" 200 2336
172.27.180.174 - admin [03/Mar/2022:13:51:40 +0000] "GET /manager/status/all?XML=true HTTP/1.1" 200 2336
172.27.180.174 - admin [03/Mar/2022:13:51:50 +0000] "GET /manager/status/all?XML=true HTTP/1.1" 200 2336
172.27.180.174 - admin [03/Mar/2022:13:52:00 +0000] "GET /manager/status/all?XML=true HTTP/1.1" 200 2336
172.27.180.174 - admin [03/Mar/2022:13:52:10 +0000] "GET /manager/status/all?XML=true HTTP/1.1" 200 2336
172.27.180.174 - admin [03/Mar/2022:13:52:20 +0000] "GET /manager/status/all?XML=true HTTP/1.1" 200 2336
172.27.180.174 - admin [03/Mar/2022:13:52:30 +0000] "GET /manager/status/all?XML=true HTTP/1.1" 200 2336
172.27.180.174 - admin [03/Mar/2022:13:52:40 +0000] "GET /manager/status/all?XML=true HTTP/1.1" 200 2336
172.27.180.174 - admin [03/Mar/2022:13:52:50 +0000] "GET /manager/status/all?XML=true HTTP/1.1" 200 2336
172.27.180.174 - admin [03/Mar/2022:13:53:00 +0000] "GET /manager/status/all?XML=true HTTP/1.1" 200 2336
172.27.180.174 - admin [03/Mar/2022:13:53:10 +0000] "GET /manager/status/all?XML=true HTTP/1.1" 200 2336
172.27.180.174 - admin [03/Mar/2022:13:53:20 +0000] "GET /manager/status/all?XML=true HTTP/1.1" 200 2336
172.27.180.174 - admin [03/Mar/2022:13:53:30 +0000] "GET /manager/status/all?XML=true HTTP/1.1" 200 2336
172.27.180.174 - admin [03/Mar/2022:13:53:40 +0000] "GET /manager/status/all?XML=true HTTP/1.1" 200 2336
172.27.180.174 - admin [03/Mar/2022:13:53:50 +0000] "GET /manager/status/all?XML=true HTTP/1.1" 200 2336
172.27.180.174 - admin [03/Mar/2022:13:54:00 +0000] "GET /manager/status/all?XML=true HTTP/1.1" 200 2336
172.27.180.174 - admin [03/Mar/2022:13:54:10 +0000] "GET /manager/status/all?XML=true HTTP/1.1" 200 2336
172.27.180.174 - admin [03/Mar/2022:13:54:20 +0000] "GET /manager/status/all?XML=true HTTP/1.1" 200 2336
172.27.180.174 - admin [03/Mar/2022:13:54:30 +0000] "GET /manager/status/all?XML=true HTTP/1.1" 200 2336
172.27.180.174 - admin [03/Mar/2022:13:54:40 +0000] "GET /manager/status/all?XML=true HTTP/1.1" 200 2336
172.27.180.174 - admin [03/Mar/2022:13:54:50 +0000] "GET /manager/status/all?XML=true HTTP/1.1" 200 2336
172.27.180.174 - admin [03/Mar/2022:13:55:00 +0000] "GET /manager/status/all?XML=true HTTP/1.1" 200 2336
172.27.180.174 - admin [03/Mar/2022:13:55:10 +0000] "GET /manager/status/all?XML=true HTTP/1.1" 200 2336
172.27.180.174 - admin [03/Mar/2022:13:55:20 +0000] "GET /manager/status/all?XML=true HTTP/1.1" 200 2336
172.27.180.174 - admin [03/Mar/2022:13:55:30 +0000] "GET /manager/status/all?XML=true HTTP/1.1" 200 2336
172.27.180.174 - admin [03/Mar/2022:13:55:40 +0000] "GET /manager/status/all?XML=true HTTP/1.1" 200 2336
172.27.180.174 - admin [03/Mar/2022:13:55:50 +0000] "GET /manager/status/all?XML=true HTTP/1.1" 200 2336
172.27.180.174 - admin [03/Mar/2022:13:56:00 +0000] "GET /manager/status/all?XML=true HTTP/1.1" 200 2336
172.27.180.174 - admin [03/Mar/2022:13:56:10 +0000] "GET /manager/status/all?XML=true HTTP/1.1" 200 2336
172.27.180.174 - admin [03/Mar/2022:13:56:20 +0000] "GET /manager/status/all?XML=true HTTP/1.1" 200 2336
172.27.180.174 - admin [03/Mar/2022:13:56:30 +0000] "GET /manager/status/all?XML=true HTTP/1.1" 200 2336
172.27.180.174 - admin [03/Mar/2022:13:56:40 +0000] "GET /manager/status/all?XML=true HTTP/1.1" 200 2336
172.27.180.174 - admin [03/Mar/2022:13:56:50 +0000] "GET /manager/status/all?XML=true HTTP/1.1" 200 2336
172.27.180.174 - admin [03/Mar/2022:13:57:00 +0000] "GET /manager/status/all?XML=true HTTP/1.1" 200 2336
172.27.180.174 - admin [03/Mar/2022:13:57:10 +0000] "GET /manager/status/all?XML=true HTTP/1.1" 200 2336
